05-18 18:23:06.184  1962  2035 I vndksupport: sphal namespace is not configured for this process. Loading /vendor/lib/hw/gralloc.bigfish.so from the current namespace instead.
05-18 18:23:06.186  2450  2510 I vndksupport: sphal namespace is not configured for this process. Loading /vendor/lib/hw/gralloc.bigfish.so from the current namespace instead.
05-18 18:23:06.193  1950  1950 I vndksupport: sphal namespace is not configured for this process. Loading /vendor/lib/hw/gralloc.bigfish.so from the current namespace instead.
05-18 18:23:06.761  2210  2306 W ActivityManager: Unable to start service Intent { act=com.google.android.gms.drive.ApiService.RESET_AFTER_BOOT flg=0x4 cmp=com.google.android.gms/.drive.api.ApiService (has extras) } U=0: not found
05-18 18:23:06.881  2966  3447 E GCM     : Missing checkin config file
05-18 18:23:06.882  2966  3447 W GCM     : GCM FAILED TO INITIALIZE - missing checkin
05-18 18:23:06.883  3523  4799 D FirebaseInstanceId: background sync failed: AUTHENTICATION_FAILED, retry in 80s
05-18 18:23:07.068  3048  4804 I GCM-GMS : Registering GMS 745476177629
05-18 18:23:07.083  2966  3447 E GCM     : Missing checkin config file
05-18 18:23:07.084  2966  3447 W GCM     : GCM FAILED TO INITIALIZE - missing checkin
05-18 18:23:07.085  3048  4804 W GCM-GMS : Failed to get registration: java.io.IOException: AUTHENTICATION_FAILED
05-18 18:23:07.170  2355  2694 D bt_btm  : btm_bda_to_acl found
05-18 18:23:07.170  2355  2694 D bt_att  : gatt_get_ch_state: ch_state=4
05-18 18:23:07.170  2355  2694 D bt_att  : gatt_process_notification 
05-18 18:23:07.170  2355  2694 D bt_att  : gatt_get_link_encrypt_status status=0x8d
05-18 18:23:07.170  2355  2694 D bt_btif : bta_gattc_cmpl_cback: conn_id = 3 op = 6 status = 141
05-18 18:23:07.170  2355  2694 I bt_att  : GATT_GetConnectionInfor conn_id=3
05-18 18:23:07.170  2355  2694 D bt_btif : bta_gattc_cmpl_cback: conn_id = 4 op = 6 status = 141
05-18 18:23:07.170  2355  2694 I bt_att  : GATT_GetConnectionInfor conn_id=4
05-18 18:23:07.170  2355  2694 D bt_btif : Notification registered!
05-18 18:23:07.170  2355  2694 D bt_btif : bta_gattc_proc_other_indication check                        p_data->att_value.handle=22 p_data->handle=0
05-18 18:23:07.170  2355  2694 D bt_btif : is_notify
05-18 18:23:07.170  2355  2694 D bt_btif : bta_hh_gattc_callback event = 10
05-18 18:23:07.170  2355  2694 D bt_btif : Notification received on report ID: 1
05-18 18:23:07.170  1963  1963 D         : read_message(L587): read buffer res: 0009
05-18 18:23:07.171  2355  2694 E RTKBT_VR_HIDRAW_BEE: RECV HOOK(6) arg={N/A}
05-18 18:23:07.171  2355  2694 D bt_btif : Notification Stolen by RTKBT
05-18 18:23:07.171  2355  2694 D bt_btif : bta_gattc_cmpl_cback: conn_id = 6 op = 6 status = 141
05-18 18:23:07.171  2355  2694 I bt_att  : GATT_GetConnectionInfor conn_id=6
05-18 18:23:07.171  2210  2312 D KeyLayoutMap: gc: scanCode=108, usageCode=0x00070051 
05-18 18:23:07.171  2210  2312 D KeyLayoutMap: gc: usageCode index =-2
05-18 18:23:07.171  2210  2312 E KeyLayoutMap: gc: index = 105
05-18 18:23:07.171  2210  2312 D KeyLayoutMap: gc: scanCode index =105
05-18 18:23:07.171  2210  2312 D KeyLayoutMap: mapKey: scanCode=108, usageCode=0x00070051 ~ Result keyCode=20, outFlags=0x00000000.
05-18 18:23:07.171  2210  2312 D InputDispatcher: notifyKey - eventTime=120730506000, deviceId=4, source=0x301, policyFlags=0x1, action=0x0, flags=0x8, keyCode=0x14, scanCode=0x6c, metaState=0x0, downTime=120730506000
05-18 18:23:07.171  2210  2312 D WindowManager: interceptKeyTq keycode=20 interactive=true keyguardActive=false policyFlags=22000001
05-18 18:23:07.171  2210  2312 D WindowManager: isSystemFilter, sys.isHandleSystemKey=1isUserSetupComplete->trueisDeviceProvisioned->true
05-18 18:23:07.172  2210  2312 D WindowManager: isSystemFilter, sys.isHandleSystemKey=1isUserSetupComplete->trueisDeviceProvisioned->true
05-18 18:23:07.172  2210  2312 D WindowManager: filterKeyEvent keycode not exist: 20
05-18 18:23:07.172  2210  2312 D WindowManager: filterKeyEvent isNeedFilter = false
05-18 18:23:07.172  2210  2312 D WindowManager: interceptKeyTq result=1
05-18 18:23:07.172  2210  2210 D AccessibilityManagerService: onKeyEvent, service=com.nttdocomo.android.devicehelp.access.AccessibilityServiceEx, mRequestFilterKey=true, mServiceInterface=non-null, mInfo->cap=9
05-18 18:23:07.179  2210  3084 D KeyEventDispatcher: setOnKeyEventResult, call back from client.
05-18 18:23:07.179  2210  2210 D InputDispatcher: injectInputEvent - eventType=1, injectorPid=0, injectorUid=0, syncMode=0, timeoutMillis=0, policyFlags=0x66000001
05-18 18:23:07.180  2210  2311 D InputDispatcher: mPendingEvent->type=2 (0:CONFIGURATION_CHANGED, 1:DEVICE_RESET, 2:KEY).
05-18 18:23:07.180  2210  2311 D InputDispatcher: dispatchKeyLocked->keyRepeatTimeout=500000000
05-18 18:23:07.181  2210  2311 D WindowManager: interceptKeyTi keyCode=20 down=true repeatCount=0 keyguardOn=false mHomePressed=false canceled=false
05-18 18:23:07.181  2210  2311 D WindowManager: interceptKeyTp result=0
05-18 18:23:07.181  2210  2311 D InputDispatcher: InterceptKeyBeforeDispatching, delay = 0.
05-18 18:23:07.181  2210  2311 D InputDispatcher: mPendingEvent->type=2 (0:CONFIGURATION_CHANGED, 1:DEVICE_RESET, 2:KEY).
05-18 18:23:07.189  2210  2311 I InputDispatcher: Window 'Window{b7ab212 u0 com.android.tv.settings/com.android.tv.settings.MainSettings}' spent 7.8ms processing the last input event: KeyEvent(deviceId=4, source=0x00000301, action=0, flags=0x00000008, keyCode=20, scanCode=108, metaState=0x00000000, repeatCount=0), policyFlags=0x67000001
05-18 18:23:07.189  1975  1975 E APM_AudioPolicyManager: getOutput() strategy:0,device 1024, stream 1, samplingRate 0, format 0, channelMask 3, flags 0
05-18 18:23:07.189  1975  1975 E APM_AudioPolicyManager: getOutput() strategy:0,device 1024, stream 1, samplingRate 0, format 0, channelMask 3, flags 0
05-18 18:23:07.190  1975  1975 D APM_AudioPolicyManager: checkAndSetVolume stream 1,device 400,volumeDb -10.000000,force 0
05-18 18:23:07.240  1944  2518 I rtk_parse: : polling timeout
05-18 18:23:07.240  1944  2518 I rtk_parse: : rtk_vendor_cmd_to_fw: Opcode:fc8f
05-18 18:23:07.240  1944  2518 I rtk_parse: : begin transmit_command Opcode:fc8f
05-18 18:23:07.244  1944  2523 I rtk_parse: : receive mailbox cmd from fw, subcmd is 0x23, status is 0x0
05-18 18:23:07.245  1944  2523 I rtk_parse: : bt info, length is 0xc, polling_enable is 0x1, poiiling_interval is 2
05-18 18:23:07.245  1944  2523 I rtk_parse: : bt info, reason is 0x1, info length is 0x8
05-18 18:23:07.245  1944  2523 I rtk_parse: : bt info[0]: 23
05-18 18:23:07.245  1944  2523 I rtk_parse: : bt info[1]: 06
05-18 18:23:07.245  1944  2523 I rtk_parse: : bt info[2]: 29
05-18 18:23:07.245  1944  2523 I rtk_parse: : bt info[3]: 00
05-18 18:23:07.245  1944  2523 I rtk_parse: : bt info[4]: 0f
05-18 18:23:07.245  1944  2523 I rtk_parse: : bt info[5]: 00
05-18 18:23:07.245  1944  2523 I rtk_parse: : bt info[6]: 57
05-18 18:23:07.245  1944  2523 I rtk_parse: : bt info[7]: 00
05-18 18:23:07.245  1944  2523 I rtk_parse: : btcoex_chr_send tx_msg:ý#)
05-18 18:23:07.246  1944  2519 I rtk_parse: : receive invite rsp from wifi msg : ý
05-18 18:23:07.246  1944  2519 I rtk_parse: : receive command complete event from wifi, op code is 0xfd06, status is 0x0
05-18 18:23:07.275  2355  2694 D bt_btm  : btm_bda_to_acl found
05-18 18:23:07.275  2355  2694 D bt_att  : gatt_get_ch_state: ch_state=4
05-18 18:23:07.275  2355  2694 D bt_att  : gatt_process_notification 
05-18 18:23:07.275  2355  2694 D bt_att  : gatt_get_link_encrypt_status status=0x8d
05-18 18:23:07.275  2355  2694 D bt_btif : bta_gattc_cmpl_cback: conn_id = 3 op = 6 status = 141
05-18 18:23:07.275  2355  2694 I bt_att  : GATT_GetConnectionInfor conn_id=3
05-18 18:23:07.275  2355  2694 D bt_btif : bta_gattc_cmpl_cback: conn_id = 4 op = 6 status = 141
05-18 18:23:07.275  2355  2694 I bt_att  : GATT_GetConnectionInfor conn_id=4
05-18 18:23:07.275  2355  2694 D bt_btif : Notification registered!
05-18 18:23:07.275  2355  2694 D bt_btif : bta_gattc_proc_other_indication check                        p_data->att_value.handle=22 p_data->handle=0
05-18 18:23:07.275  2355  2694 D bt_btif : is_notify
05-18 18:23:07.275  2355  2694 D bt_btif : bta_hh_gattc_callback event = 10
05-18 18:23:07.275  2355  2694 D bt_btif : Notification received on report ID: 1
05-18 18:23:07.275  1963  1963 D         : read_message(L587): read buffer res: 0009
05-18 18:23:07.275  2355  2694 E RTKBT_VR_HIDRAW_BEE: RECV HOOK(6) arg={N/A}
05-18 18:23:07.275  2355  2694 D bt_btif : Notification Stolen by RTKBT
05-18 18:23:07.275  2355  2694 D bt_btif : bta_gattc_cmpl_cback: conn_id = 6 op = 6 status = 141
05-18 18:23:07.275  2355  2694 I bt_att  : GATT_GetConnectionInfor conn_id=6
05-18 18:23:07.275  2210  2312 D KeyLayoutMap: gc: scanCode=108, usageCode=0x00070051 
05-18 18:23:07.276  2210  2312 D KeyLayoutMap: gc: usageCode index =-2
05-18 18:23:07.276  2210  2312 E KeyLayoutMap: gc: index = 105
05-18 18:23:07.277  2210  2312 D KeyLayoutMap: gc: scanCode index =105
05-18 18:23:07.277  2210  2312 D KeyLayoutMap: mapKey: scanCode=108, usageCode=0x00070051 ~ Result keyCode=20, outFlags=0x00000000.
05-18 18:23:07.277  2210  2312 D InputDispatcher: notifyKey - eventTime=120835248000, deviceId=4, source=0x301, policyFlags=0x0, action=0x1, flags=0x8, keyCode=0x14, scanCode=0x6c, metaState=0x0, downTime=120730506000
05-18 18:23:07.277  2210  2312 D WindowManager: interceptKeyTq keycode=20 interactive=true keyguardActive=false policyFlags=22000000
05-18 18:23:07.278  2210  2312 D WindowManager: isSystemFilter, sys.isHandleSystemKey=1isUserSetupComplete->trueisDeviceProvisioned->true
05-18 18:23:07.278  2210  2312 D WindowManager: isSystemFilter, sys.isHandleSystemKey=1isUserSetupComplete->trueisDeviceProvisioned->true
05-18 18:23:07.278  2210  2312 D WindowManager: interceptKeyTq result=1
05-18 18:23:07.279  2210  2210 D AccessibilityManagerService: onKeyEvent, service=com.nttdocomo.android.devicehelp.access.AccessibilityServiceEx, mRequestFilterKey=true, mServiceInterface=non-null, mInfo->cap=9
05-18 18:23:07.283  2210  2844 D KeyEventDispatcher: setOnKeyEventResult, call back from client.
05-18 18:23:07.284  2210  2210 D InputDispatcher: injectInputEvent - eventType=1, injectorPid=0, injectorUid=0, syncMode=0, timeoutMillis=0, policyFlags=0x66000000
05-18 18:23:07.284  2210  2311 D InputDispatcher: mPendingEvent->type=2 (0:CONFIGURATION_CHANGED, 1:DEVICE_RESET, 2:KEY).
05-18 18:23:07.284  2210  2311 D WindowManager: interceptKeyTi keyCode=20 down=false repeatCount=0 keyguardOn=false mHomePressed=false canceled=false
05-18 18:23:07.284  2210  2311 D WindowManager: interceptKeyTp result=0
05-18 18:23:07.284  2210  2311 D InputDispatcher: InterceptKeyBeforeDispatching, delay = 0.
05-18 18:23:07.285  2210  2311 D InputDispatcher: mPendingEvent->type=2 (0:CONFIGURATION_CHANGED, 1:DEVICE_RESET, 2:KEY).
05-18 18:23:07.286  2450  2450 D InputEventConsistencyVerifier: KeyEvent: ACTION_UP but key was not down.
05-18 18:23:07.286  2450  2450 D InputEventConsistencyVerifier:   in android.widget.LinearLayout{7588757 VFE...C.. .F...... 0,176-720,272 #0}
05-18 18:23:07.286  2450  2450 D InputEventConsistencyVerifier:   0: sent at 120835000000, KeyEvent { action=ACTION_UP, keyCode=KEYCODE_DPAD_DOWN, scanCode=108, metaState=0, flags=0x8, repeatCount=0, eventTime=120835, downTime=120730, deviceId=4, source=0x301 }
05-18 18:23:07.286  2210  2311 I InputDispatcher: Window 'Window{b7ab212 u0 com.android.tv.settings/com.android.tv.settings.MainSettings}' spent 1.5ms processing the last input event: KeyEvent(deviceId=4, source=0x00000301, action=1, flags=0x00000008, keyCode=20, scanCode=108, metaState=0x00000000, repeatCount=0), policyFlags=0x67000000
05-18 18:23:07.292  1943  1943 D audio_hal: out_get_latency: out(0x88f830e0) latency=20
05-18 18:23:07.332  1943  1943 D audio_hal: out_get_latency: out(0x88f830e0) latency=20
05-18 18:23:07.365  2355  2694 D bt_btm  : btm_bda_to_acl found
05-18 18:23:07.365  2355  2694 D bt_att  : gatt_get_ch_state: ch_state=4
05-18 18:23:07.365  2355  2694 D bt_att  : gatt_process_notification 
05-18 18:23:07.365  2355  2694 D bt_att  : gatt_get_link_encrypt_status status=0x8d
05-18 18:23:07.365  2355  2694 D bt_btif : bta_gattc_cmpl_cback: conn_id = 3 op = 6 status = 141
05-18 18:23:07.365  2355  2694 I bt_att  : GATT_GetConnectionInfor conn_id=3
05-18 18:23:07.365  2355  2694 D bt_btif : bta_gattc_cmpl_cback: conn_id = 4 op = 6 status = 141
05-18 18:23:07.365  2355  2694 I bt_att  : GATT_GetConnectionInfor conn_id=4
05-18 18:23:07.365  2355  2694 D bt_btif : Notification registered!
05-18 18:23:07.365  2355  2694 D bt_btif : bta_gattc_proc_other_indication check                        p_data->att_value.handle=22 p_data->handle=0
05-18 18:23:07.365  2355  2694 D bt_btif : is_notify
05-18 18:23:07.365  2355  2694 D bt_btif : bta_hh_gattc_callback event = 10
05-18 18:23:07.365  2355  2694 D bt_btif : Notification received on report ID: 1
05-18 18:23:07.366  2355  2694 E RTKBT_VR_HIDRAW_BEE: RECV HOOK(6) arg={N/A}
05-18 18:23:07.366  2355  2694 D bt_btif : Notification Stolen by RTKBT
05-18 18:23:07.366  2355  2694 D bt_btif : bta_gattc_cmpl_cback: conn_id = 6 op = 6 status = 141
05-18 18:23:07.366  2355  2694 I bt_att  : GATT_GetConnectionInfor conn_id=6
05-18 18:23:07.366  2210  2312 D KeyLayoutMap: gc: scanCode=108, usageCode=0x00070051 
05-18 18:23:07.366  2210  2312 D KeyLayoutMap: gc: usageCode index =-2
05-18 18:23:07.366  2210  2312 E KeyLayoutMap: gc: index = 105
05-18 18:23:07.366  2210  2312 D KeyLayoutMap: gc: scanCode index =105
05-18 18:23:07.366  2210  2312 D KeyLayoutMap: mapKey: scanCode=108, usageCode=0x00070051 ~ Result keyCode=20, outFlags=0x00000000.
05-18 18:23:07.366  1963  1963 D         : read_message(L587): read buffer res: 0009
05-18 18:23:07.366  2210  2312 D InputDispatcher: notifyKey - eventTime=120925625000, deviceId=4, source=0x301, policyFlags=0x1, action=0x0, flags=0x8, keyCode=0x14, scanCode=0x6c, metaState=0x0, downTime=120925625000
05-18 18:23:07.366  2210  2312 D WindowManager: interceptKeyTq keycode=20 interactive=true keyguardActive=false policyFlags=22000001
05-18 18:23:07.367  2210  2312 D WindowManager: isSystemFilter, sys.isHandleSystemKey=1isUserSetupComplete->trueisDeviceProvisioned->true
05-18 18:23:07.368  2210  2312 D WindowManager: isSystemFilter, sys.isHandleSystemKey=1isUserSetupComplete->trueisDeviceProvisioned->true
05-18 18:23:07.368  2210  2312 D WindowManager: filterKeyEvent do not filter this key. < 20 >
05-18 18:23:07.368  2210  2312 D WindowManager: filterKeyEvent isNeedFilter = false
05-18 18:23:07.368  2210  2312 D WindowManager: interceptKeyTq result=1
05-18 18:23:07.369  2210  2210 D AccessibilityManagerService: onKeyEvent, service=com.nttdocomo.android.devicehelp.access.AccessibilityServiceEx, mRequestFilterKey=true, mServiceInterface=non-null, mInfo->cap=9
05-18 18:23:07.377  2210  2844 D KeyEventDispatcher: setOnKeyEventResult, call back from client.
05-18 18:23:07.377  2210  2210 D InputDispatcher: injectInputEvent - eventType=1, injectorPid=0, injectorUid=0, syncMode=0, timeoutMillis=0, policyFlags=0x66000001
05-18 18:23:07.377  2210  2311 D InputDispatcher: mPendingEvent->type=2 (0:CONFIGURATION_CHANGED, 1:DEVICE_RESET, 2:KEY).
05-18 18:23:07.377  2210  2311 D InputDispatcher: dispatchKeyLocked->keyRepeatTimeout=500000000
05-18 18:23:07.378  2210  2311 D WindowManager: interceptKeyTi keyCode=20 down=true repeatCount=0 keyguardOn=false mHomePressed=false canceled=false
05-18 18:23:07.378  2210  2311 D WindowManager: interceptKeyTp result=0
05-18 18:23:07.378  2210  2311 D InputDispatcher: InterceptKeyBeforeDispatching, delay = 0.
05-18 18:23:07.378  2210  2311 D InputDispatcher: mPendingEvent->type=2 (0:CONFIGURATION_CHANGED, 1:DEVICE_RESET, 2:KEY).
05-18 18:23:07.389  2210  2311 I InputDispatcher: Window 'Window{b7ab212 u0 com.android.tv.settings/com.android.tv.settings.MainSettings}' spent 10.8ms processing the last input event: KeyEvent(deviceId=4, source=0x00000301, action=0, flags=0x00000008, keyCode=20, scanCode=108, metaState=0x00000000, repeatCount=0), policyFlags=0x67000001
05-18 18:23:07.389  1975  1975 E APM_AudioPolicyManager: getOutput() strategy:0,device 1024, stream 1, samplingRate 0, format 0, channelMask 3, flags 0
05-18 18:23:07.389  1975  1975 E APM_AudioPolicyManager: getOutput() strategy:0,device 1024, stream 1, samplingRate 0, format 0, channelMask 3, flags 0
05-18 18:23:07.389  1975  1975 D APM_AudioPolicyManager: checkAndSetVolume stream 1,device 400,volumeDb -10.000000,force 0
05-18 18:23:07.470  2355  2694 D bt_btm  : btm_bda_to_acl found
05-18 18:23:07.470  2355  2694 D bt_att  : gatt_get_ch_state: ch_state=4
05-18 18:23:07.470  2355  2694 D bt_att  : gatt_process_notification 
05-18 18:23:07.470  2355  2694 D bt_att  : gatt_get_link_encrypt_status status=0x8d
05-18 18:23:07.470  2355  2694 D bt_btif : bta_gattc_cmpl_cback: conn_id = 3 op = 6 status = 141
05-18 18:23:07.470  2355  2694 I bt_att  : GATT_GetConnectionInfor conn_id=3
05-18 18:23:07.470  2355  2694 D bt_btif : bta_gattc_cmpl_cback: conn_id = 4 op = 6 status = 141
05-18 18:23:07.470  2355  2694 I bt_att  : GATT_GetConnectionInfor conn_id=4
05-18 18:23:07.470  2355  2694 D bt_btif : Notification registered!
05-18 18:23:07.470  2355  2694 D bt_btif : bta_gattc_proc_other_indication check                        p_data->att_value.handle=22 p_data->handle=0
05-18 18:23:07.470  2355  2694 D bt_btif : is_notify
05-18 18:23:07.470  2355  2694 D bt_btif : bta_hh_gattc_callback event = 10
05-18 18:23:07.470  2355  2694 D bt_btif : Notification received on report ID: 1
05-18 18:23:07.471  2355  2694 E RTKBT_VR_HIDRAW_BEE: RECV HOOK(6) arg={N/A}
05-18 18:23:07.471  2355  2694 D bt_btif : Notification Stolen by RTKBT
05-18 18:23:07.471  2355  2694 D bt_btif : bta_gattc_cmpl_cback: conn_id = 6 op = 6 status = 141
05-18 18:23:07.471  2355  2694 I bt_att  : GATT_GetConnectionInfor conn_id=6
05-18 18:23:07.471  1963  1963 D         : read_message(L587): read buffer res: 0009
05-18 18:23:07.471  2210  2312 D KeyLayoutMap: gc: scanCode=108, usageCode=0x00070051 
05-18 18:23:07.471  2210  2312 D KeyLayoutMap: gc: usageCode index =-2
05-18 18:23:07.471  2210  2312 E KeyLayoutMap: gc: index = 105
05-18 18:23:07.471  2210  2312 D KeyLayoutMap: gc: scanCode index =105
05-18 18:23:07.471  2210  2312 D KeyLayoutMap: mapKey: scanCode=108, usageCode=0x00070051 ~ Result keyCode=20, outFlags=0x00000000.
05-18 18:23:07.472  2210  2312 D InputDispatcher: notifyKey - eventTime=121030492000, deviceId=4, source=0x301, policyFlags=0x0, action=0x1, flags=0x8, keyCode=0x14, scanCode=0x6c, metaState=0x0, downTime=120925625000
05-18 18:23:07.472  2210  2312 D WindowManager: interceptKeyTq keycode=20 interactive=true keyguardActive=false policyFlags=22000000
05-18 18:23:07.472  2210  2312 D WindowManager: isSystemFilter, sys.isHandleSystemKey=1isUserSetupComplete->trueisDeviceProvisioned->true
05-18 18:23:07.473  2210  2312 D WindowManager: isSystemFilter, sys.isHandleSystemKey=1isUserSetupComplete->trueisDeviceProvisioned->true
05-18 18:23:07.473  2210  2312 D WindowManager: interceptKeyTq result=1
05-18 18:23:07.473  2210  2210 D AccessibilityManagerService: onKeyEvent, service=com.nttdocomo.android.devicehelp.access.AccessibilityServiceEx, mRequestFilterKey=true, mServiceInterface=non-null, mInfo->cap=9
05-18 18:23:07.477  2210  3084 D KeyEventDispatcher: setOnKeyEventResult, call back from client.
05-18 18:23:07.477  2210  2210 D InputDispatcher: injectInputEvent - eventType=1, injectorPid=0, injectorUid=0, syncMode=0, timeoutMillis=0, policyFlags=0x66000000
05-18 18:23:07.477  2210  2311 D InputDispatcher: mPendingEvent->type=2 (0:CONFIGURATION_CHANGED, 1:DEVICE_RESET, 2:KEY).
05-18 18:23:07.478  2210  2311 D WindowManager: interceptKeyTi keyCode=20 down=false repeatCount=0 keyguardOn=false mHomePressed=false canceled=false
05-18 18:23:07.478  2210  2311 D WindowManager: interceptKeyTp result=0
05-18 18:23:07.478  2210  2311 D InputDispatcher: InterceptKeyBeforeDispatching, delay = 0.
05-18 18:23:07.478  2210  2311 D InputDispatcher: mPendingEvent->type=2 (0:CONFIGURATION_CHANGED, 1:DEVICE_RESET, 2:KEY).
05-18 18:23:07.482  2450  2450 D InputEventConsistencyVerifier: KeyEvent: ACTION_UP but key was not down.
05-18 18:23:07.482  2450  2450 D InputEventConsistencyVerifier:   in android.widget.LinearLayout{770d6e5 VFE...C.. .F...... 0,272-720,368 #0}
05-18 18:23:07.482  2450  2450 D InputEventConsistencyVerifier:   0: sent at 121030000000, KeyEvent { action=ACTION_UP, keyCode=KEYCODE_DPAD_DOWN, scanCode=108, metaState=0, flags=0x8, repeatCount=0, eventTime=121030, downTime=120925, deviceId=4, source=0x301 }
05-18 18:23:07.483  2210  2311 I InputDispatcher: Window 'Window{b7ab212 u0 com.android.tv.settings/com.android.tv.settings.MainSettings}' spent 4.7ms processing the last input event: KeyEvent(deviceId=4, source=0x00000301, action=1, flags=0x00000008, keyCode=20, scanCode=108, metaState=0x00000000, repeatCount=0), policyFlags=0x67000000
05-18 18:23:07.529  1943  1943 D audio_hal: out_get_latency: out(0x88f830e0) latency=20
05-18 18:23:07.546  2355  2694 D bt_btm  : btm_bda_to_acl found
05-18 18:23:07.546  2355  2694 D bt_att  : gatt_get_ch_state: ch_state=4
05-18 18:23:07.546  2355  2694 D bt_att  : gatt_process_notification 
05-18 18:23:07.546  2355  2694 D bt_att  : gatt_get_link_encrypt_status status=0x8d
05-18 18:23:07.546  2355  2694 D bt_btif : bta_gattc_cmpl_cback: conn_id = 3 op = 6 status = 141
05-18 18:23:07.546  2355  2694 I bt_att  : GATT_GetConnectionInfor conn_id=3
05-18 18:23:07.546  2355  2694 D bt_btif : bta_gattc_cmpl_cback: conn_id = 4 op = 6 status = 141
05-18 18:23:07.546  2355  2694 I bt_att  : GATT_GetConnectionInfor conn_id=4
05-18 18:23:07.546  2355  2694 D bt_btif : Notification registered!
05-18 18:23:07.546  2355  2694 D bt_btif : bta_gattc_proc_other_indication check                        p_data->att_value.handle=22 p_data->handle=0
05-18 18:23:07.546  2355  2694 D bt_btif : is_notify
05-18 18:23:07.546  2355  2694 D bt_btif : bta_hh_gattc_callback event = 10
05-18 18:23:07.546  2355  2694 D bt_btif : Notification received on report ID: 1
05-18 18:23:07.546  1963  1963 D         : read_message(L587): read buffer res: 0009
05-18 18:23:07.546  2355  2694 E RTKBT_VR_HIDRAW_BEE: RECV HOOK(6) arg={N/A}
05-18 18:23:07.546  2355  2694 D bt_btif : Notification Stolen by RTKBT
05-18 18:23:07.546  2355  2694 D bt_btif : bta_gattc_cmpl_cback: conn_id = 6 op = 6 status = 141
05-18 18:23:07.546  2355  2694 I bt_att  : GATT_GetConnectionInfor conn_id=6
05-18 18:23:07.546  2210  2312 D KeyLayoutMap: gc: scanCode=108, usageCode=0x00070051 
05-18 18:23:07.546  2210  2312 D KeyLayoutMap: gc: usageCode index =-2
05-18 18:23:07.546  2210  2312 E KeyLayoutMap: gc: index = 105
05-18 18:23:07.546  2210  2312 D KeyLayoutMap: gc: scanCode index =105
05-18 18:23:07.546  2210  2312 D KeyLayoutMap: mapKey: scanCode=108, usageCode=0x00070051 ~ Result keyCode=20, outFlags=0x00000000.
05-18 18:23:07.547  2210  2312 D InputDispatcher: notifyKey - eventTime=121106171000, deviceId=4, source=0x301, policyFlags=0x1, action=0x0, flags=0x8, keyCode=0x14, scanCode=0x6c, metaState=0x0, downTime=121106171000
05-18 18:23:07.547  2210  2312 D WindowManager: interceptKeyTq keycode=20 interactive=true keyguardActive=false policyFlags=22000001
05-18 18:23:07.547  2210  2312 D WindowManager: isSystemFilter, sys.isHandleSystemKey=1isUserSetupComplete->trueisDeviceProvisioned->true
05-18 18:23:07.548  2210  2312 D WindowManager: isSystemFilter, sys.isHandleSystemKey=1isUserSetupComplete->trueisDeviceProvisioned->true
05-18 18:23:07.548  2210  2312 D WindowManager: filterKeyEvent do not filter this key. < 20 >
05-18 18:23:07.548  2210  2312 D WindowManager: filterKeyEvent isNeedFilter = false
05-18 18:23:07.549  2210  2312 D WindowManager: interceptKeyTq result=1
05-18 18:23:07.549  2210  2210 D AccessibilityManagerService: onKeyEvent, service=com.nttdocomo.android.devicehelp.access.AccessibilityServiceEx, mRequestFilterKey=true, mServiceInterface=non-null, mInfo->cap=9
05-18 18:23:07.549  1943  1943 D audio_hal: out_get_latency: out(0x88f830e0) latency=20
05-18 18:23:07.557  2210  3307 D KeyEventDispatcher: setOnKeyEventResult, call back from client.
05-18 18:23:07.558  2210  2210 D InputDispatcher: injectInputEvent - eventType=1, injectorPid=0, injectorUid=0, syncMode=0, timeoutMillis=0, policyFlags=0x66000001
05-18 18:23:07.558  2210  2311 D InputDispatcher: mPendingEvent->type=2 (0:CONFIGURATION_CHANGED, 1:DEVICE_RESET, 2:KEY).
05-18 18:23:07.558  2210  2311 D InputDispatcher: dispatchKeyLocked->keyRepeatTimeout=500000000
05-18 18:23:07.559  2210  2311 D WindowManager: interceptKeyTi keyCode=20 down=true repeatCount=0 keyguardOn=false mHomePressed=false canceled=false
05-18 18:23:07.560  2210  2311 D WindowManager: interceptKeyTp result=0
05-18 18:23:07.560  2210  2311 D InputDispatcher: InterceptKeyBeforeDispatching, delay = 0.
05-18 18:23:07.560  2210  2311 D InputDispatcher: mPendingEvent->type=2 (0:CONFIGURATION_CHANGED, 1:DEVICE_RESET, 2:KEY).
05-18 18:23:07.567  1975  1975 E APM_AudioPolicyManager: getOutput() strategy:0,device 1024, stream 1, samplingRate 0, format 0, channelMask 3, flags 0
05-18 18:23:07.567  1975  1975 E APM_AudioPolicyManager: getOutput() strategy:0,device 1024, stream 1, samplingRate 0, format 0, channelMask 3, flags 0
05-18 18:23:07.568  2210  2311 I InputDispatcher: Window 'Window{b7ab212 u0 com.android.tv.settings/com.android.tv.settings.MainSettings}' spent 8.2ms processing the last input event: KeyEvent(deviceId=4, source=0x00000301, action=0, flags=0x00000008, keyCode=20, scanCode=108, metaState=0x00000000, repeatCount=0), policyFlags=0x67000001
05-18 18:23:07.605  2355  2694 D bt_btm  : btm_bda_to_acl found
05-18 18:23:07.605  2355  2694 D bt_att  : gatt_get_ch_state: ch_state=4
05-18 18:23:07.605  2355  2694 D bt_att  : gatt_process_notification 
05-18 18:23:07.605  2355  2694 D bt_att  : gatt_get_link_encrypt_status status=0x8d
05-18 18:23:07.605  2355  2694 D bt_btif : bta_gattc_cmpl_cback: conn_id = 3 op = 6 status = 141
05-18 18:23:07.605  2355  2694 I bt_att  : GATT_GetConnectionInfor conn_id=3
05-18 18:23:07.605  2355  2694 D bt_btif : bta_gattc_cmpl_cback: conn_id = 4 op = 6 status = 141
05-18 18:23:07.605  2355  2694 I bt_att  : GATT_GetConnectionInfor conn_id=4
05-18 18:23:07.605  2355  2694 D bt_btif : Notification registered!
05-18 18:23:07.605  2355  2694 D bt_btif : bta_gattc_proc_other_indication check                        p_data->att_value.handle=22 p_data->handle=0
05-18 18:23:07.605  2355  2694 D bt_btif : is_notify
05-18 18:23:07.605  2355  2694 D bt_btif : bta_hh_gattc_callback event = 10
05-18 18:23:07.605  2355  2694 D bt_btif : Notification received on report ID: 1
05-18 18:23:07.605  1963  1963 D         : read_message(L587): read buffer res: 0009
05-18 18:23:07.605  2355  2694 E RTKBT_VR_HIDRAW_BEE: RECV HOOK(6) arg={N/A}
05-18 18:23:07.605  2355  2694 D bt_btif : Notification Stolen by RTKBT
05-18 18:23:07.605  2355  2694 D bt_btif : bta_gattc_cmpl_cback: conn_id = 6 op = 6 status = 141
05-18 18:23:07.605  2210  2312 D KeyLayoutMap: gc: scanCode=108, usageCode=0x00070051 
05-18 18:23:07.605  2355  2694 I bt_att  : GATT_GetConnectionInfor conn_id=6
05-18 18:23:07.605  2210  2312 D KeyLayoutMap: gc: usageCode index =-2
05-18 18:23:07.605  2210  2312 E KeyLayoutMap: gc: index = 105
05-18 18:23:07.605  2210  2312 D KeyLayoutMap: gc: scanCode index =105
05-18 18:23:07.605  2210  2312 D KeyLayoutMap: mapKey: scanCode=108, usageCode=0x00070051 ~ Result keyCode=20, outFlags=0x00000000.
05-18 18:23:07.606  2210  2312 D InputDispatcher: notifyKey - eventTime=121165265000, deviceId=4, source=0x301, policyFlags=0x0, action=0x1, flags=0x8, keyCode=0x14, scanCode=0x6c, metaState=0x0, downTime=121106171000
05-18 18:23:07.606  2210  2312 D WindowManager: interceptKeyTq keycode=20 interactive=true keyguardActive=false policyFlags=22000000
05-18 18:23:07.606  2210  2312 D WindowManager: isSystemFilter, sys.isHandleSystemKey=1isUserSetupComplete->trueisDeviceProvisioned->true
05-18 18:23:07.607  2210  2312 D WindowManager: isSystemFilter, sys.isHandleSystemKey=1isUserSetupComplete->trueisDeviceProvisioned->true
05-18 18:23:07.607  2210  2312 D WindowManager: interceptKeyTq result=1
05-18 18:23:07.607  2210  2210 D AccessibilityManagerService: onKeyEvent, service=com.nttdocomo.android.devicehelp.access.AccessibilityServiceEx, mRequestFilterKey=true, mServiceInterface=non-null, mInfo->cap=9
05-18 18:23:07.612  2210  2844 D KeyEventDispatcher: setOnKeyEventResult, call back from client.
05-18 18:23:07.613  2210  2210 D InputDispatcher: injectInputEvent - eventType=1, injectorPid=0, injectorUid=0, syncMode=0, timeoutMillis=0, policyFlags=0x66000000
05-18 18:23:07.614  2210  2311 D InputDispatcher: mPendingEvent->type=2 (0:CONFIGURATION_CHANGED, 1:DEVICE_RESET, 2:KEY).
05-18 18:23:07.614  2210  2311 D WindowManager: interceptKeyTi keyCode=20 down=false repeatCount=0 keyguardOn=false mHomePressed=false canceled=false
05-18 18:23:07.614  2210  2311 D WindowManager: interceptKeyTp result=0
05-18 18:23:07.614  2210  2311 D InputDispatcher: InterceptKeyBeforeDispatching, delay = 0.
05-18 18:23:07.615  2210  2311 D InputDispatcher: mPendingEvent->type=2 (0:CONFIGURATION_CHANGED, 1:DEVICE_RESET, 2:KEY).
05-18 18:23:07.616  2450  2450 D InputEventConsistencyVerifier: KeyEvent: ACTION_UP but key was not down.
05-18 18:23:07.616  2450  2450 D InputEventConsistencyVerifier:   in android.widget.LinearLayout{34f0212 VFE...C.. .F...... 0,368-720,464 #0}
05-18 18:23:07.616  2450  2450 D InputEventConsistencyVerifier:   0: sent at 121165000000, KeyEvent { action=ACTION_UP, keyCode=KEYCODE_DPAD_DOWN, scanCode=108, metaState=0, flags=0x8, repeatCount=0, eventTime=121165, downTime=121106, deviceId=4, source=0x301 }
05-18 18:23:07.616  2210  2311 I InputDispatcher: Window 'Window{b7ab212 u0 com.android.tv.settings/com.android.tv.settings.MainSettings}' spent 1.3ms processing the last input event: KeyEvent(deviceId=4, source=0x00000301, action=1, flags=0x00000008, keyCode=20, scanCode=108, metaState=0x00000000, repeatCount=0), policyFlags=0x67000000
05-18 18:23:07.636  2831  3341 D RcuModeService: MSG No 8
05-18 18:23:07.636  2831  3341 D RcuModeService: getIsSignedAndArea
05-18 18:23:07.639  2831  3341 E RcuModeService: mIsDcmSignedUser or mIsInArea is -1,delay 5s to get again!
05-18 18:23:07.670  1943  1943 D audio_hal: out_get_latency: out(0x88f830e0) latency=20
05-18 18:23:07.681  2355  2694 D bt_btm  : btm_bda_to_acl found
05-18 18:23:07.681  2355  2694 D bt_att  : gatt_get_ch_state: ch_state=4
05-18 18:23:07.681  2355  2694 D bt_att  : gatt_process_notification 
05-18 18:23:07.681  2355  2694 D bt_att  : gatt_get_link_encrypt_status status=0x8d
05-18 18:23:07.681  2355  2694 D bt_btif : bta_gattc_cmpl_cback: conn_id = 3 op = 6 status = 141
05-18 18:23:07.681  2355  2694 I bt_att  : GATT_GetConnectionInfor conn_id=3
05-18 18:23:07.681  2355  2694 D bt_btif : bta_gattc_cmpl_cback: conn_id = 4 op = 6 status = 141
05-18 18:23:07.681  2355  2694 I bt_att  : GATT_GetConnectionInfor conn_id=4
05-18 18:23:07.681  2355  2694 D bt_btif : Notification registered!
05-18 18:23:07.681  2355  2694 D bt_btif : bta_gattc_proc_other_indication check                        p_data->att_value.handle=22 p_data->handle=0
05-18 18:23:07.681  2355  2694 D bt_btif : is_notify
05-18 18:23:07.681  2355  2694 D bt_btif : bta_hh_gattc_callback event = 10
05-18 18:23:07.681  2355  2694 D bt_btif : Notification received on report ID: 1
05-18 18:23:07.681  1963  1963 D         : read_message(L587): read buffer res: 0009
05-18 18:23:07.681  2355  2694 E RTKBT_VR_HIDRAW_BEE: RECV HOOK(6) arg={N/A}
05-18 18:23:07.681  2355  2694 D bt_btif : Notification Stolen by RTKBT
05-18 18:23:07.681  2355  2694 D bt_btif : bta_gattc_cmpl_cback: conn_id = 6 op = 6 status = 141
05-18 18:23:07.681  2355  2694 I bt_att  : GATT_GetConnectionInfor conn_id=6
05-18 18:23:07.681  2210  2312 D KeyLayoutMap: gc: scanCode=108, usageCode=0x00070051 
05-18 18:23:07.681  2210  2312 D KeyLayoutMap: gc: usageCode index =-2
05-18 18:23:07.682  2210  2312 E KeyLayoutMap: gc: index = 105
05-18 18:23:07.682  2210  2312 D KeyLayoutMap: gc: scanCode index =105
05-18 18:23:07.682  2210  2312 D KeyLayoutMap: mapKey: scanCode=108, usageCode=0x00070051 ~ Result keyCode=20, outFlags=0x00000000.
05-18 18:23:07.682  2210  2312 D InputDispatcher: notifyKey - eventTime=121241293000, deviceId=4, source=0x301, policyFlags=0x1, action=0x0, flags=0x8, keyCode=0x14, scanCode=0x6c, metaState=0x0, downTime=121241293000
05-18 18:23:07.682  2210  2312 D WindowManager: interceptKeyTq keycode=20 interactive=true keyguardActive=false policyFlags=22000001
05-18 18:23:07.683  2210  2312 D WindowManager: isSystemFilter, sys.isHandleSystemKey=1isUserSetupComplete->trueisDeviceProvisioned->true
05-18 18:23:07.683  2210  2312 D WindowManager: isSystemFilter, sys.isHandleSystemKey=1isUserSetupComplete->trueisDeviceProvisioned->true
05-18 18:23:07.683  2210  2312 D WindowManager: filterKeyEvent do not filter this key. < 20 >
05-18 18:23:07.683  2210  2312 D WindowManager: filterKeyEvent isNeedFilter = false
05-18 18:23:07.684  2210  2312 D WindowManager: interceptKeyTq result=1
05-18 18:23:07.684  2210  2210 D AccessibilityManagerService: onKeyEvent, service=com.nttdocomo.android.devicehelp.access.AccessibilityServiceEx, mRequestFilterKey=true, mServiceInterface=non-null, mInfo->cap=9
05-18 18:23:07.688  1944  2519 I rtk_parse: : receive invite rsp from wifi msg : þ
05-18 18:23:07.688  1944  2519 I rtk_parse: : rtk_prof.polling_enable is 1
05-18 18:23:07.688  1944  2519 I rtk_parse: : receive bt info control event from wifi, polling enable is 0x1, polling time is 0x2, auto report is 0x1
05-18 18:23:07.688  1944  2519 I rtk_parse: : rtk_vendor_cmd_to_fw: Opcode:fc8f
05-18 18:23:07.688  1944  2519 I rtk_parse: : begin transmit_command Opcode:fc8f
05-18 18:23:07.688  1944  2519 I rtk_parse: : bt info, length is 0x4, polling_enable is 0x1, poiiling_interval is 2
05-18 18:23:07.688  1944  2519 I rtk_parse: : bt info, reason is 0x0, info length is 0x0
05-18 18:23:07.688  1944  2519 I rtk_parse: : btcoex_chr_send tx_msg:ý
05-18 18:23:07.688  1944  2519 I rtk_parse: : receive invite rsp from wifi msg : ý
05-18 18:23:07.688  1944  2519 I rtk_parse: : receive command complete event from wifi, op code is 0xfd06, status is 0x12
05-18 18:23:07.690  1944  2523 I rtk_parse: : receive mailbox cmd from fw, subcmd is 0x28, status is 0x0
05-18 18:23:07.695  2210  3307 D KeyEventDispatcher: setOnKeyEventResult, call back from client.
05-18 18:23:07.696  2210  2210 D InputDispatcher: injectInputEvent - eventType=1, injectorPid=0, injectorUid=0, syncMode=0, timeoutMillis=0, policyFlags=0x66000001
05-18 18:23:07.696  2210  2311 D InputDispatcher: mPendingEvent->type=2 (0:CONFIGURATION_CHANGED, 1:DEVICE_RESET, 2:KEY).
05-18 18:23:07.696  2210  2311 D InputDispatcher: dispatchKeyLocked->keyRepeatTimeout=500000000
05-18 18:23:07.697  2210  2311 D WindowManager: interceptKeyTi keyCode=20 down=true repeatCount=0 keyguardOn=false mHomePressed=false canceled=false
05-18 18:23:07.697  2210  2311 D WindowManager: interceptKeyTp result=0
05-18 18:23:07.697  2210  2311 D InputDispatcher: InterceptKeyBeforeDispatching, delay = 0.
05-18 18:23:07.697  2210  2311 D InputDispatcher: mPendingEvent->type=2 (0:CONFIGURATION_CHANGED, 1:DEVICE_RESET, 2:KEY).
05-18 18:23:07.708  2210  2311 I InputDispatcher: Window 'Window{b7ab212 u0 com.android.tv.settings/com.android.tv.settings.MainSettings}' spent 11.0ms processing the last input event: KeyEvent(deviceId=4, source=0x00000301, action=0, flags=0x00000008, keyCode=20, scanCode=108, metaState=0x00000000, repeatCount=0), policyFlags=0x67000001
05-18 18:23:07.709  1975  1975 E APM_AudioPolicyManager: getOutput() strategy:0,device 1024, stream 1, samplingRate 0, format 0, channelMask 3, flags 0
05-18 18:23:07.709  1975  1975 E APM_AudioPolicyManager: getOutput() strategy:0,device 1024, stream 1, samplingRate 0, format 0, channelMask 3, flags 0
05-18 18:23:07.740  2355  2694 D bt_btm  : btm_bda_to_acl found
05-18 18:23:07.740  2355  2694 D bt_att  : gatt_get_ch_state: ch_state=4
05-18 18:23:07.740  2355  2694 D bt_att  : gatt_process_notification 
05-18 18:23:07.740  2355  2694 D bt_att  : gatt_get_link_encrypt_status status=0x8d
05-18 18:23:07.740  2355  2694 D bt_btif : bta_gattc_cmpl_cback: conn_id = 3 op = 6 status = 141
05-18 18:23:07.740  2355  2694 I bt_att  : GATT_GetConnectionInfor conn_id=3
05-18 18:23:07.740  2355  2694 D bt_btif : bta_gattc_cmpl_cback: conn_id = 4 op = 6 status = 141
05-18 18:23:07.740  2355  2694 I bt_att  : GATT_GetConnectionInfor conn_id=4
05-18 18:23:07.740  2355  2694 D bt_btif : Notification registered!
05-18 18:23:07.740  2355  2694 D bt_btif : bta_gattc_proc_other_indication check                        p_data->att_value.handle=22 p_data->handle=0
05-18 18:23:07.740  2355  2694 D bt_btif : is_notify
05-18 18:23:07.740  2355  2694 D bt_btif : bta_hh_gattc_callback event = 10
05-18 18:23:07.740  2355  2694 D bt_btif : Notification received on report ID: 1
05-18 18:23:07.740  1963  1963 D         : read_message(L587): read buffer res: 0009
05-18 18:23:07.740  2355  2694 E RTKBT_VR_HIDRAW_BEE: RECV HOOK(6) arg={N/A}
05-18 18:23:07.740  2355  2694 D bt_btif : Notification Stolen by RTKBT
05-18 18:23:07.740  2355  2694 D bt_btif : bta_gattc_cmpl_cback: conn_id = 6 op = 6 status = 141
05-18 18:23:07.740  2355  2694 I bt_att  : GATT_GetConnectionInfor conn_id=6
05-18 18:23:07.740  2210  2312 D KeyLayoutMap: gc: scanCode=108, usageCode=0x00070051 
05-18 18:23:07.740  2210  2312 D KeyLayoutMap: gc: usageCode index =-2
05-18 18:23:07.740  2210  2312 E KeyLayoutMap: gc: index = 105
05-18 18:23:07.741  2210  2312 D KeyLayoutMap: gc: scanCode index =105
05-18 18:23:07.741  2210  2312 D KeyLayoutMap: mapKey: scanCode=108, usageCode=0x00070051 ~ Result keyCode=20, outFlags=0x00000000.
05-18 18:23:07.741  2210  2312 D InputDispatcher: notifyKey - eventTime=121300353000, deviceId=4, source=0x301, policyFlags=0x0, action=0x1, flags=0x8, keyCode=0x14, scanCode=0x6c, metaState=0x0, downTime=121241293000
05-18 18:23:07.741  2210  2312 D WindowManager: interceptKeyTq keycode=20 interactive=true keyguardActive=false policyFlags=22000000
05-18 18:23:07.742  2210  2312 D WindowManager: isSystemFilter, sys.isHandleSystemKey=1isUserSetupComplete->trueisDeviceProvisioned->true
05-18 18:23:07.743  2210  2312 D WindowManager: isSystemFilter, sys.isHandleSystemKey=1isUserSetupComplete->trueisDeviceProvisioned->true
05-18 18:23:07.743  2210  2312 D WindowManager: interceptKeyTq result=1
05-18 18:23:07.743  2210  2210 D AccessibilityManagerService: onKeyEvent, service=com.nttdocomo.android.devicehelp.access.AccessibilityServiceEx, mRequestFilterKey=true, mServiceInterface=non-null, mInfo->cap=9
05-18 18:23:07.745  2210  3084 D KeyEventDispatcher: setOnKeyEventResult, call back from client.
05-18 18:23:07.746  2210  2210 D InputDispatcher: injectInputEvent - eventType=1, injectorPid=0, injectorUid=0, syncMode=0, timeoutMillis=0, policyFlags=0x66000000
05-18 18:23:07.746  2210  2311 D InputDispatcher: mPendingEvent->type=2 (0:CONFIGURATION_CHANGED, 1:DEVICE_RESET, 2:KEY).
05-18 18:23:07.747  2210  2311 D WindowManager: interceptKeyTi keyCode=20 down=false repeatCount=0 keyguardOn=false mHomePressed=false canceled=false
05-18 18:23:07.747  2210  2311 D WindowManager: interceptKeyTp result=0
05-18 18:23:07.747  2210  2311 D InputDispatcher: InterceptKeyBeforeDispatching, delay = 0.
05-18 18:23:07.747  2210  2311 D InputDispatcher: mPendingEvent->type=2 (0:CONFIGURATION_CHANGED, 1:DEVICE_RESET, 2:KEY).
05-18 18:23:07.753  2450  2450 D InputEventConsistencyVerifier: KeyEvent: ACTION_UP but key was not down.
05-18 18:23:07.753  2450  2450 D InputEventConsistencyVerifier:   in android.widget.LinearLayout{f10d65b VFE...C.. .F...... 0,433-720,529 #0}
05-18 18:23:07.753  2450  2450 D InputEventConsistencyVerifier:   0: sent at 121300000000, KeyEvent { action=ACTION_UP, keyCode=KEYCODE_DPAD_DOWN, scanCode=108, metaState=0, flags=0x8, repeatCount=0, eventTime=121300, downTime=121241, deviceId=4, source=0x301 }
05-18 18:23:07.753  2210  2311 I InputDispatcher: Window 'Window{b7ab212 u0 com.android.tv.settings/com.android.tv.settings.MainSettings}' spent 6.5ms processing the last input event: KeyEvent(deviceId=4, source=0x00000301, action=1, flags=0x00000008, keyCode=20, scanCode=108, metaState=0x00000000, repeatCount=0), policyFlags=0x67000000
05-18 18:23:07.802  2450  2461 I zygote  : Do partial code cache collection, code=31KB, data=25KB
05-18 18:23:07.805  2450  2461 I zygote  : After code cache collection, code=31KB, data=25KB
05-18 18:23:07.805  2450  2461 I zygote  : Increasing code cache capacity to 128KB
05-18 18:23:07.809  3356  3386 I zygote  : Background concurrent copying GC freed 95616(3MB) AllocSpace objects, 13(260KB) LOS objects, 49% free, 3MB/7MB, paused 655us total 140.801ms
05-18 18:23:07.850  1943  1943 D audio_hal: out_get_latency: out(0x88f830e0) latency=20
05-18 18:23:07.869  2966  2978 I zygote  : Background concurrent copying GC freed 67068(3MB) AllocSpace objects, 5(100KB) LOS objects, 49% free, 4MB/8MB, paused 445us total 100.420ms
05-18 18:23:07.995  2355  2694 D bt_btm  : btm_bda_to_acl found
05-18 18:23:07.995  2355  2694 D bt_att  : gatt_get_ch_state: ch_state=4
05-18 18:23:07.995  2355  2694 D bt_att  : gatt_process_notification 
05-18 18:23:07.995  2355  2694 D bt_att  : gatt_get_link_encrypt_status status=0x8d
05-18 18:23:07.995  2355  2694 D bt_btif : bta_gattc_cmpl_cback: conn_id = 3 op = 6 status = 141
05-18 18:23:07.995  2355  2694 I bt_att  : GATT_GetConnectionInfor conn_id=3
05-18 18:23:07.995  2355  2694 D bt_btif : bta_gattc_cmpl_cback: conn_id = 4 op = 6 status = 141
05-18 18:23:07.995  2355  2694 I bt_att  : GATT_GetConnectionInfor conn_id=4
05-18 18:23:07.995  2355  2694 D bt_btif : Notification registered!
05-18 18:23:07.995  2355  2694 D bt_btif : bta_gattc_proc_other_indication check                        p_data->att_value.handle=22 p_data->handle=0
05-18 18:23:07.995  2355  2694 D bt_btif : is_notify
05-18 18:23:07.995  2355  2694 D bt_btif : bta_hh_gattc_callback event = 10
05-18 18:23:07.996  2355  2694 D bt_btif : Notification received on report ID: 1
05-18 18:23:07.996  1963  1963 D         : read_message(L587): read buffer res: 0009
05-18 18:23:07.996  2355  2694 E RTKBT_VR_HIDRAW_BEE: RECV HOOK(6) arg={N/A}
05-18 18:23:07.996  2355  2694 D bt_btif : Notification Stolen by RTKBT
05-18 18:23:07.996  2355  2694 D bt_btif : bta_gattc_cmpl_cback: conn_id = 6 op = 6 status = 141
05-18 18:23:07.996  2355  2694 I bt_att  : GATT_GetConnectionInfor conn_id=6
05-18 18:23:07.996  2210  2312 D KeyLayoutMap: gc: scanCode=108, usageCode=0x00070051 
05-18 18:23:07.996  2210  2312 D KeyLayoutMap: gc: usageCode index =-2
05-18 18:23:07.996  2210  2312 E KeyLayoutMap: gc: index = 105
05-18 18:23:07.996  2210  2312 D KeyLayoutMap: gc: scanCode index =105
05-18 18:23:07.996  2210  2312 D KeyLayoutMap: mapKey: scanCode=108, usageCode=0x00070051 ~ Result keyCode=20, outFlags=0x00000000.
05-18 18:23:07.996  2210  2312 D InputDispatcher: notifyKey - eventTime=121555681000, deviceId=4, source=0x301, policyFlags=0x1, action=0x0, flags=0x8, keyCode=0x14, scanCode=0x6c, metaState=0x0, downTime=121555681000
05-18 18:23:07.996  2210  2312 D WindowManager: interceptKeyTq keycode=20 interactive=true keyguardActive=false policyFlags=22000001
05-18 18:23:07.997  2210  2312 D WindowManager: isSystemFilter, sys.isHandleSystemKey=1isUserSetupComplete->trueisDeviceProvisioned->true
05-18 18:23:07.998  2210  2312 D WindowManager: isSystemFilter, sys.isHandleSystemKey=1isUserSetupComplete->trueisDeviceProvisioned->true
05-18 18:23:07.998  2210  2312 D WindowManager: filterKeyEvent do not filter this key. < 20 >
05-18 18:23:07.998  2210  2312 D WindowManager: filterKeyEvent isNeedFilter = false
05-18 18:23:07.998  2210  2312 D WindowManager: interceptKeyTq result=1
05-18 18:23:07.998  2210  2210 D AccessibilityManagerService: onKeyEvent, service=com.nttdocomo.android.devicehelp.access.AccessibilityServiceEx, mRequestFilterKey=true, mServiceInterface=non-null, mInfo->cap=9
05-18 18:23:08.007  2210  3307 D KeyEventDispatcher: setOnKeyEventResult, call back from client.
05-18 18:23:08.007  2210  2210 D InputDispatcher: injectInputEvent - eventType=1, injectorPid=0, injectorUid=0, syncMode=0, timeoutMillis=0, policyFlags=0x66000001
05-18 18:23:08.007  2210  2311 D InputDispatcher: mPendingEvent->type=2 (0:CONFIGURATION_CHANGED, 1:DEVICE_RESET, 2:KEY).
05-18 18:23:08.008  2210  2311 D InputDispatcher: dispatchKeyLocked->keyRepeatTimeout=500000000
05-18 18:23:08.008  2210  2311 D WindowManager: interceptKeyTi keyCode=20 down=true repeatCount=0 keyguardOn=false mHomePressed=false canceled=false
05-18 18:23:08.008  2210  2311 D WindowManager: interceptKeyTp result=0
05-18 18:23:08.008  2210  2311 D InputDispatcher: InterceptKeyBeforeDispatching, delay = 0.
05-18 18:23:08.008  2210  2311 D InputDispatcher: mPendingEvent->type=2 (0:CONFIGURATION_CHANGED, 1:DEVICE_RESET, 2:KEY).
05-18 18:23:08.016  1975  1975 E APM_AudioPolicyManager: getOutput() strategy:0,device 1024, stream 1, samplingRate 0, format 0, channelMask 3, flags 0
05-18 18:23:08.016  2210  2311 I InputDispatcher: Window 'Window{b7ab212 u0 com.android.tv.settings/com.android.tv.settings.MainSettings}' spent 8.1ms processing the last input event: KeyEvent(deviceId=4, source=0x00000301, action=0, flags=0x00000008, keyCode=20, scanCode=108, metaState=0x00000000, repeatCount=0), policyFlags=0x67000001
05-18 18:23:08.016  1975  1975 E APM_AudioPolicyManager: getOutput() strategy:0,device 1024, stream 1, samplingRate 0, format 0, channelMask 3, flags 0
05-18 18:23:08.016  1975  1975 E APM_AudioPolicyManager: getOutput() strategy:0,device 1024, stream 1, samplingRate 0, format 0, channelMask 3, flags 0
05-18 18:23:08.017  1975  1975 D APM_AudioPolicyManager: checkAndSetVolume stream 1,device 400,volumeDb -10.000000,force 0
05-18 18:23:08.085  2355  2694 D bt_btm  : btm_bda_to_acl found
05-18 18:23:08.085  2355  2694 D bt_att  : gatt_get_ch_state: ch_state=4
05-18 18:23:08.085  2355  2694 D bt_att  : gatt_process_notification 
05-18 18:23:08.085  2355  2694 D bt_att  : gatt_get_link_encrypt_status status=0x8d
05-18 18:23:08.085  2355  2694 D bt_btif : bta_gattc_cmpl_cback: conn_id = 3 op = 6 status = 141
05-18 18:23:08.085  2355  2694 I bt_att  : GATT_GetConnectionInfor conn_id=3
05-18 18:23:08.085  2355  2694 D bt_btif : bta_gattc_cmpl_cback: conn_id = 4 op = 6 status = 141
05-18 18:23:08.085  2355  2694 I bt_att  : GATT_GetConnectionInfor conn_id=4
05-18 18:23:08.085  2355  2694 D bt_btif : Notification registered!
05-18 18:23:08.085  2355  2694 D bt_btif : bta_gattc_proc_other_indication check                        p_data->att_value.handle=22 p_data->handle=0
05-18 18:23:08.085  2355  2694 D bt_btif : is_notify
05-18 18:23:08.085  2355  2694 D bt_btif : bta_hh_gattc_callback event = 10
05-18 18:23:08.085  2355  2694 D bt_btif : Notification received on report ID: 1
05-18 18:23:08.086  1963  1963 D         : read_message(L587): read buffer res: 0009
05-18 18:23:08.086  2355  2694 E RTKBT_VR_HIDRAW_BEE: RECV HOOK(6) arg={N/A}
05-18 18:23:08.086  2355  2694 D bt_btif : Notification Stolen by RTKBT
05-18 18:23:08.086  2355  2694 D bt_btif : bta_gattc_cmpl_cback: conn_id = 6 op = 6 status = 141
05-18 18:23:08.086  2355  2694 I bt_att  : GATT_GetConnectionInfor conn_id=6
05-18 18:23:08.086  2210  2312 D KeyLayoutMap: gc: scanCode=108, usageCode=0x00070051 
05-18 18:23:08.086  2210  2312 D KeyLayoutMap: gc: usageCode index =-2
05-18 18:23:08.086  2210  2312 E KeyLayoutMap: gc: index = 105
05-18 18:23:08.086  2210  2312 D KeyLayoutMap: gc: scanCode index =105
05-18 18:23:08.086  2210  2312 D KeyLayoutMap: mapKey: scanCode=108, usageCode=0x00070051 ~ Result keyCode=20, outFlags=0x00000000.
05-18 18:23:08.086  2210  2312 D InputDispatcher: notifyKey - eventTime=121645614000, deviceId=4, source=0x301, policyFlags=0x0, action=0x1, flags=0x8, keyCode=0x14, scanCode=0x6c, metaState=0x0, downTime=121555681000
05-18 18:23:08.086  2210  2312 D WindowManager: interceptKeyTq keycode=20 interactive=true keyguardActive=false policyFlags=22000000
05-18 18:23:08.087  2210  2312 D WindowManager: isSystemFilter, sys.isHandleSystemKey=1isUserSetupComplete->trueisDeviceProvisioned->true
05-18 18:23:08.089  2210  2312 D WindowManager: isSystemFilter, sys.isHandleSystemKey=1isUserSetupComplete->trueisDeviceProvisioned->true
05-18 18:23:08.089  2210  2312 D WindowManager: interceptKeyTq result=1
05-18 18:23:08.090  2210  2210 D AccessibilityManagerService: onKeyEvent, service=com.nttdocomo.android.devicehelp.access.AccessibilityServiceEx, mRequestFilterKey=true, mServiceInterface=non-null, mInfo->cap=9
05-18 18:23:08.093  2210  3307 D KeyEventDispatcher: setOnKeyEventResult, call back from client.
05-18 18:23:08.094  2210  2210 D InputDispatcher: injectInputEvent - eventType=1, injectorPid=0, injectorUid=0, syncMode=0, timeoutMillis=0, policyFlags=0x66000000
05-18 18:23:08.094  2210  2311 D InputDispatcher: mPendingEvent->type=2 (0:CONFIGURATION_CHANGED, 1:DEVICE_RESET, 2:KEY).
05-18 18:23:08.094  2210  2311 D WindowManager: interceptKeyTi keyCode=20 down=false repeatCount=0 keyguardOn=false mHomePressed=false canceled=false
05-18 18:23:08.094  2210  2311 D WindowManager: interceptKeyTp result=0
05-18 18:23:08.094  2210  2311 D InputDispatcher: InterceptKeyBeforeDispatching, delay = 0.
05-18 18:23:08.094  2210  2311 D InputDispatcher: mPendingEvent->type=2 (0:CONFIGURATION_CHANGED, 1:DEVICE_RESET, 2:KEY).
