05-18 18:23:08.102  2450  2450 D InputEventConsistencyVerifier: KeyEvent: ACTION_UP but key was not down.
05-18 18:23:08.102  2450  2450 D InputEventConsistencyVerifier:   in android.widget.LinearLayout{a91b5d3 VFE...C.. .F...... 0,426-720,522 #0}
05-18 18:23:08.102  2450  2450 D InputEventConsistencyVerifier:   0: sent at 121645000000, KeyEvent { action=ACTION_UP, keyCode=KEYCODE_DPAD_DOWN, scanCode=108, metaState=0, flags=0x8, repeatCount=0, eventTime=121645, downTime=121555, deviceId=4, source=0x301 }
05-18 18:23:08.102  2210  2311 I InputDispatcher: Window 'Window{b7ab212 u0 com.android.tv.settings/com.android.tv.settings.MainSettings}' spent 7.6ms processing the last input event: KeyEvent(deviceId=4, source=0x00000301, action=1, flags=0x00000008, keyCode=20, scanCode=108, metaState=0x00000000, repeatCount=0), policyFlags=0x67000000
05-18 18:23:08.151  1943  1943 D audio_hal: out_get_latency: out(0x88f830e0) latency=20
05-18 18:23:08.171  1943  1943 D audio_hal: out_get_latency: out(0x88f830e0) latency=20
05-18 18:23:08.235  2355  2694 D bt_btm  : btm_bda_to_acl found
05-18 18:23:08.235  2355  2694 D bt_att  : gatt_get_ch_state: ch_state=4
05-18 18:23:08.235  2355  2694 D bt_att  : gatt_process_notification 
05-18 18:23:08.235  2355  2694 D bt_att  : gatt_get_link_encrypt_status status=0x8d
05-18 18:23:08.235  2355  2694 D bt_btif : bta_gattc_cmpl_cback: conn_id = 3 op = 6 status = 141
05-18 18:23:08.235  2355  2694 I bt_att  : GATT_GetConnectionInfor conn_id=3
05-18 18:23:08.235  2355  2694 D bt_btif : bta_gattc_cmpl_cback: conn_id = 4 op = 6 status = 141
05-18 18:23:08.235  2355  2694 I bt_att  : GATT_GetConnectionInfor conn_id=4
05-18 18:23:08.235  2355  2694 D bt_btif : Notification registered!
05-18 18:23:08.235  2355  2694 D bt_btif : bta_gattc_proc_other_indication check                        p_data->att_value.handle=22 p_data->handle=0
05-18 18:23:08.235  2355  2694 D bt_btif : is_notify
05-18 18:23:08.235  2355  2694 D bt_btif : bta_hh_gattc_callback event = 10
05-18 18:23:08.235  2355  2694 D bt_btif : Notification received on report ID: 1
05-18 18:23:08.236  1963  1963 D         : read_message(L587): read buffer res: 0009
05-18 18:23:08.236  2355  2694 E RTKBT_VR_HIDRAW_BEE: RECV HOOK(6) arg={N/A}
05-18 18:23:08.236  2355  2694 D bt_btif : Notification Stolen by RTKBT
05-18 18:23:08.236  2355  2694 D bt_btif : bta_gattc_cmpl_cback: conn_id = 6 op = 6 status = 141
05-18 18:23:08.236  2355  2694 I bt_att  : GATT_GetConnectionInfor conn_id=6
05-18 18:23:08.236  2210  2312 D KeyLayoutMap: gc: scanCode=108, usageCode=0x00070051 
05-18 18:23:08.236  2210  2312 D KeyLayoutMap: gc: usageCode index =-2
05-18 18:23:08.236  2210  2312 E KeyLayoutMap: gc: index = 105
05-18 18:23:08.236  2210  2312 D KeyLayoutMap: gc: scanCode index =105
05-18 18:23:08.236  2210  2312 D KeyLayoutMap: mapKey: scanCode=108, usageCode=0x00070051 ~ Result keyCode=20, outFlags=0x00000000.
05-18 18:23:08.236  2210  2312 D InputDispatcher: notifyKey - eventTime=121795510000, deviceId=4, source=0x301, policyFlags=0x1, action=0x0, flags=0x8, keyCode=0x14, scanCode=0x6c, metaState=0x0, downTime=121795510000
05-18 18:23:08.236  2210  2312 D WindowManager: interceptKeyTq keycode=20 interactive=true keyguardActive=false policyFlags=22000001
05-18 18:23:08.237  2210  2312 D WindowManager: isSystemFilter, sys.isHandleSystemKey=1isUserSetupComplete->trueisDeviceProvisioned->true
05-18 18:23:08.238  2210  2312 D WindowManager: isSystemFilter, sys.isHandleSystemKey=1isUserSetupComplete->trueisDeviceProvisioned->true
05-18 18:23:08.238  2210  2312 D WindowManager: filterKeyEvent do not filter this key. < 20 >
05-18 18:23:08.238  2210  2312 D WindowManager: filterKeyEvent isNeedFilter = false
05-18 18:23:08.238  2210  2312 D WindowManager: interceptKeyTq result=1
05-18 18:23:08.238  2210  2210 D AccessibilityManagerService: onKeyEvent, service=com.nttdocomo.android.devicehelp.access.AccessibilityServiceEx, mRequestFilterKey=true, mServiceInterface=non-null, mInfo->cap=9
05-18 18:23:08.252  2210  3084 D KeyEventDispatcher: setOnKeyEventResult, call back from client.
05-18 18:23:08.253  2210  2210 D InputDispatcher: injectInputEvent - eventType=1, injectorPid=0, injectorUid=0, syncMode=0, timeoutMillis=0, policyFlags=0x66000001
05-18 18:23:08.253  2210  2311 D InputDispatcher: mPendingEvent->type=2 (0:CONFIGURATION_CHANGED, 1:DEVICE_RESET, 2:KEY).
05-18 18:23:08.253  2210  2311 D InputDispatcher: dispatchKeyLocked->keyRepeatTimeout=500000000
05-18 18:23:08.254  2210  2311 D WindowManager: interceptKeyTi keyCode=20 down=true repeatCount=0 keyguardOn=false mHomePressed=false canceled=false
05-18 18:23:08.254  2210  2311 D WindowManager: interceptKeyTp result=0
05-18 18:23:08.255  2210  2311 D InputDispatcher: InterceptKeyBeforeDispatching, delay = 0.
05-18 18:23:08.255  2210  2311 D InputDispatcher: mPendingEvent->type=2 (0:CONFIGURATION_CHANGED, 1:DEVICE_RESET, 2:KEY).
05-18 18:23:08.260  2210  2311 I InputDispatcher: Window 'Window{b7ab212 u0 com.android.tv.settings/com.android.tv.settings.MainSettings}' spent 5.7ms processing the last input event: KeyEvent(deviceId=4, source=0x00000301, action=0, flags=0x00000008, keyCode=20, scanCode=108, metaState=0x00000000, repeatCount=0), policyFlags=0x67000001
05-18 18:23:08.261  1975  1975 E APM_AudioPolicyManager: getOutput() strategy:0,device 1024, stream 1, samplingRate 0, format 0, channelMask 3, flags 0
05-18 18:23:08.262  1975  2093 E APM_AudioPolicyManager: getOutput() strategy:0,device 1024, stream 1, samplingRate 0, format 0, channelMask 3, flags 0
05-18 18:23:08.262  1975  1975 D APM_AudioPolicyManager: checkAndSetVolume stream 1,device 400,volumeDb -10.000000,force 0
05-18 18:23:08.295  2355  2694 D bt_btm  : btm_bda_to_acl found
05-18 18:23:08.295  2355  2694 D bt_l2cap: TotalWin=15,Hndl=0x10,Quota=16,Unack=1,RRQuota=0,RRUnack=0
05-18 18:23:08.295  2355  2694 D bt_btm  : btm_bda_to_acl found
05-18 18:23:08.295  2355  2694 W bt_l2cap: l2cble_start_conn_update: interval min=12,max=12
05-18 18:23:08.295  2355  2694 I bt_btm  : btm_find_or_alloc_dev
05-18 18:23:08.305  2450  2461 I zygote  : Do partial code cache collection, code=58KB, data=47KB
05-18 18:23:08.307  2450  2461 I zygote  : After code cache collection, code=58KB, data=47KB
05-18 18:23:08.307  2450  2461 I zygote  : Increasing code cache capacity to 256KB
05-18 18:23:08.311  2355  2694 D bt_l2cap: TotalWin=16,LinkUnack(0x10)=0,RRCheck=0,RRUnack=0
05-18 18:23:08.338  2811  2811 D OtaService: MSG No 0
05-18 18:23:08.345  2811  2811 I RcuDeviceManager: getConnectedRemote call isConnected.
05-18 18:23:08.346  2355  2367 D bt_btif : btif_dm_get_connection_state: security flags (BR/EDR)=0x88
05-18 18:23:08.346  2355  2367 D bt_btif : btif_dm_get_connection_state: security flags (LE)=0x16
05-18 18:23:08.347  2811  2811 D OtaService: Device ID = D3C3
05-18 18:23:08.347  2811  2811 D OtaService: newFwVersion=48,newPatchVersion=15897
05-18 18:23:08.347  2811  2811 D OtaService: modul name->TT01
05-18 18:23:08.347  2811  2811 D OtaService: the image is for M380-60, go on.
05-18 18:23:08.347  2811  2811 D GlobalGatt: registerCallback, addr: D3C3
05-18 18:23:08.347  2811  2811 D GlobalGatt: mCallbacks.get(addr) == null, addr: D3C3
05-18 18:23:08.347  2811  2811 D GlobalGatt: mCallbacks.get(addr) = [com.huawei.rcu.OtaService$RcuGattCallback@fae18c0]. mCallbacks.size(): 1, addr: D3C3
05-18 18:23:08.348  2811  2811 E GlobalGatt: mCallbacks list: D3C3
05-18 18:23:08.348  2811  2811 D GlobalGatt: Trying to create a new connection.
05-18 18:23:08.348  2811  2811 D BluetoothDevice: connectGatt: package = com.huawei.rcu
05-18 18:23:08.349  2811  2811 D BluetoothGatt: connect() - device: 30:74:96:EA:D3:C3, auto: false
05-18 18:23:08.349  2811  2811 D BluetoothGatt: registerApp()
05-18 18:23:08.349  2811  2811 D BluetoothGatt: registerApp() - UUID=c3945bbb-1d20-424c-bc8d-f265d87af4dd
05-18 18:23:08.350  2355  2367 D BtGatt.GattService: registerClient() - UUID=c3945bbb-1d20-424c-bc8d-f265d87af4dd
05-18 18:23:08.351  2355  2458 I bt_btif : do_in_bta_thread: posting BTA_GATTC_AppRegister@device/hisilicon/bigfish/bluetooth/rtkbt/code/bt/bta/gatt/bta_gattc_api.cc:91
05-18 18:23:08.351  2355  2694 I bt_btif : bta_sys_event: Event 0x2b00
05-18 18:23:08.351  2355  2694 I bt_btif : bta_closure_execute: executing closure BTA_GATTC_AppRegister@device/hisilicon/bigfish/bluetooth/rtkbt/code/bt/bta/gatt/bta_gattc_api.cc:91
05-18 18:23:08.351  2355  2694 D bt_btif : bta_gattc_register state 2
05-18 18:23:08.351  2355  2694 I bt_att  : GATT_Register
05-18 18:23:08.351  2355  2694 D bt_att  : UUID=[0x5c388f966bdcea977e013e67fce141a1]
05-18 18:23:08.351  2355  2694 I bt_att  : GATT_Register: allocated gatt_if=7
05-18 18:23:08.351  2355  2694 I bt_btif : bta_sys_event: Event 0x1f12
05-18 18:23:08.351  2355  2694 D bt_btif : bta_gattc_hdl_event: Event [BTA_GATTC_INT_START_IF_EVT]
05-18 18:23:08.351  2355  2694 I bt_att  : GATT_StartIf gatt_if=7
05-18 18:23:08.351  2355  2694 D bt_att  : gatt_find_the_connected_bda start_idx=0
05-18 18:23:08.351  2355  2694 D bt_att  : gatt_find_the_connected_bda bda :30-74-96-ea-d3-c3
05-18 18:23:08.351  2355  2694 D bt_att  : gatt_find_the_connected_bda found=1 found_idx=0
05-18 18:23:08.351  2355  2694 D bt_att  : gatt_find_the_connected_bda start_idx=1
05-18 18:23:08.351  2355  2694 D bt_att  : gatt_find_the_connected_bda found=0 found_idx=7
05-18 18:23:08.351  2355  2694 I bt_btif : bta_sys_event: Event 0x1f0d
05-18 18:23:08.351  2355  2694 D bt_btif : bta_gattc_hdl_event: Event [BTA_GATTC_INT_CONN_EVT]
05-18 18:23:08.351  2355  2694 D bt_btif : Ignore unknown conn ID: 7
05-18 18:23:08.352  2355  2458 I bt_btif : HAL bt_gatt_callbacks->client->register_client_cb
05-18 18:23:08.352  2355  2458 D BtGatt.GattService: onClientRegistered() - UUID=c3945bbb-1d20-424c-bc8d-f265d87af4dd, clientIf=7
05-18 18:23:08.353  2811  4752 D BluetoothGatt: onClientRegistered() - status=0 clientIf=7
05-18 18:23:08.357  2355  2367 D bt_btif : btif_dm_get_connection_state: security flags (BR/EDR)=0x88
05-18 18:23:08.357  2355  2367 D bt_btif : btif_dm_get_connection_state: security flags (LE)=0x16
05-18 18:23:08.364  2355  2367 D BtGatt.GattService: clientConnect() - address=30:74:96:EA:D3:C3, isDirect=true, phy= 1
05-18 18:23:08.364  2355  2458 D bt_btif_config: btif_get_address_type: Device [30:74:96:ea:d3:c3] address type 0
05-18 18:23:08.364  2355  2458 D bt_btif_config: btif_get_device_type: Device [30:74:96:ea:d3:c3] type 2
05-18 18:23:08.365  2355  2694 I bt_btif : bta_sys_event: Event 0x112
05-18 18:23:08.365  2355  2694 I bt_btif : bta_dm_sm_execute event:0x12
05-18 18:23:08.365  2355  2694 D bt_btm  : BTM_SecAddBleDevice: dev_type=0x2
05-18 18:23:08.365  2355  2694 I bt_btm  : BTM_InqDbRead: bd addr [307496ead3c3]
05-18 18:23:08.365  2355  2458 D bt_btif : btif_gattc_open_impl Transport=2, device type=2, phy=1
05-18 18:23:08.365  2355  2694 I bt_btif : bta_sys_event: Event 0x1f00
05-18 18:23:08.365  2355  2694 D bt_btif : bta_gattc_hdl_event: Event [BTA_GATTC_API_OPEN_EVT]
05-18 18:23:08.365  2355  2694 D bt_btif : bta_gattc_clcb_alloc: found clcb[2] available
05-18 18:23:08.365  2355  2694 D bt_btif : bta_gattc_sm_execute: State 0x00 [GATTC_IDLE_ST], Event 0x1f00[BTA_GATTC_API_OPEN_EVT]
05-18 18:23:08.365  2355  2694 I bt_att  : GATT_Connect gatt_if=7
05-18 18:23:08.365  2355  2694 D bt_att  : gatt_get_ch_state: ch_state=4
05-18 18:23:08.365  2355  2694 D bt_att  : gatt_num_apps_hold_link   num=3
05-18 18:23:08.365  2355  2694 D bt_att  : gatt_update_app_use_link_flag: is_add=1 chk_link=0
05-18 18:23:08.365  2355  2694 D bt_att  : gatt_update_app_hold_link_status: added gatt_if=7 idx=3 
05-18 18:23:08.365  2355  2694 E bt_btif : bta_gattc_open, a connected remote device
05-18 18:23:08.365  2355  2694 D bt_att  : gatt_get_ch_state: ch_state=4
05-18 18:23:08.365  2355  2694 I bt_att  : GATT_GetConnIdIfConnected status=1
05-18 18:23:08.365  2355  2694 D bt_btif : bta_gattc_sm_execute: State 0x01 [GATTC_W4_CONN_ST], Event 0x1f0d[BTA_GATTC_INT_CONN_EVT]
05-18 18:23:08.365  2355  2694 D bt_btif : bta_gattc_conn server cache state=0
05-18 18:23:08.365  2355  2694 D bt_btif : bta_gattc_conn conn_id=7
05-18 18:23:08.365  2355  2694 I bt_att  : GATT_GetConnectionInfor conn_id=7
05-18 18:23:08.365  2355  2694 D bt_btif : btif_transfer_context event 2, len 616
05-18 18:23:08.365  2355  2694 D bt_btif : GATTC State Change: [GATTC_W4_CONN_ST] -> [GATTC_CONN_ST] after Event [BTA_GATTC_INT_CONN_EVT]
05-18 18:23:08.365  2355  2694 D bt_btif : GATTC State Change: [GATTC_IDLE_ST] -> [GATTC_CONN_ST] after Event [BTA_GATTC_API_OPEN_EVT]
05-18 18:23:08.366  2355  2458 D bt_btif : btif task fetched event a001
05-18 18:23:08.366  2355  2458 D bt_btif : btif_context_switched
05-18 18:23:08.366  2355  2458 I bt_btif : HAL bt_gatt_callbacks->client->open_cb
05-18 18:23:08.366  2355  2458 D BtGatt.GattService: onConnected() - clientIf=7, connId=7, address=30:74:96:EA:D3:C3
05-18 18:23:08.366  2355  2458 I bt_btif : HAL bt_gatt_callbacks->client->configure_mtu_cb
05-18 18:23:08.367  2355  2458 D BtGatt.GattService: onConfigureMTU() address=30:74:96:EA:D3:C3, status=0, mtu=123
05-18 18:23:08.367  2811  4752 D BluetoothGatt: onClientConnectionState() - status=0 clientIf=7 device=30:74:96:EA:D3:C3
05-18 18:23:08.367  2811  4752 D GlobalGatt: mBluetoothGatts.get(addr) = android.bluetooth.BluetoothGatt@d2b39f9. mBluetoothGatts.size(): 1, addr: D3C3
05-18 18:23:08.367  2811  4752 E GlobalGatt: mBluetoothGatts list: D3C3
05-18 18:23:08.367  2811  4752 D OtaService: onConnectionStateChange: status = 0,newState = 2
05-18 18:23:08.367  2811  4752 D OtaService: Start to Discovery  gatt = android.bluetooth.BluetoothGatt@d2b39f9
05-18 18:23:08.367  2811  4752 D BluetoothGatt: discoverServices() - device: 30:74:96:EA:D3:C3
05-18 18:23:08.371  2355  2367 D BtGatt.GattService: discoverServices() - address=30:74:96:EA:D3:C3, connId=7
05-18 18:23:08.371  2355  2694 I bt_btif : bta_sys_event: Event 0x1f09
05-18 18:23:08.371  2355  2694 D bt_btif : bta_gattc_hdl_event: Event [BTA_GATTC_API_SEARCH_EVT]
05-18 18:23:08.371  2355  2694 D bt_btif : bta_gattc_sm_execute: State 0x02 [GATTC_CONN_ST], Event 0x1f09[BTA_GATTC_API_SEARCH_EVT]
05-18 18:23:08.371  2355  2694 D bt_btif : bta_gattc_search conn_id=7
05-18 18:23:08.371  2355  2694 D bt_btif : found service [0x1800], inst[1] handle [1]
05-18 18:23:08.371  2355  2694 D bt_btif : btif_transfer_context event 7, len 616
05-18 18:23:08.371  2355  2694 D bt_btif : found service [0x1812], inst[8] handle [8]
05-18 18:23:08.371  2355  2694 D bt_btif : btif_transfer_context event 7, len 616
05-18 18:23:08.371  2355  2694 D bt_btif : found service [0x1801], inst[44] handle [44]
05-18 18:23:08.371  2355  2694 D bt_btif : btif_transfer_context event 7, len 616
05-18 18:23:08.371  2355  2694 D bt_btif : found service [0x180f], inst[48] handle [48]
05-18 18:23:08.371  2355  2694 D bt_btif : btif_transfer_context event 7, len 616
05-18 18:23:08.372  2355  2694 D bt_btif : found service [0x180a], inst[52] handle [52]
05-18 18:23:08.372  2355  2694 D bt_btif : btif_transfer_context event 7, len 616
05-18 18:23:08.372  2355  2694 D bt_btif : found service [0xa212], inst[71] handle [71]
05-18 18:23:08.372  2355  2694 D bt_btif : btif_transfer_context event 7, len 616
05-18 18:23:08.372  2355  2694 D bt_btif : found service [0xa212], inst[88] handle [88]
05-18 18:23:08.372  1943  1943 D audio_hal: out_get_latency: out(0x88f830e0) latency=20
05-18 18:23:08.372  2355  2694 D bt_btif : btif_transfer_context event 7, len 616
05-18 18:23:08.372  2355  2694 D bt_btif : found service [0x1802], inst[94] handle [94]
05-18 18:23:08.372  2355  2694 D bt_btif : btif_transfer_context event 7, len 616
05-18 18:23:08.372  2355  2694 D bt_btif : btif_transfer_context event 6, len 616
05-18 18:23:08.372  2355  2458 D bt_btif : btif task fetched event a001
05-18 18:23:08.371  2811  4752 D BluetoothGatt: onConfigureMTU() - Device=30:74:96:EA:D3:C3 mtu=123 status=0
05-18 18:23:08.372  2355  2458 D bt_btif : btif_context_switched
05-18 18:23:08.372  2355  2458 E bt_btif_gattc: btif_gattc_upstreams_evt: Unhandled event (7)!
05-18 18:23:08.372  2355  2458 D bt_btif : btif task fetched event a001
05-18 18:23:08.372  2355  2458 D bt_btif : btif_context_switched
05-18 18:23:08.372  2355  2458 E bt_btif_gattc: btif_gattc_upstreams_evt: Unhandled event (7)!
05-18 18:23:08.372  2355  2458 D bt_btif : btif task fetched event a001
05-18 18:23:08.372  2355  2458 D bt_btif : btif_context_switched
05-18 18:23:08.372  2811  4752 E GlobalGatt: onMtuChanged new mtu is 123
05-18 18:23:08.372  2355  2458 E bt_btif_gattc: btif_gattc_upstreams_evt: Unhandled event (7)!
05-18 18:23:08.372  2355  2458 D bt_btif : btif task fetched event a001
05-18 18:23:08.372  2811  4752 E GlobalGatt: onMtuChanged new status is 0
05-18 18:23:08.372  2355  2458 D bt_btif : btif_context_switched
05-18 18:23:08.372  2355  2458 E bt_btif_gattc: btif_gattc_upstreams_evt: Unhandled event (7)!
05-18 18:23:08.372  2355  2458 D bt_btif : btif task fetched event a001
05-18 18:23:08.372  2355  2458 D bt_btif : btif_context_switched
05-18 18:23:08.372  2355  2458 E bt_btif_gattc: btif_gattc_upstreams_evt: Unhandled event (7)!
05-18 18:23:08.372  2355  2458 D bt_btif : btif task fetched event a001
05-18 18:23:08.372  2355  2458 D bt_btif : btif_context_switched
05-18 18:23:08.372  2355  2458 E bt_btif_gattc: btif_gattc_upstreams_evt: Unhandled event (7)!
05-18 18:23:08.373  2355  2458 D bt_btif : btif task fetched event a001
05-18 18:23:08.373  2355  2458 D bt_btif : btif_context_switched
05-18 18:23:08.373  2355  2458 E bt_btif_gattc: btif_gattc_upstreams_evt: Unhandled event (7)!
05-18 18:23:08.373  2355  2458 D bt_btif : btif task fetched event a001
05-18 18:23:08.373  2355  2458 D bt_btif : btif_context_switched
05-18 18:23:08.373  2355  2458 E bt_btif_gattc: btif_gattc_upstreams_evt: Unhandled event (7)!
05-18 18:23:08.373  2355  2458 D bt_btif : btif task fetched event a001
05-18 18:23:08.373  2355  2458 D bt_btif : btif_context_switched
05-18 18:23:08.373  2355  2458 I bt_btif : HAL bt_gatt_callbacks->client->search_complete_cb
05-18 18:23:08.373  2355  2458 D BtGatt.GattService: onSearchCompleted() - connId=7, status=0
05-18 18:23:08.374  2355  2458 D bt_bta_gattc: bta_gattc_get_gatt_db
05-18 18:23:08.378  2355  2458 D bt_btif : bta_gattc_get_gatt_db_impl: start_handle 0x0000, end_handle 0xffff
05-18 18:23:08.378  2355  2458 I bt_btif : HAL bt_gatt_callbacks->client->get_gatt_db_cb
05-18 18:23:08.380  2355  2458 D BtGatt.GattService: onGetGattDb() - address=30:74:96:EA:D3:C3
05-18 18:23:08.380  2355  2458 D BtGatt.GattService: got service with UUID=00001800-0000-1000-8000-00805f9b34fb
05-18 18:23:08.380  2355  2458 D BtGatt.GattService: got characteristic with UUID=00002a00-0000-1000-8000-00805f9b34fb
05-18 18:23:08.380  2355  2458 D BtGatt.GattService: got characteristic with UUID=00002a01-0000-1000-8000-00805f9b34fb
05-18 18:23:08.380  2355  2458 D BtGatt.GattService: got characteristic with UUID=00002a04-0000-1000-8000-00805f9b34fb
05-18 18:23:08.380  2355  2458 D BtGatt.GattService: got service with UUID=00001812-0000-1000-8000-00805f9b34fb
05-18 18:23:08.380  2355  2458 D BtGatt.GattService: got characteristic with UUID=00002a4a-0000-1000-8000-00805f9b34fb
05-18 18:23:08.380  2355  2458 D BtGatt.GattService: got characteristic with UUID=00002a4c-0000-1000-8000-00805f9b34fb
05-18 18:23:08.380  2355  2458 D BtGatt.GattService: got characteristic with UUID=00002a4e-0000-1000-8000-00805f9b34fb
05-18 18:23:08.380  2355  2458 D BtGatt.GattService: got characteristic with UUID=00002a4b-0000-1000-8000-00805f9b34fb
05-18 18:23:08.380  2355  2458 D BtGatt.GattService: got characteristic with UUID=00002a4d-0000-1000-8000-00805f9b34fb
05-18 18:23:08.380  2355  2458 D BtGatt.GattService: got descriptor with UUID=00002902-0000-1000-8000-00805f9b34fb
05-18 18:23:08.381  2355  2458 D BtGatt.GattService: got descriptor with UUID=00002908-0000-1000-8000-00805f9b34fb
05-18 18:23:08.381  2355  2458 D BtGatt.GattService: got characteristic with UUID=00002a4d-0000-1000-8000-00805f9b34fb
05-18 18:23:08.381  2355  2458 D BtGatt.GattService: got descriptor with UUID=00002902-0000-1000-8000-00805f9b34fb
05-18 18:23:08.381  2355  2458 D BtGatt.GattService: got descriptor with UUID=00002908-0000-1000-8000-00805f9b34fb
05-18 18:23:08.381  2355  2458 D BtGatt.GattService: got characteristic with UUID=00002a4d-0000-1000-8000-00805f9b34fb
05-18 18:23:08.381  2355  2458 D BtGatt.GattService: got descriptor with UUID=00002908-0000-1000-8000-00805f9b34fb
05-18 18:23:08.381  2355  2458 D BtGatt.GattService: got characteristic with UUID=00002a4d-0000-1000-8000-00805f9b34fb
05-18 18:23:08.381  2355  2458 D BtGatt.GattService: got descriptor with UUID=00002902-0000-1000-8000-00805f9b34fb
05-18 18:23:08.381  2355  2458 D BtGatt.GattService: got descriptor with UUID=00002908-0000-1000-8000-00805f9b34fb
05-18 18:23:08.381  2355  2458 D BtGatt.GattService: got characteristic with UUID=00002a4d-0000-1000-8000-00805f9b34fb
05-18 18:23:08.381  2355  2458 D BtGatt.GattService: got descriptor with UUID=00002902-0000-1000-8000-00805f9b34fb
05-18 18:23:08.382  2355  2458 D BtGatt.GattService: got descriptor with UUID=00002908-0000-1000-8000-00805f9b34fb
05-18 18:23:08.382  2355  2458 D BtGatt.GattService: got characteristic with UUID=00002a4d-0000-1000-8000-00805f9b34fb
05-18 18:23:08.382  2355  2458 D BtGatt.GattService: got descriptor with UUID=00002908-0000-1000-8000-00805f9b34fb
05-18 18:23:08.382  2355  2458 D BtGatt.GattService: got characteristic with UUID=0000ffc1-0000-1000-8000-00805f9b34fb
05-18 18:23:08.382  2355  2458 D BtGatt.GattService: got characteristic with UUID=0000ffc2-0000-1000-8000-00805f9b34fb
05-18 18:23:08.382  2355  2458 D BtGatt.GattService: got descriptor with UUID=00002902-0000-1000-8000-00805f9b34fb
05-18 18:23:08.382  2355  2458 D BtGatt.GattService: got service with UUID=00001801-0000-1000-8000-00805f9b34fb
05-18 18:23:08.382  2355  2458 D BtGatt.GattService: got characteristic with UUID=00002a05-0000-1000-8000-00805f9b34fb
05-18 18:23:08.382  2355  2458 D BtGatt.GattService: got descriptor with UUID=00002902-0000-1000-8000-00805f9b34fb
05-18 18:23:08.382  2355  2458 D BtGatt.GattService: got service with UUID=0000180f-0000-1000-8000-00805f9b34fb
05-18 18:23:08.382  2355  2458 D BtGatt.GattService: got characteristic with UUID=00002a19-0000-1000-8000-00805f9b34fb
05-18 18:23:08.382  2355  2458 D BtGatt.GattService: got descriptor with UUID=00002902-0000-1000-8000-00805f9b34fb
05-18 18:23:08.382  2355  2458 D BtGatt.GattService: got service with UUID=0000180a-0000-1000-8000-00805f9b34fb
05-18 18:23:08.382  2355  2458 D BtGatt.GattService: got characteristic with UUID=00002a29-0000-1000-8000-00805f9b34fb
05-18 18:23:08.382  2355  2458 D BtGatt.GattService: got characteristic with UUID=00002a24-0000-1000-8000-00805f9b34fb
05-18 18:23:08.382  2355  2458 D BtGatt.GattService: got characteristic with UUID=00002a25-0000-1000-8000-00805f9b34fb
05-18 18:23:08.382  2355  2458 D BtGatt.GattService: got characteristic with UUID=00002a27-0000-1000-8000-00805f9b34fb
05-18 18:23:08.382  2355  2458 D BtGatt.GattService: got characteristic with UUID=00002a26-0000-1000-8000-00805f9b34fb
05-18 18:23:08.382  2355  2458 D BtGatt.GattService: got characteristic with UUID=00002a28-0000-1000-8000-00805f9b34fb
05-18 18:23:08.382  2355  2458 D BtGatt.GattService: got characteristic with UUID=00002a23-0000-1000-8000-00805f9b34fb
05-18 18:23:08.382  2355  2458 D BtGatt.GattService: got characteristic with UUID=00002a2a-0000-1000-8000-00805f9b34fb
05-18 18:23:08.382  2355  2458 D BtGatt.GattService: got characteristic with UUID=00002a50-0000-1000-8000-00805f9b34fb
05-18 18:23:08.382  2355  2458 D BtGatt.GattService: got service with UUID=0000d0ff-3c17-d293-8e48-14fe2e4da212
05-18 18:23:08.382  2355  2458 D BtGatt.GattService: got characteristic with UUID=0000ffd1-0000-1000-8000-00805f9b34fb
05-18 18:23:08.382  2355  2458 D BtGatt.GattService: got characteristic with UUID=0000ffd2-0000-1000-8000-00805f9b34fb
05-18 18:23:08.382  2355  2458 D BtGatt.GattService: got characteristic with UUID=0000ffd3-0000-1000-8000-00805f9b34fb
05-18 18:23:08.382  2355  2458 D BtGatt.GattService: got characteristic with UUID=0000ffd4-0000-1000-8000-00805f9b34fb
05-18 18:23:08.383  2355  2458 D BtGatt.GattService: got characteristic with UUID=0000ffd5-0000-1000-8000-00805f9b34fb
05-18 18:23:08.383  2355  2458 D BtGatt.GattService: got characteristic with UUID=0000ffd8-0000-1000-8000-00805f9b34fb
05-18 18:23:08.383  2355  2458 D BtGatt.GattService: got characteristic with UUID=0000fff1-0000-1000-8000-00805f9b34fb
05-18 18:23:08.383  2355  2458 D BtGatt.GattService: got characteristic with UUID=0000fff2-0000-1000-8000-00805f9b34fb
05-18 18:23:08.383  2355  2458 D BtGatt.GattService: got service with UUID=00006287-3c17-d293-8e48-14fe2e4da212
05-18 18:23:08.383  2355  2458 D BtGatt.GattService: got characteristic with UUID=00006387-3c17-d293-8e48-14fe2e4da212
05-18 18:23:08.383  2355  2458 D BtGatt.GattService: got characteristic with UUID=00006487-3c17-d293-8e48-14fe2e4da212
05-18 18:23:08.383  2355  2458 D BtGatt.GattService: got descriptor with UUID=00002902-0000-1000-8000-00805f9b34fb
05-18 18:23:08.383  2355  2458 D BtGatt.GattService: got service with UUID=00001802-0000-1000-8000-00805f9b34fb
05-18 18:23:08.383  2355  2458 D BtGatt.GattService: got characteristic with UUID=00002a06-0000-1000-8000-00805f9b34fb
05-18 18:23:08.385  2355  2694 D bt_btm  : btm_bda_to_acl found
05-18 18:23:08.385  2355  2694 D bt_att  : gatt_get_ch_state: ch_state=4
05-18 18:23:08.385  2355  2694 D bt_att  : gatt_process_notification 
05-18 18:23:08.385  2355  2694 D bt_att  : gatt_get_link_encrypt_status status=0x8d
05-18 18:23:08.385  2355  2694 D bt_btif : bta_gattc_cmpl_cback: conn_id = 3 op = 6 status = 141
05-18 18:23:08.385  2355  2694 I bt_att  : GATT_GetConnectionInfor conn_id=3
05-18 18:23:08.385  2355  2694 D bt_btif : bta_gattc_cmpl_cback: conn_id = 4 op = 6 status = 141
05-18 18:23:08.385  2355  2694 I bt_att  : GATT_GetConnectionInfor conn_id=4
05-18 18:23:08.385  2355  2694 D bt_btif : Notification registered!
05-18 18:23:08.385  2355  2694 D bt_btif : bta_gattc_proc_other_indication check                        p_data->att_value.handle=22 p_data->handle=0
05-18 18:23:08.385  2355  2694 D bt_btif : is_notify
05-18 18:23:08.385  2355  2694 D bt_btif : bta_hh_gattc_callback event = 10
05-18 18:23:08.385  2355  2694 D bt_btif : Notification received on report ID: 1
05-18 18:23:08.385  1963  1963 D         : read_message(L587): read buffer res: 0009
05-18 18:23:08.385  2355  2694 E RTKBT_VR_HIDRAW_BEE: RECV HOOK(6) arg={N/A}
05-18 18:23:08.385  2355  2694 D bt_btif : Notification Stolen by RTKBT
05-18 18:23:08.385  2355  2694 D bt_btif : bta_gattc_cmpl_cback: conn_id = 6 op = 6 status = 141
05-18 18:23:08.385  2355  2694 I bt_att  : GATT_GetConnectionInfor conn_id=6
05-18 18:23:08.385  2210  2312 D KeyLayoutMap: gc: scanCode=108, usageCode=0x00070051 
05-18 18:23:08.385  2355  2694 D bt_btif : bta_gattc_cmpl_cback: conn_id = 7 op = 6 status = 141
05-18 18:23:08.385  2210  2312 D KeyLayoutMap: gc: usageCode index =-2
05-18 18:23:08.385  2355  2694 I bt_att  : GATT_GetConnectionInfor conn_id=7
05-18 18:23:08.385  2210  2312 E KeyLayoutMap: gc: index = 105
05-18 18:23:08.385  2210  2312 D KeyLayoutMap: gc: scanCode index =105
05-18 18:23:08.385  2210  2312 D KeyLayoutMap: mapKey: scanCode=108, usageCode=0x00070051 ~ Result keyCode=20, outFlags=0x00000000.
05-18 18:23:08.386  2210  2312 D InputDispatcher: notifyKey - eventTime=121945230000, deviceId=4, source=0x301, policyFlags=0x0, action=0x1, flags=0x8, keyCode=0x14, scanCode=0x6c, metaState=0x0, downTime=121795510000
05-18 18:23:08.386  2210  2312 D WindowManager: interceptKeyTq keycode=20 interactive=true keyguardActive=false policyFlags=22000000
05-18 18:23:08.386  2811  4752 D BluetoothGatt: onSearchComplete() = Device=30:74:96:EA:D3:C3 Status=0
05-18 18:23:08.386  2210  2312 D WindowManager: isSystemFilter, sys.isHandleSystemKey=1isUserSetupComplete->trueisDeviceProvisioned->true
05-18 18:23:08.386  2811  4752 D OtaService: onServicesDiscovered: status = 0
05-18 18:23:08.387  2811  4752 D OtaService: OTA service = 0000d0ff-3c17-d293-8e48-14fe2e4da212
05-18 18:23:08.387  2811  4752 D OtaService: mEnterOTACharacteristic = 0000ffd4-0000-1000-8000-00805f9b34fb
05-18 18:23:08.387  2811  4752 D OtaService: read readDeviceinfo:0000ffd4-0000-1000-8000-00805f9b34fb
05-18 18:23:08.387  2210  2312 D WindowManager: isSystemFilter, sys.isHandleSystemKey=1isUserSetupComplete->trueisDeviceProvisioned->true
05-18 18:23:08.387  2210  2312 D WindowManager: interceptKeyTq result=1
05-18 18:23:08.387  2210  2210 D AccessibilityManagerService: onKeyEvent, service=com.nttdocomo.android.devicehelp.access.AccessibilityServiceEx, mRequestFilterKey=true, mServiceInterface=non-null, mInfo->cap=9
05-18 18:23:08.388  2355  2367 D BtGatt.GattService: readCharacteristic() - address=30:74:96:EA:D3:C3
05-18 18:23:08.389  2355  2694 I bt_btif : bta_sys_event: Event 0x1f04
05-18 18:23:08.389  2355  2694 D bt_btif : bta_gattc_hdl_event: Event [BTA_GATTC_API_READ_EVT]
05-18 18:23:08.389  2355  2694 D bt_btif : bta_gattc_sm_execute: State 0x02 [GATTC_CONN_ST], Event 0x1f04[BTA_GATTC_API_READ_EVT]
05-18 18:23:08.389  2355  2694 I bt_att  : GATTC_Read conn_id=7 type=2
05-18 18:23:08.389  2355  2694 I bt_l2cap: L2CA_SendFixedChnlData()  CID: 0x0004  BDA: 307496ead3c3
05-18 18:23:08.389  2811  4752 D OtaService: mReadPatchCharacteristic = 0000ffd2-0000-1000-8000-00805f9b34fb
05-18 18:23:08.389  2355  2694 D bt_l2cap: TotalWin=15,Hndl=0x10,Quota=16,Unack=1,RRQuota=0,RRUnack=0
05-18 18:23:08.389  2355  2694 D bt_l2cap: l2cu_no_dynamic_ccbs starting IDLE timeout: 65535000 ms
05-18 18:23:08.389  2811  4752 D OtaService: mReadBankCharacteristic = 0000fff1-0000-1000-8000-00805f9b34fb
05-18 18:23:08.390  2210  2844 D KeyEventDispatcher: setOnKeyEventResult, call back from client.
05-18 18:23:08.390  2210  2210 D InputDispatcher: injectInputEvent - eventType=1, injectorPid=0, injectorUid=0, syncMode=0, timeoutMillis=0, policyFlags=0x66000000
05-18 18:23:08.390  2210  2311 D InputDispatcher: mPendingEvent->type=2 (0:CONFIGURATION_CHANGED, 1:DEVICE_RESET, 2:KEY).
05-18 18:23:08.391  2210  2311 D WindowManager: interceptKeyTi keyCode=20 down=false repeatCount=0 keyguardOn=false mHomePressed=false canceled=false
05-18 18:23:08.391  2210  2311 D WindowManager: interceptKeyTp result=0
05-18 18:23:08.391  2210  2311 D InputDispatcher: InterceptKeyBeforeDispatching, delay = 0.
05-18 18:23:08.391  2210  2311 D InputDispatcher: mPendingEvent->type=2 (0:CONFIGURATION_CHANGED, 1:DEVICE_RESET, 2:KEY).
05-18 18:23:08.394  2450  2450 D InputEventConsistencyVerifier: KeyEvent: ACTION_UP but key was not down.
05-18 18:23:08.394  2450  2450 D InputEventConsistencyVerifier:   in android.widget.LinearLayout{f764628 VFE...C.. .F...... 0,411-720,507 #0}
05-18 18:23:08.394  2450  2450 D InputEventConsistencyVerifier:   0: sent at 121945000000, KeyEvent { action=ACTION_UP, keyCode=KEYCODE_DPAD_DOWN, scanCode=108, metaState=0, flags=0x8, repeatCount=0, eventTime=121945, downTime=121795, deviceId=4, source=0x301 }
05-18 18:23:08.394  2210  2311 I InputDispatcher: Window 'Window{b7ab212 u0 com.android.tv.settings/com.android.tv.settings.MainSettings}' spent 3.0ms processing the last input event: KeyEvent(deviceId=4, source=0x00000301, action=1, flags=0x00000008, keyCode=20, scanCode=108, metaState=0x00000000, repeatCount=0), policyFlags=0x67000000
05-18 18:23:08.400  2355  2694 D bt_l2cap: TotalWin=16,LinkUnack(0x10)=0,RRCheck=0,RRUnack=0
05-18 18:23:08.412  1943  1943 D audio_hal: out_get_latency: out(0x88f830e0) latency=20
05-18 18:23:08.415  2355  2694 D bt_btm  : btm_bda_to_acl found
05-18 18:23:08.415  2355  2694 D bt_att  : gatt_get_ch_state: ch_state=4
05-18 18:23:08.415  2355  2694 D bt_att  : gatt_end_operation status=0 op=2 subtype=2
05-18 18:23:08.415  2355  2694 D bt_btif : bta_gattc_cmpl_cback: conn_id = 7 op = 2 status = 0
05-18 18:23:08.415  2355  2694 I bt_btif : bta_sys_event: Event 0x1f10
05-18 18:23:08.415  2355  2694 D bt_btif : bta_gattc_hdl_event: Event [BTA_GATTC_OP_CMPL_EVT]
05-18 18:23:08.415  2355  2694 D bt_btif : bta_gattc_sm_execute: State 0x02 [GATTC_CONN_ST], Event 0x1f10[BTA_GATTC_OP_CMPL_EVT]
05-18 18:23:08.415  2355  2694 D bt_btif : bta_gattc_op_cmpl op = 2
05-18 18:23:08.415  2355  2694 I bt_btif : HAL bt_gatt_callbacks->client->read_characteristic_cb
05-18 18:23:08.416  2355  2458 D BtGatt.GattService: onReadCharacteristic() - address=30:74:96:EA:D3:C3, status=0, length=2
05-18 18:23:08.418  2811  4752 D OtaService: data = [48, 0]
05-18 18:23:08.419  2811  4752 D OtaService: old firmware version: 48 .getValue=[48, 0]
05-18 18:23:08.419  2811  4752 D OtaService: read readDeviceinfo:0000ffd2-0000-1000-8000-00805f9b34fb
05-18 18:23:08.420  2355  2367 D BtGatt.GattService: readCharacteristic() - address=30:74:96:EA:D3:C3
05-18 18:23:08.421  2355  2694 I bt_btif : bta_sys_event: Event 0x1f04
05-18 18:23:08.421  2355  2694 D bt_btif : bta_gattc_hdl_event: Event [BTA_GATTC_API_READ_EVT]
05-18 18:23:08.421  2355  2694 D bt_btif : bta_gattc_sm_execute: State 0x02 [GATTC_CONN_ST], Event 0x1f04[BTA_GATTC_API_READ_EVT]
05-18 18:23:08.421  2355  2694 I bt_att  : GATTC_Read conn_id=7 type=2
05-18 18:23:08.421  2355  2694 I bt_l2cap: L2CA_SendFixedChnlData()  CID: 0x0004  BDA: 307496ead3c3
05-18 18:23:08.421  2355  2694 D bt_l2cap: TotalWin=15,Hndl=0x10,Quota=16,Unack=1,RRQuota=0,RRUnack=0
05-18 18:23:08.421  2355  2694 D bt_l2cap: l2cu_no_dynamic_ccbs starting IDLE timeout: 65535000 ms
05-18 18:23:08.430  2355  2694 D bt_l2cap: TotalWin=16,LinkUnack(0x10)=0,RRCheck=0,RRUnack=0
05-18 18:23:08.445  2355  2694 D bt_btm  : btm_bda_to_acl found
05-18 18:23:08.445  2355  2694 D bt_att  : gatt_get_ch_state: ch_state=4
05-18 18:23:08.445  2355  2694 D bt_att  : gatt_end_operation status=0 op=2 subtype=2
05-18 18:23:08.445  2355  2694 D bt_btif : bta_gattc_cmpl_cback: conn_id = 7 op = 2 status = 0
05-18 18:23:08.445  2355  2694 I bt_btif : bta_sys_event: Event 0x1f10
05-18 18:23:08.445  2355  2694 D bt_btif : bta_gattc_hdl_event: Event [BTA_GATTC_OP_CMPL_EVT]
05-18 18:23:08.445  2355  2694 D bt_btif : bta_gattc_sm_execute: State 0x02 [GATTC_CONN_ST], Event 0x1f10[BTA_GATTC_OP_CMPL_EVT]
05-18 18:23:08.445  2355  2694 D bt_btif : bta_gattc_op_cmpl op = 2
05-18 18:23:08.445  2355  2694 I bt_btif : HAL bt_gatt_callbacks->client->read_characteristic_cb
05-18 18:23:08.446  2355  2458 D BtGatt.GattService: onReadCharacteristic() - address=30:74:96:EA:D3:C3, status=0, length=2
05-18 18:23:08.447  2811  4752 D OtaService: data = [25, 62]
05-18 18:23:08.447  2811  4752 D OtaService: old patch version: 15897 .getValue=[25, 62]
05-18 18:23:08.447  2811  4752 D OtaService: read readDeviceinfo:0000fff1-0000-1000-8000-00805f9b34fb
05-18 18:23:08.449  2355  2367 D BtGatt.GattService: readCharacteristic() - address=30:74:96:EA:D3:C3
05-18 18:23:08.450  2355  2694 I bt_btif : bta_sys_event: Event 0x1f04
05-18 18:23:08.450  2355  2694 D bt_btif : bta_gattc_hdl_event: Event [BTA_GATTC_API_READ_EVT]
05-18 18:23:08.450  2355  2694 D bt_btif : bta_gattc_sm_execute: State 0x02 [GATTC_CONN_ST], Event 0x1f04[BTA_GATTC_API_READ_EVT]
05-18 18:23:08.450  2355  2694 I bt_att  : GATTC_Read conn_id=7 type=2
05-18 18:23:08.450  2355  2694 I bt_l2cap: L2CA_SendFixedChnlData()  CID: 0x0004  BDA: 307496ead3c3
05-18 18:23:08.450  2355  2694 D bt_l2cap: TotalWin=15,Hndl=0x10,Quota=16,Unack=1,RRQuota=0,RRUnack=0
05-18 18:23:08.450  2355  2694 D bt_l2cap: l2cu_no_dynamic_ccbs starting IDLE timeout: 65535000 ms
05-18 18:23:08.460  2355  2694 I bt_hci  : BLE HCI(id=62) event = 0x03)
05-18 18:23:08.460  2355  2694 D bt_l2cap: l2cble_process_conn_update_evt
05-18 18:23:08.460  2355  2694 D bt_btm  : btm_bda_to_acl found
05-18 18:23:08.460  2355  2694 W bt_l2cap: l2cble_start_conn_update: interval min=12,max=12
05-18 18:23:08.460  2355  2694 I bt_btm  : btm_find_or_alloc_dev
05-18 18:23:08.460  2355  2694 D bt_l2cap: l2cble_process_conn_update_evt: conn_update_mask=8
05-18 18:23:08.460  1944  2523 I rtk_parse: : update_hid_active_state: handle = 10, interval = 0xc
05-18 18:23:08.460  2355  2694 D bt_btif : bta_dm_gattc_callback event = 26
05-18 18:23:08.460  2355  2694 D bt_btif : bta_hh_gattc_callback event = 26
05-18 18:23:08.460  2355  2694 D bt_btif : btif_transfer_context event 22, len 28
05-18 18:23:08.460  2355  2694 D bt_btif : btif_transfer_context event 26, len 616
05-18 18:23:08.460  2355  2694 D bt_btif : btif_transfer_context event 26, len 616
05-18 18:23:08.460  2355  2458 D bt_btif : btif task fetched event a001
05-18 18:23:08.460  2355  2458 D bt_btif : btif_context_switched
05-18 18:23:08.460  2355  2458 I bt_btif : HAL bt_gatt_callbacks->server->conn_updated_cb
05-18 18:23:08.461  2355  2458 D BtGatt.GattService: onServerConnUpdate() - connId=5, status=0
05-18 18:23:08.461  2355  2694 D bt_l2cap: TotalWin=16,LinkUnack(0x10)=0,RRCheck=0,RRUnack=0
05-18 18:23:08.461  2355  2458 D bt_btif : btif task fetched event a001
05-18 18:23:08.461  2355  2458 D bt_btif : btif_context_switched
05-18 18:23:08.461  2355  2458 I bt_btif : HAL bt_gatt_callbacks->client->conn_updated_cb
05-18 18:23:08.462  2355  2458 D BtGatt.GattService: onClientConnUpdate() - connId=6, status=0
05-18 18:23:08.462  3726  3738 D BluetoothGattServer: onConnectionUpdated() - Device=30:74:96:EA:D3:C3 interval=12 latency=14 timeout=200 status=0
05-18 18:23:08.462  2355  2458 D bt_btif : btif task fetched event a001
05-18 18:23:08.462  2355  2458 D bt_btif : btif_context_switched
05-18 18:23:08.462  2355  2458 I bt_btif : HAL bt_gatt_callbacks->client->conn_updated_cb
05-18 18:23:08.462  2831  2858 D BluetoothGatt: onConnectionUpdated() - Device=30:74:96:EA:D3:C3 interval=12 latency=14 timeout=200 status=0
05-18 18:23:08.462  2355  2458 D BtGatt.GattService: onClientConnUpdate() - connId=7, status=0
05-18 18:23:08.464  2811  4752 D BluetoothGatt: onConnectionUpdated() - Device=30:74:96:EA:D3:C3 interval=12 latency=14 timeout=200 status=0
05-18 18:23:08.475  2355  2694 D bt_btm  : btm_bda_to_acl found
05-18 18:23:08.475  2355  2694 D bt_att  : gatt_get_ch_state: ch_state=4
05-18 18:23:08.475  2355  2694 D bt_att  : gatt_end_operation status=0 op=2 subtype=2
05-18 18:23:08.475  2355  2694 D bt_btif : bta_gattc_cmpl_cback: conn_id = 7 op = 2 status = 0
05-18 18:23:08.475  2355  2694 I bt_btif : bta_sys_event: Event 0x1f10
05-18 18:23:08.475  2355  2694 D bt_btif : bta_gattc_hdl_event: Event [BTA_GATTC_OP_CMPL_EVT]
05-18 18:23:08.475  2355  2694 D bt_btif : bta_gattc_sm_execute: State 0x02 [GATTC_CONN_ST], Event 0x1f10[BTA_GATTC_OP_CMPL_EVT]
05-18 18:23:08.475  2355  2694 D bt_btif : bta_gattc_op_cmpl op = 2
05-18 18:23:08.475  2355  2694 I bt_btif : HAL bt_gatt_callbacks->client->read_characteristic_cb
05-18 18:23:08.476  2355  2458 D BtGatt.GattService: onReadCharacteristic() - address=30:74:96:EA:D3:C3, status=0, length=1
05-18 18:23:08.476  2811  4752 D OtaService: data = [1]
05-18 18:23:08.477  2811  4752 D OtaService: Target bank: 1 .getValue=[1]
05-18 18:23:08.478  2811  2811 D OtaService: MSG No 10
05-18 18:23:08.478  2811  2811 D OtaService: Version is newest, do not update!!!
05-18 18:23:08.478  2811  2811 D RealsilDfu: close
05-18 18:23:08.478  2811  2811 D RealsilDfu: doUnbind
05-18 18:23:08.485  2811  2811 D GlobalGatt: closeAll, mBluetoothDeviceAddresss.size(): 1
05-18 18:23:08.485  2811  2811 W GlobalGatt: close all of addr: D3C3
05-18 18:23:08.486  2811  2811 D GlobalGatt: close all of addr: D3C3
05-18 18:23:08.486  2811  2811 D GlobalGatt: disconnect()
05-18 18:23:08.486  2811  2811 D GlobalGatt: isConnected, addr: D3C3, mConnectionState.get(address): 2
05-18 18:23:08.486  2811  2811 D BluetoothGatt: cancelOpen() - device: 30:74:96:EA:D3:C3
05-18 18:23:08.487  2355  2367 D BtGatt.GattService: clientDisconnect() - address=30:74:96:EA:D3:C3, connId=7
05-18 18:23:08.488  2355  2694 I bt_btif : bta_sys_event: Event 0x1f08
05-18 18:23:08.488  2355  2694 D bt_btif : bta_gattc_hdl_event: Event [BTA_GATTC_API_CLOSE_EVT]
05-18 18:23:08.488  2355  2694 D bt_btif : bta_gattc_sm_execute: State 0x02 [GATTC_CONN_ST], Event 0x1f08[BTA_GATTC_API_CLOSE_EVT]
05-18 18:23:08.488  2355  2694 D bt_btif : bta_gattc_close conn_id=7
05-18 18:23:08.488  2355  2694 I bt_att  : GATT_Disconnect conn_id=7 
05-18 18:23:08.488  2355  2694 D bt_att  : gatt_update_app_use_link_flag: is_add=0 chk_link=1
05-18 18:23:08.488  2355  2694 D bt_att  : gatt_update_app_hold_link_status: removed gatt_if=7 idx=3
05-18 18:23:08.488  2355  2694 D bt_btm  : BTM_GetHCIConnHandle
05-18 18:23:08.488  2355  2694 D bt_btm  : btm_bda_to_acl found
05-18 18:23:08.488  2355  2694 D bt_att  : gatt_num_apps_hold_link   num=3
05-18 18:23:08.488  2355  2694 D bt_btif : btif_transfer_context event 5, len 616
05-18 18:23:08.488  2355  2694 D bt_btif : GATTC State Change: [GATTC_CONN_ST] -> [GATTC_IDLE_ST] after Event [BTA_GATTC_API_CLOSE_EVT]
05-18 18:23:08.488  2355  2694 I bt_btif : bta_sys_event: Event 0x1f02
05-18 18:23:08.488  2355  2694 D bt_btif : bta_gattc_hdl_event: Event [BTA_GATTC_API_CANCEL_OPEN_EVT]
05-18 18:23:08.488  2355  2694 I bt_att  : GATT_CancelConnect gatt_if=7
05-18 18:23:08.488  2355  2694 D bt_att  : gatt_update_app_use_link_flag: is_add=0 chk_link=0
05-18 18:23:08.488  2355  2694 D bt_att  : gatt_update_app_hold_link_status: gatt_if=7 not found; is_add=0
05-18 18:23:08.488  2355  2694 I bt_att  : gatt_update_auto_connect_dev 
05-18 18:23:08.488  2355  2694 E bt_btif : bta_gattc_cancel_bk_conn failed
05-18 18:23:08.488  2355  2694 D bt_btif : btif_transfer_context event 14, len 616
05-18 18:23:08.491  2355  2458 D bt_btif : btif task fetched event a001
05-18 18:23:08.491  2355  2458 D bt_btif : btif_context_switched
05-18 18:23:08.491  2355  2458 I bt_btif : HAL bt_gatt_callbacks->client->close_cb
05-18 18:23:08.491  2355  2458 D BtGatt.GattService: onDisconnected() - clientIf=7, connId=7, address=30:74:96:EA:D3:C3
05-18 18:23:08.493  2355  2458 D bt_btif : btif task fetched event a001
05-18 18:23:08.493  2355  2458 D bt_btif : btif_context_switched
05-18 18:23:08.493  2811  2843 D BluetoothGatt: onClientConnectionState() - status=0 clientIf=7 device=30:74:96:EA:D3:C3
05-18 18:23:08.493  2811  2843 I GlobalGatt: Disconnected from GATT server.
05-18 18:23:08.493  2811  2843 D OtaService: onConnectionStateChange: status = 0,newState = 0
05-18 18:23:08.494  2811  2843 E OtaService: gatt disconnect, try to close gatt
05-18 18:23:08.494  2811  2843 D GlobalGatt: disconnect()
05-18 18:23:08.494  2811  2843 D GlobalGatt: isConnected, addr: D3C3, mConnectionState.get(address): 0
05-18 18:23:08.494  2811  2843 D GlobalGatt: closeBluetoothGatt, addr: D3C3, mBluetoothGatts.get(addr): android.bluetooth.BluetoothGatt@d2b39f9
05-18 18:23:08.494  2811  2843 D BluetoothGatt: close()
05-18 18:23:08.494  2811  2843 D BluetoothGatt: unregisterApp() - mClientIf=7
05-18 18:23:08.496  2355  2367 D BtGatt.GattService: unregisterClient() - clientIf=7
05-18 18:23:08.496  2355  2694 I bt_btif : bta_sys_event: Event 0x1f13
05-18 18:23:08.497  2355  2694 D bt_btif : bta_gattc_hdl_event: Event [BTA_GATTC_API_DEREG_EVT]
05-18 18:23:08.497  2355  2694 I bt_att  : GATT_Deregister gatt_if=7
05-18 18:23:08.497  2355  2694 D bt_att  : gatt_get_ch_state: ch_state=4
05-18 18:23:08.497  2355  2694 D bt_att  : gatt_update_app_use_link_flag: is_add=0 chk_link=1
05-18 18:23:08.497  2355  2694 D bt_att  : gatt_update_app_hold_link_status: gatt_if=7 not found; is_add=0
05-18 18:23:08.497  2355  2694 D bt_btif : btif_transfer_context event 1, len 616
05-18 18:23:08.497  2355  2458 D bt_btif : btif task fetched event a001
05-18 18:23:08.497  2355  2458 D bt_btif : btif_context_switched
05-18 18:23:08.565  2355  2694 D bt_btm  : btm_bda_to_acl found
05-18 18:23:08.565  2355  2694 D bt_att  : gatt_get_ch_state: ch_state=4
05-18 18:23:08.565  2355  2694 D bt_att  : gatt_process_notification 
05-18 18:23:08.565  2355  2694 D bt_att  : gatt_get_link_encrypt_status status=0x8d
05-18 18:23:08.565  2355  2694 D bt_btif : bta_gattc_cmpl_cback: conn_id = 3 op = 6 status = 141
05-18 18:23:08.565  2355  2694 I bt_att  : GATT_GetConnectionInfor conn_id=3
05-18 18:23:08.565  2355  2694 D bt_btif : bta_gattc_cmpl_cback: conn_id = 4 op = 6 status = 141
05-18 18:23:08.565  2355  2694 I bt_att  : GATT_GetConnectionInfor conn_id=4
05-18 18:23:08.565  2355  2694 D bt_btif : Notification registered!
05-18 18:23:08.565  2355  2694 D bt_btif : bta_gattc_proc_other_indication check                        p_data->att_value.handle=22 p_data->handle=0
05-18 18:23:08.565  2355  2694 D bt_btif : is_notify
05-18 18:23:08.566  2355  2694 D bt_btif : bta_hh_gattc_callback event = 10
05-18 18:23:08.566  2355  2694 D bt_btif : Notification received on report ID: 1
05-18 18:23:08.566  2355  2694 E RTKBT_VR_HIDRAW_BEE: RECV HOOK(6) arg={N/A}
05-18 18:23:08.566  2355  2694 D bt_btif : Notification Stolen by RTKBT
05-18 18:23:08.566  2355  2694 D bt_btif : bta_gattc_cmpl_cback: conn_id = 6 op = 6 status = 141
05-18 18:23:08.566  1963  1963 D         : read_message(L587): read buffer res: 0009
05-18 18:23:08.566  2355  2694 I bt_att  : GATT_GetConnectionInfor conn_id=6
05-18 18:23:08.566  2210  2312 D KeyLayoutMap: gc: scanCode=28, usageCode=0x00070028 
05-18 18:23:08.566  2210  2312 D KeyLayoutMap: gc: usageCode index =-2
05-18 18:23:08.566  2210  2312 E KeyLayoutMap: gc: index = 27
05-18 18:23:08.566  2210  2312 D KeyLayoutMap: gc: scanCode index =27
05-18 18:23:08.566  2210  2312 D KeyLayoutMap: mapKey: scanCode=28, usageCode=0x00070028 ~ Result keyCode=23, outFlags=0x00000000.
05-18 18:23:08.566  2210  2312 D InputDispatcher: notifyKey - eventTime=122125683000, deviceId=4, source=0x301, policyFlags=0x1, action=0x0, flags=0x8, keyCode=0x17, scanCode=0x1c, metaState=0x0, downTime=122125683000
05-18 18:23:08.567  2210  2312 D WindowManager: interceptKeyTq keycode=23 interactive=true keyguardActive=false policyFlags=22000001
05-18 18:23:08.567  2210  2312 D WindowManager: isSystemFilter, sys.isHandleSystemKey=1isUserSetupComplete->trueisDeviceProvisioned->true
05-18 18:23:08.568  2210  2312 D WindowManager: isSystemFilter, sys.isHandleSystemKey=1isUserSetupComplete->trueisDeviceProvisioned->true
05-18 18:23:08.568  2210  2312 D WindowManager: filterKeyEvent do not filter this key. < 23 >
05-18 18:23:08.569  2210  2312 D WindowManager: filterKeyEvent isNeedFilter = false
05-18 18:23:08.569  2210  2312 D WindowManager: interceptKeyTq result=1
05-18 18:23:08.569  2210  2210 D AccessibilityManagerService: onKeyEvent, service=com.nttdocomo.android.devicehelp.access.AccessibilityServiceEx, mRequestFilterKey=true, mServiceInterface=non-null, mInfo->cap=9
05-18 18:23:08.576  2210  3084 D KeyEventDispatcher: setOnKeyEventResult, call back from client.
05-18 18:23:08.576  2210  2210 D InputDispatcher: injectInputEvent - eventType=1, injectorPid=0, injectorUid=0, syncMode=0, timeoutMillis=0, policyFlags=0x66000001
05-18 18:23:08.576  2210  2311 D InputDispatcher: mPendingEvent->type=2 (0:CONFIGURATION_CHANGED, 1:DEVICE_RESET, 2:KEY).
05-18 18:23:08.576  2210  2311 D InputDispatcher: dispatchKeyLocked->keyRepeatTimeout=500000000
05-18 18:23:08.577  2210  2311 D WindowManager: interceptKeyTi keyCode=23 down=true repeatCount=0 keyguardOn=false mHomePressed=false canceled=false
05-18 18:23:08.577  2210  2311 D WindowManager: interceptKeyTp result=0
05-18 18:23:08.577  2210  2311 D InputDispatcher: InterceptKeyBeforeDispatching, delay = 0.
05-18 18:23:08.577  2210  2311 D InputDispatcher: mPendingEvent->type=2 (0:CONFIGURATION_CHANGED, 1:DEVICE_RESET, 2:KEY).
05-18 18:23:08.581  2210  2311 I InputDispatcher: Window 'Window{b7ab212 u0 com.android.tv.settings/com.android.tv.settings.MainSettings}' spent 3.9ms processing the last input event: KeyEvent(deviceId=4, source=0x00000301, action=0, flags=0x00000008, keyCode=23, scanCode=28, metaState=0x00000000, repeatCount=0), policyFlags=0x67000001
05-18 18:23:08.670  2355  2694 D bt_btm  : btm_bda_to_acl found
05-18 18:23:08.670  2355  2694 D bt_att  : gatt_get_ch_state: ch_state=4
05-18 18:23:08.670  2355  2694 D bt_att  : gatt_process_notification 
05-18 18:23:08.670  2355  2694 D bt_att  : gatt_get_link_encrypt_status status=0x8d
05-18 18:23:08.670  2355  2694 D bt_btif : bta_gattc_cmpl_cback: conn_id = 3 op = 6 status = 141
05-18 18:23:08.670  2355  2694 I bt_att  : GATT_GetConnectionInfor conn_id=3
05-18 18:23:08.670  2355  2694 D bt_btif : bta_gattc_cmpl_cback: conn_id = 4 op = 6 status = 141
05-18 18:23:08.670  2355  2694 I bt_att  : GATT_GetConnectionInfor conn_id=4
05-18 18:23:08.670  2355  2694 D bt_btif : Notification registered!
05-18 18:23:08.670  2355  2694 D bt_btif : bta_gattc_proc_other_indication check                        p_data->att_value.handle=22 p_data->handle=0
05-18 18:23:08.670  2355  2694 D bt_btif : is_notify
05-18 18:23:08.670  2355  2694 D bt_btif : bta_hh_gattc_callback event = 10
05-18 18:23:08.670  2355  2694 D bt_btif : Notification received on report ID: 1
05-18 18:23:08.670  1963  1963 D         : read_message(L587): read buffer res: 0009
05-18 18:23:08.670  2355  2694 E RTKBT_VR_HIDRAW_BEE: RECV HOOK(6) arg={N/A}
05-18 18:23:08.670  2355  2694 D bt_btif : Notification Stolen by RTKBT
05-18 18:23:08.671  2355  2694 D bt_btif : bta_gattc_cmpl_cback: conn_id = 6 op = 6 status = 141
05-18 18:23:08.671  2355  2694 I bt_att  : GATT_GetConnectionInfor conn_id=6
05-18 18:23:08.671  2210  2312 D KeyLayoutMap: gc: scanCode=28, usageCode=0x00070028 
05-18 18:23:08.671  2210  2312 D KeyLayoutMap: gc: usageCode index =-2
05-18 18:23:08.671  2210  2312 E KeyLayoutMap: gc: index = 27
05-18 18:23:08.671  2210  2312 D KeyLayoutMap: gc: scanCode index =27
