05-18 18:23:04.305  2355  2694 D bt_btif : bta_hh_gattc_callback event = 10
05-18 18:23:04.305  2355  2694 D bt_btif : Notification received on report ID: 1
05-18 18:23:04.305  1963  1963 D         : read_message(L587): read buffer res: 0009
05-18 18:23:04.305  2355  2694 E RTKBT_VR_HIDRAW_BEE: RECV HOOK(6) arg={N/A}
05-18 18:23:04.305  2355  2694 D bt_btif : Notification Stolen by RTKBT
05-18 18:23:04.305  2355  2694 D bt_btif : bta_gattc_cmpl_cback: conn_id = 6 op = 6 status = 141
05-18 18:23:04.305  2355  2694 I bt_att  : GATT_GetConnectionInfor conn_id=6
05-18 18:23:04.305  2210  2312 D KeyLayoutMap: gc: scanCode=106, usageCode=0x0007004f 
05-18 18:23:04.306  2210  2312 D KeyLayoutMap: gc: usageCode index =-2
05-18 18:23:04.306  2210  2312 E KeyLayoutMap: gc: index = 103
05-18 18:23:04.306  2210  2312 D KeyLayoutMap: gc: scanCode index =103
05-18 18:23:04.306  2210  2312 D KeyLayoutMap: mapKey: scanCode=106, usageCode=0x0007004f ~ Result keyCode=22, outFlags=0x00000000.
05-18 18:23:04.306  2210  2312 D InputDispatcher: notifyKey - eventTime=117865393000, deviceId=4, source=0x301, policyFlags=0x0, action=0x1, flags=0x8, keyCode=0x16, scanCode=0x6a, metaState=0x0, downTime=117760642000
05-18 18:23:04.306  2210  2312 D WindowManager: interceptKeyTq keycode=22 interactive=true keyguardActive=false policyFlags=22000000
05-18 18:23:04.306  2210  2312 D WindowManager: isSystemFilter, sys.isHandleSystemKey=1isUserSetupComplete->trueisDeviceProvisioned->true
05-18 18:23:04.307  2210  2312 D WindowManager: isSystemFilter, sys.isHandleSystemKey=1isUserSetupComplete->trueisDeviceProvisioned->true
05-18 18:23:04.307  2210  2312 D WindowManager: interceptKeyTq result=1
05-18 18:23:04.307  2210  2210 D AccessibilityManagerService: onKeyEvent, service=com.nttdocomo.android.devicehelp.access.AccessibilityServiceEx, mRequestFilterKey=true, mServiceInterface=non-null, mInfo->cap=9
05-18 18:23:04.310  2210  3056 D KeyEventDispatcher: setOnKeyEventResult, call back from client.
05-18 18:23:04.310  2210  2210 D InputDispatcher: injectInputEvent - eventType=1, injectorPid=0, injectorUid=0, syncMode=0, timeoutMillis=0, policyFlags=0x66000000
05-18 18:23:04.310  2210  2311 D InputDispatcher: mPendingEvent->type=2 (0:CONFIGURATION_CHANGED, 1:DEVICE_RESET, 2:KEY).
05-18 18:23:04.311  2210  2311 D WindowManager: interceptKeyTi keyCode=22 down=false repeatCount=0 keyguardOn=false mHomePressed=false canceled=false
05-18 18:23:04.311  2210  2311 D WindowManager: interceptKeyTp result=0
05-18 18:23:04.311  2210  2311 D InputDispatcher: InterceptKeyBeforeDispatching, delay = 0.
05-18 18:23:04.311  2210  2311 D InputDispatcher: mPendingEvent->type=2 (0:CONFIGURATION_CHANGED, 1:DEVICE_RESET, 2:KEY).
05-18 18:23:04.315  1954  2065 E HI_ADP_HDMI: command GET_CEC_STATUS : 0
05-18 18:23:04.315  1954  2065 E HI_ADP_HDMI: cecStatus.bEnable 1
05-18 18:23:04.316  2831  3361 D RcuModeService: read count = 11
05-18 18:23:04.316  2831  3361 D RcuModeService: HDMI recvMsg = CEC_SUPPORT
05-18 18:23:04.323  2831  3341 D RcuModeService: mIsDisplaySupportCec = 1
05-18 18:23:04.323  2831  3341 D RcuModeService: current TvInputSource = 1
05-18 18:23:04.323  2831  3341 D RcuModeService: doModeSync
05-18 18:23:04.323  2831  3341 D RcuModeService: requestSync started mode = 3
05-18 18:23:04.323  2831  3370 D BluetoothLeService: ===requestModelSync run begin===
05-18 18:23:04.324  2831  3370 D BluetoothLeService: Mode 3 write charac
05-18 18:23:04.324  2831  3370 D BluetoothLeService: writePacket()
05-18 18:23:04.324  2355  2367 D BtGatt.GattService: writeCharacteristic() - address=30:74:96:EA:D3:C3
05-18 18:23:04.325  2355  2694 I bt_btif : bta_sys_event: Event 0x1f05
05-18 18:23:04.325  2355  2694 D bt_btif : bta_gattc_hdl_event: Event [BTA_GATTC_API_WRITE_EVT]
05-18 18:23:04.325  2355  2694 D bt_btif : bta_gattc_sm_execute: State 0x02 [GATTC_CONN_ST], Event 0x1f05[BTA_GATTC_API_WRITE_EVT]
05-18 18:23:04.325  2355  2694 I bt_l2cap: L2CA_SendFixedChnlData()  CID: 0x0004  BDA: 307496ead3c3
05-18 18:23:04.325  2355  2694 D bt_l2cap: TotalWin=15,Hndl=0x10,Quota=16,Unack=1,RRQuota=0,RRUnack=0
05-18 18:23:04.325  2355  2694 D bt_l2cap: l2cu_no_dynamic_ccbs starting IDLE timeout: 65535000 ms
05-18 18:23:04.328  2210  2311 I InputDispatcher: Window 'Window{8f87ac8 u0 com.nttdocomo.android.atvhome/com.nttdocomo.android.atvhome.activity.HomeActivity}' spent 17.0ms processing the last input event: KeyEvent(deviceId=4, source=0x00000301, action=1, flags=0x00000008, keyCode=22, scanCode=106, metaState=0x00000000, repeatCount=0), policyFlags=0x67000000
05-18 18:23:04.335  2355  2694 D bt_l2cap: TotalWin=16,LinkUnack(0x10)=0,RRCheck=0,RRUnack=0
05-18 18:23:04.350  2355  2694 D bt_btm  : btm_bda_to_acl found
05-18 18:23:04.350  2355  2694 D bt_att  : gatt_get_ch_state: ch_state=4
05-18 18:23:04.350  2355  2694 D bt_att  : gatt_process_notification 
05-18 18:23:04.350  2355  2694 D bt_att  : gatt_get_link_encrypt_status status=0x8d
05-18 18:23:04.350  2355  2694 D bt_btif : bta_gattc_cmpl_cback: conn_id = 3 op = 6 status = 141
05-18 18:23:04.350  2355  2694 I bt_att  : GATT_GetConnectionInfor conn_id=3
05-18 18:23:04.350  2355  2694 D bt_btif : bta_gattc_cmpl_cback: conn_id = 4 op = 6 status = 141
05-18 18:23:04.350  2355  2694 I bt_att  : GATT_GetConnectionInfor conn_id=4
05-18 18:23:04.350  2355  2694 D bt_btif : bta_gattc_cmpl_cback: conn_id = 6 op = 6 status = 141
05-18 18:23:04.350  2355  2694 I bt_att  : GATT_GetConnectionInfor conn_id=6
05-18 18:23:04.350  2355  2694 D bt_btif : Notification registered!
05-18 18:23:04.351  2355  2694 D bt_btif : bta_gattc_proc_other_indication check                        p_data->att_value.handle=42 p_data->handle=0
05-18 18:23:04.351  2355  2694 D bt_btif : is_notify
05-18 18:23:04.351  2355  2694 D bt_btif : btif_transfer_context event 10, len 616
05-18 18:23:04.351  2355  2694 D bt_btm  : btm_bda_to_acl found
05-18 18:23:04.351  2355  2694 D bt_att  : gatt_get_ch_state: ch_state=4
05-18 18:23:04.351  2355  2458 D bt_btif : btif task fetched event a001
05-18 18:23:04.351  2355  2458 D bt_btif : btif_context_switched
05-18 18:23:04.351  2355  2694 D bt_att  : gatt_end_operation status=0 op=3 subtype=2
05-18 18:23:04.351  2355  2458 I bt_btif : HAL bt_gatt_callbacks->client->notify_cb
05-18 18:23:04.351  2355  2694 D bt_btif : bta_gattc_cmpl_cback: conn_id = 6 op = 3 status = 0
05-18 18:23:04.351  2355  2694 I bt_btif : bta_sys_event: Event 0x1f10
05-18 18:23:04.351  2355  2694 D bt_btif : bta_gattc_hdl_event: Event [BTA_GATTC_OP_CMPL_EVT]
05-18 18:23:04.351  2355  2694 D bt_btif : bta_gattc_sm_execute: State 0x02 [GATTC_CONN_ST], Event 0x1f10[BTA_GATTC_OP_CMPL_EVT]
05-18 18:23:04.351  2355  2458 D BtGatt.GattService: onNotify() - address=30:74:96:EA:D3:C3, handle=42, length=3
05-18 18:23:04.351  2355  2694 D bt_btif : bta_gattc_op_cmpl op = 3
05-18 18:23:04.351  2355  2694 I bt_btif : HAL bt_gatt_callbacks->client->write_characteristic_cb
05-18 18:23:04.352  2831  2858 D BluetoothLeService: onCharacteristicChanged()
05-18 18:23:04.352  2831  2858 D BluetoothLeService: onCharacteristicWrite(): status = 0
05-18 18:23:04.352  2831  2858 D BluetoothLeService:  onCharacteristicWrite bytes sent = : 3
05-18 18:23:04.353  2831  3370 D BluetoothLeService: readNotificationResponseSync(), time: 1000
05-18 18:23:04.354  2831  3370 D BluetoothLeService: Mode Sync Successfully
05-18 18:23:04.354  2831  3370 D BluetoothLeService: ===requestModelSync run end===
05-18 18:23:04.357  4359  4359 D AlarmPingSender: Sending Ping at:1558171384357
05-18 18:23:04.359  2210  2260 D NetworkManagement: oldRule = 0, newRule=0 for uid=10013 on chain 2
05-18 18:23:04.359  2210  2260 D NetworkManagement: !!!!! Skipping change
05-18 18:23:04.360  4359  4359 D AlarmPingSender: Schedule next alarm at 1558171444360
05-18 18:23:04.360  4359  4359 D AlarmPingSender: Alarm scheule using setExactAndAllowWhileIdle, next: 60000
05-18 18:23:04.395  2355  2694 D bt_btm  : btm_bda_to_acl found
05-18 18:23:04.395  2355  2694 D bt_att  : gatt_get_ch_state: ch_state=4
05-18 18:23:04.395  2355  2694 D bt_att  : gatt_process_notification 
05-18 18:23:04.395  2355  2694 D bt_att  : gatt_get_link_encrypt_status status=0x8d
05-18 18:23:04.395  2355  2694 D bt_btif : bta_gattc_cmpl_cback: conn_id = 3 op = 6 status = 141
05-18 18:23:04.395  2355  2694 I bt_att  : GATT_GetConnectionInfor conn_id=3
05-18 18:23:04.395  2355  2694 D bt_btif : bta_gattc_cmpl_cback: conn_id = 4 op = 6 status = 141
05-18 18:23:04.395  2355  2694 I bt_att  : GATT_GetConnectionInfor conn_id=4
05-18 18:23:04.396  2355  2694 D bt_btif : Notification registered!
05-18 18:23:04.396  2355  2694 D bt_btif : bta_gattc_proc_other_indication check                        p_data->att_value.handle=22 p_data->handle=0
05-18 18:23:04.396  2355  2694 D bt_btif : is_notify
05-18 18:23:04.396  2355  2694 D bt_btif : bta_hh_gattc_callback event = 10
05-18 18:23:04.396  2355  2694 D bt_btif : Notification received on report ID: 1
05-18 18:23:04.396  2355  2694 E RTKBT_VR_HIDRAW_BEE: RECV HOOK(6) arg={N/A}
05-18 18:23:04.396  1963  1963 D         : read_message(L587): read buffer res: 0009
05-18 18:23:04.396  2355  2694 D bt_btif : Notification Stolen by RTKBT
05-18 18:23:04.396  2355  2694 D bt_btif : bta_gattc_cmpl_cback: conn_id = 6 op = 6 status = 141
05-18 18:23:04.396  2355  2694 I bt_att  : GATT_GetConnectionInfor conn_id=6
05-18 18:23:04.396  2210  2312 D KeyLayoutMap: gc: scanCode=106, usageCode=0x0007004f 
05-18 18:23:04.396  2210  2312 D KeyLayoutMap: gc: usageCode index =-2
05-18 18:23:04.396  2210  2312 E KeyLayoutMap: gc: index = 103
05-18 18:23:04.396  2210  2312 D KeyLayoutMap: gc: scanCode index =103
05-18 18:23:04.396  2210  2312 D KeyLayoutMap: mapKey: scanCode=106, usageCode=0x0007004f ~ Result keyCode=22, outFlags=0x00000000.
05-18 18:23:04.396  2210  2312 D InputDispatcher: notifyKey - eventTime=117955766000, deviceId=4, source=0x301, policyFlags=0x1, action=0x0, flags=0x8, keyCode=0x16, scanCode=0x6a, metaState=0x0, downTime=117955766000
05-18 18:23:04.397  2210  2312 D WindowManager: interceptKeyTq keycode=22 interactive=true keyguardActive=false policyFlags=22000001
05-18 18:23:04.397  2210  2312 D WindowManager: isSystemFilter, sys.isHandleSystemKey=1isUserSetupComplete->trueisDeviceProvisioned->true
05-18 18:23:04.398  2210  2312 D WindowManager: isSystemFilter, sys.isHandleSystemKey=1isUserSetupComplete->trueisDeviceProvisioned->true
05-18 18:23:04.398  2210  2312 D WindowManager: filterKeyEvent do not filter this key. < 22 >
05-18 18:23:04.398  2210  2312 D WindowManager: filterKeyEvent isNeedFilter = false
05-18 18:23:04.398  2210  2312 D WindowManager: interceptKeyTq result=1
05-18 18:23:04.399  2210  2210 D AccessibilityManagerService: onKeyEvent, service=com.nttdocomo.android.devicehelp.access.AccessibilityServiceEx, mRequestFilterKey=true, mServiceInterface=non-null, mInfo->cap=9
05-18 18:23:04.404  2210  2477 D KeyEventDispatcher: setOnKeyEventResult, call back from client.
05-18 18:23:04.405  2210  2210 D InputDispatcher: injectInputEvent - eventType=1, injectorPid=0, injectorUid=0, syncMode=0, timeoutMillis=0, policyFlags=0x66000001
05-18 18:23:04.405  2210  2311 D InputDispatcher: mPendingEvent->type=2 (0:CONFIGURATION_CHANGED, 1:DEVICE_RESET, 2:KEY).
05-18 18:23:04.405  2210  2311 D InputDispatcher: dispatchKeyLocked->keyRepeatTimeout=500000000
05-18 18:23:04.406  2210  2311 D WindowManager: interceptKeyTi keyCode=22 down=true repeatCount=0 keyguardOn=false mHomePressed=false canceled=false
05-18 18:23:04.406  2210  2311 D WindowManager: interceptKeyTp result=0
05-18 18:23:04.406  2210  2311 D InputDispatcher: InterceptKeyBeforeDispatching, delay = 0.
05-18 18:23:04.406  2210  2311 D InputDispatcher: mPendingEvent->type=2 (0:CONFIGURATION_CHANGED, 1:DEVICE_RESET, 2:KEY).
05-18 18:23:04.407  2210  2311 I InputDispatcher: Window 'Window{8f87ac8 u0 com.nttdocomo.android.atvhome/com.nttdocomo.android.atvhome.activity.HomeActivity}' spent 0.9ms processing the last input event: KeyEvent(deviceId=4, source=0x00000301, action=0, flags=0x00000008, keyCode=22, scanCode=106, metaState=0x00000000, repeatCount=0), policyFlags=0x67000001
05-18 18:23:04.500  2355  2694 D bt_btm  : btm_bda_to_acl found
05-18 18:23:04.500  2355  2694 D bt_att  : gatt_get_ch_state: ch_state=4
05-18 18:23:04.500  2355  2694 D bt_att  : gatt_process_notification 
05-18 18:23:04.500  2355  2694 D bt_att  : gatt_get_link_encrypt_status status=0x8d
05-18 18:23:04.500  2355  2694 D bt_btif : bta_gattc_cmpl_cback: conn_id = 3 op = 6 status = 141
05-18 18:23:04.500  2355  2694 I bt_att  : GATT_GetConnectionInfor conn_id=3
05-18 18:23:04.500  2355  2694 D bt_btif : bta_gattc_cmpl_cback: conn_id = 4 op = 6 status = 141
05-18 18:23:04.500  2355  2694 I bt_att  : GATT_GetConnectionInfor conn_id=4
05-18 18:23:04.500  2355  2694 D bt_btif : Notification registered!
05-18 18:23:04.500  2355  2694 D bt_btif : bta_gattc_proc_other_indication check                        p_data->att_value.handle=22 p_data->handle=0
05-18 18:23:04.500  2355  2694 D bt_btif : is_notify
05-18 18:23:04.500  2355  2694 D bt_btif : bta_hh_gattc_callback event = 10
05-18 18:23:04.501  2355  2694 D bt_btif : Notification received on report ID: 1
05-18 18:23:04.501  2355  2694 E RTKBT_VR_HIDRAW_BEE: RECV HOOK(6) arg={N/A}
05-18 18:23:04.501  2355  2694 D bt_btif : Notification Stolen by RTKBT
05-18 18:23:04.501  2355  2694 D bt_btif : bta_gattc_cmpl_cback: conn_id = 6 op = 6 status = 141
05-18 18:23:04.501  2355  2694 I bt_att  : GATT_GetConnectionInfor conn_id=6
05-18 18:23:04.501  2210  2312 D KeyLayoutMap: gc: scanCode=106, usageCode=0x0007004f 
05-18 18:23:04.501  2210  2312 D KeyLayoutMap: gc: usageCode index =-2
05-18 18:23:04.501  2210  2312 E KeyLayoutMap: gc: index = 103
05-18 18:23:04.501  2210  2312 D KeyLayoutMap: gc: scanCode index =103
05-18 18:23:04.501  2210  2312 D KeyLayoutMap: mapKey: scanCode=106, usageCode=0x0007004f ~ Result keyCode=22, outFlags=0x00000000.
05-18 18:23:04.501  2210  2312 D InputDispatcher: notifyKey - eventTime=118060605000, deviceId=4, source=0x301, policyFlags=0x0, action=0x1, flags=0x8, keyCode=0x16, scanCode=0x6a, metaState=0x0, downTime=117955766000
05-18 18:23:04.501  1963  1963 D         : read_message(L587): read buffer res: 0009
05-18 18:23:04.501  2210  2312 D WindowManager: interceptKeyTq keycode=22 interactive=true keyguardActive=false policyFlags=22000000
05-18 18:23:04.502  2210  2312 D WindowManager: isSystemFilter, sys.isHandleSystemKey=1isUserSetupComplete->trueisDeviceProvisioned->true
05-18 18:23:04.502  2210  2312 D WindowManager: isSystemFilter, sys.isHandleSystemKey=1isUserSetupComplete->trueisDeviceProvisioned->true
05-18 18:23:04.502  2210  2312 D WindowManager: interceptKeyTq result=1
05-18 18:23:04.503  2210  2210 D AccessibilityManagerService: onKeyEvent, service=com.nttdocomo.android.devicehelp.access.AccessibilityServiceEx, mRequestFilterKey=true, mServiceInterface=non-null, mInfo->cap=9
05-18 18:23:04.506  2210  3084 D KeyEventDispatcher: setOnKeyEventResult, call back from client.
05-18 18:23:04.506  2210  2210 D InputDispatcher: injectInputEvent - eventType=1, injectorPid=0, injectorUid=0, syncMode=0, timeoutMillis=0, policyFlags=0x66000000
05-18 18:23:04.506  2210  2311 D InputDispatcher: mPendingEvent->type=2 (0:CONFIGURATION_CHANGED, 1:DEVICE_RESET, 2:KEY).
05-18 18:23:04.506  2210  2311 D WindowManager: interceptKeyTi keyCode=22 down=false repeatCount=0 keyguardOn=false mHomePressed=false canceled=false
05-18 18:23:04.507  2210  2311 D WindowManager: interceptKeyTp result=0
05-18 18:23:04.507  2210  2311 D InputDispatcher: InterceptKeyBeforeDispatching, delay = 0.
05-18 18:23:04.507  2210  2311 D InputDispatcher: mPendingEvent->type=2 (0:CONFIGURATION_CHANGED, 1:DEVICE_RESET, 2:KEY).
05-18 18:23:04.514  2210  2311 I InputDispatcher: Window 'Window{8f87ac8 u0 com.nttdocomo.android.atvhome/com.nttdocomo.android.atvhome.activity.HomeActivity}' spent 7.1ms processing the last input event: KeyEvent(deviceId=4, source=0x00000301, action=1, flags=0x00000008, keyCode=22, scanCode=106, metaState=0x00000000, repeatCount=0), policyFlags=0x67000000
05-18 18:23:04.532  4359  4429 D AlarmPingSender: Success. Release lock(MqttService.client.04a950e3-409b-4366-9225-e116947e6e43):1558171384532
05-18 18:23:04.590  2355  2694 D bt_btm  : btm_bda_to_acl found
05-18 18:23:04.590  2355  2694 D bt_att  : gatt_get_ch_state: ch_state=4
05-18 18:23:04.590  2355  2694 D bt_att  : gatt_process_notification 
05-18 18:23:04.590  2355  2694 D bt_att  : gatt_get_link_encrypt_status status=0x8d
05-18 18:23:04.590  2355  2694 D bt_btif : bta_gattc_cmpl_cback: conn_id = 3 op = 6 status = 141
05-18 18:23:04.590  2355  2694 I bt_att  : GATT_GetConnectionInfor conn_id=3
05-18 18:23:04.590  2355  2694 D bt_btif : bta_gattc_cmpl_cback: conn_id = 4 op = 6 status = 141
05-18 18:23:04.590  2355  2694 I bt_att  : GATT_GetConnectionInfor conn_id=4
05-18 18:23:04.590  2355  2694 D bt_btif : Notification registered!
05-18 18:23:04.590  2355  2694 D bt_btif : bta_gattc_proc_other_indication check                        p_data->att_value.handle=22 p_data->handle=0
05-18 18:23:04.590  2355  2694 D bt_btif : is_notify
05-18 18:23:04.590  2355  2694 D bt_btif : bta_hh_gattc_callback event = 10
05-18 18:23:04.590  2355  2694 D bt_btif : Notification received on report ID: 1
05-18 18:23:04.590  1963  1963 D         : read_message(L587): read buffer res: 0009
05-18 18:23:04.590  2355  2694 E RTKBT_VR_HIDRAW_BEE: RECV HOOK(6) arg={N/A}
05-18 18:23:04.590  2355  2694 D bt_btif : Notification Stolen by RTKBT
05-18 18:23:04.590  2355  2694 D bt_btif : bta_gattc_cmpl_cback: conn_id = 6 op = 6 status = 141
05-18 18:23:04.590  2355  2694 I bt_att  : GATT_GetConnectionInfor conn_id=6
05-18 18:23:04.590  2210  2312 D KeyLayoutMap: gc: scanCode=106, usageCode=0x0007004f 
05-18 18:23:04.590  2210  2312 D KeyLayoutMap: gc: usageCode index =-2
05-18 18:23:04.590  2210  2312 E KeyLayoutMap: gc: index = 103
05-18 18:23:04.590  2210  2312 D KeyLayoutMap: gc: scanCode index =103
05-18 18:23:04.590  2210  2312 D KeyLayoutMap: mapKey: scanCode=106, usageCode=0x0007004f ~ Result keyCode=22, outFlags=0x00000000.
05-18 18:23:04.591  2210  2312 D InputDispatcher: notifyKey - eventTime=118150237000, deviceId=4, source=0x301, policyFlags=0x1, action=0x0, flags=0x8, keyCode=0x16, scanCode=0x6a, metaState=0x0, downTime=118150237000
05-18 18:23:04.591  2210  2312 D WindowManager: interceptKeyTq keycode=22 interactive=true keyguardActive=false policyFlags=22000001
05-18 18:23:04.591  2210  2312 D WindowManager: isSystemFilter, sys.isHandleSystemKey=1isUserSetupComplete->trueisDeviceProvisioned->true
05-18 18:23:04.592  2210  2312 D WindowManager: isSystemFilter, sys.isHandleSystemKey=1isUserSetupComplete->trueisDeviceProvisioned->true
05-18 18:23:04.592  2210  2312 D WindowManager: filterKeyEvent do not filter this key. < 22 >
05-18 18:23:04.592  2210  2312 D WindowManager: filterKeyEvent isNeedFilter = false
05-18 18:23:04.592  2210  2312 D WindowManager: interceptKeyTq result=1
05-18 18:23:04.593  2210  2210 D AccessibilityManagerService: onKeyEvent, service=com.nttdocomo.android.devicehelp.access.AccessibilityServiceEx, mRequestFilterKey=true, mServiceInterface=non-null, mInfo->cap=9
05-18 18:23:04.600  2210  3084 D KeyEventDispatcher: setOnKeyEventResult, call back from client.
05-18 18:23:04.601  2210  2210 D InputDispatcher: injectInputEvent - eventType=1, injectorPid=0, injectorUid=0, syncMode=0, timeoutMillis=0, policyFlags=0x66000001
05-18 18:23:04.601  2210  2311 D InputDispatcher: mPendingEvent->type=2 (0:CONFIGURATION_CHANGED, 1:DEVICE_RESET, 2:KEY).
05-18 18:23:04.601  2210  2311 D InputDispatcher: dispatchKeyLocked->keyRepeatTimeout=500000000
05-18 18:23:04.601  2210  2311 D WindowManager: interceptKeyTi keyCode=22 down=true repeatCount=0 keyguardOn=false mHomePressed=false canceled=false
05-18 18:23:04.601  2210  2311 D WindowManager: interceptKeyTp result=0
05-18 18:23:04.601  2210  2311 D InputDispatcher: InterceptKeyBeforeDispatching, delay = 0.
05-18 18:23:04.601  2210  2311 D InputDispatcher: mPendingEvent->type=2 (0:CONFIGURATION_CHANGED, 1:DEVICE_RESET, 2:KEY).
05-18 18:23:04.603  2210  2311 I InputDispatcher: Window 'Window{8f87ac8 u0 com.nttdocomo.android.atvhome/com.nttdocomo.android.atvhome.activity.HomeActivity}' spent 1.8ms processing the last input event: KeyEvent(deviceId=4, source=0x00000301, action=0, flags=0x00000008, keyCode=22, scanCode=106, metaState=0x00000000, repeatCount=0), policyFlags=0x67000001
05-18 18:23:04.740  2355  2694 D bt_btm  : btm_bda_to_acl found
05-18 18:23:04.740  2355  2694 D bt_att  : gatt_get_ch_state: ch_state=4
05-18 18:23:04.740  2355  2694 D bt_att  : gatt_process_notification 
05-18 18:23:04.740  2355  2694 D bt_att  : gatt_get_link_encrypt_status status=0x8d
05-18 18:23:04.740  2355  2694 D bt_btif : bta_gattc_cmpl_cback: conn_id = 3 op = 6 status = 141
05-18 18:23:04.740  2355  2694 I bt_att  : GATT_GetConnectionInfor conn_id=3
05-18 18:23:04.740  2355  2694 D bt_btif : bta_gattc_cmpl_cback: conn_id = 4 op = 6 status = 141
05-18 18:23:04.740  2355  2694 I bt_att  : GATT_GetConnectionInfor conn_id=4
05-18 18:23:04.740  2355  2694 D bt_btif : Notification registered!
05-18 18:23:04.740  2355  2694 D bt_btif : bta_gattc_proc_other_indication check                        p_data->att_value.handle=22 p_data->handle=0
05-18 18:23:04.740  2355  2694 D bt_btif : is_notify
05-18 18:23:04.740  2355  2694 D bt_btif : bta_hh_gattc_callback event = 10
05-18 18:23:04.740  2355  2694 D bt_btif : Notification received on report ID: 1
05-18 18:23:04.740  1963  1963 D         : read_message(L587): read buffer res: 0009
05-18 18:23:04.740  2355  2694 E RTKBT_VR_HIDRAW_BEE: RECV HOOK(6) arg={N/A}
05-18 18:23:04.740  2355  2694 D bt_btif : Notification Stolen by RTKBT
05-18 18:23:04.740  2355  2694 D bt_btif : bta_gattc_cmpl_cback: conn_id = 6 op = 6 status = 141
05-18 18:23:04.740  2355  2694 I bt_att  : GATT_GetConnectionInfor conn_id=6
05-18 18:23:04.740  2210  2312 D KeyLayoutMap: gc: scanCode=106, usageCode=0x0007004f 
05-18 18:23:04.740  2210  2312 D KeyLayoutMap: gc: usageCode index =-2
05-18 18:23:04.740  2210  2312 E KeyLayoutMap: gc: index = 103
05-18 18:23:04.740  2210  2312 D KeyLayoutMap: gc: scanCode index =103
05-18 18:23:04.740  2210  2312 D KeyLayoutMap: mapKey: scanCode=106, usageCode=0x0007004f ~ Result keyCode=22, outFlags=0x00000000.
05-18 18:23:04.740  2210  2312 D InputDispatcher: notifyKey - eventTime=118300195000, deviceId=4, source=0x301, policyFlags=0x0, action=0x1, flags=0x8, keyCode=0x16, scanCode=0x6a, metaState=0x0, downTime=118150237000
05-18 18:23:04.741  2210  2312 D WindowManager: interceptKeyTq keycode=22 interactive=true keyguardActive=false policyFlags=22000000
05-18 18:23:04.741  2210  2312 D WindowManager: isSystemFilter, sys.isHandleSystemKey=1isUserSetupComplete->trueisDeviceProvisioned->true
05-18 18:23:04.742  2210  2312 D WindowManager: isSystemFilter, sys.isHandleSystemKey=1isUserSetupComplete->trueisDeviceProvisioned->true
05-18 18:23:04.742  2210  2312 D WindowManager: interceptKeyTq result=1
05-18 18:23:04.743  2210  2210 D AccessibilityManagerService: onKeyEvent, service=com.nttdocomo.android.devicehelp.access.AccessibilityServiceEx, mRequestFilterKey=true, mServiceInterface=non-null, mInfo->cap=9
05-18 18:23:04.745  2210  3084 D KeyEventDispatcher: setOnKeyEventResult, call back from client.
05-18 18:23:04.745  2210  2210 D InputDispatcher: injectInputEvent - eventType=1, injectorPid=0, injectorUid=0, syncMode=0, timeoutMillis=0, policyFlags=0x66000000
05-18 18:23:04.746  2210  2311 D InputDispatcher: mPendingEvent->type=2 (0:CONFIGURATION_CHANGED, 1:DEVICE_RESET, 2:KEY).
05-18 18:23:04.746  2210  2311 D WindowManager: interceptKeyTi keyCode=22 down=false repeatCount=0 keyguardOn=false mHomePressed=false canceled=false
05-18 18:23:04.746  2210  2311 D WindowManager: interceptKeyTp result=0
05-18 18:23:04.746  2210  2311 D InputDispatcher: InterceptKeyBeforeDispatching, delay = 0.
05-18 18:23:04.746  2210  2311 D InputDispatcher: mPendingEvent->type=2 (0:CONFIGURATION_CHANGED, 1:DEVICE_RESET, 2:KEY).
05-18 18:23:04.765  2210  2311 I InputDispatcher: Window 'Window{8f87ac8 u0 com.nttdocomo.android.atvhome/com.nttdocomo.android.atvhome.activity.HomeActivity}' spent 18.5ms processing the last input event: KeyEvent(deviceId=4, source=0x00000301, action=1, flags=0x00000008, keyCode=22, scanCode=106, metaState=0x00000000, repeatCount=0), policyFlags=0x67000000
05-18 18:23:05.205  2355  2694 D bt_btm  : btm_bda_to_acl found
05-18 18:23:05.205  2355  2694 D bt_att  : gatt_get_ch_state: ch_state=4
05-18 18:23:05.205  2355  2694 D bt_att  : gatt_process_notification 
05-18 18:23:05.205  2355  2694 D bt_att  : gatt_get_link_encrypt_status status=0x8d
05-18 18:23:05.205  2355  2694 D bt_btif : bta_gattc_cmpl_cback: conn_id = 3 op = 6 status = 141
05-18 18:23:05.205  2355  2694 I bt_att  : GATT_GetConnectionInfor conn_id=3
05-18 18:23:05.205  2355  2694 D bt_btif : bta_gattc_cmpl_cback: conn_id = 4 op = 6 status = 141
05-18 18:23:05.205  2355  2694 I bt_att  : GATT_GetConnectionInfor conn_id=4
05-18 18:23:05.205  2355  2694 D bt_btif : Notification registered!
05-18 18:23:05.205  2355  2694 D bt_btif : bta_gattc_proc_other_indication check                        p_data->att_value.handle=22 p_data->handle=0
05-18 18:23:05.206  2355  2694 D bt_btif : is_notify
05-18 18:23:05.206  2355  2694 D bt_btif : bta_hh_gattc_callback event = 10
05-18 18:23:05.206  2355  2694 D bt_btif : Notification received on report ID: 1
05-18 18:23:05.206  1963  1963 D         : read_message(L587): read buffer res: 0009
05-18 18:23:05.206  2355  2694 E RTKBT_VR_HIDRAW_BEE: RECV HOOK(6) arg={N/A}
05-18 18:23:05.206  2355  2694 D bt_btif : Notification Stolen by RTKBT
05-18 18:23:05.206  2355  2694 D bt_btif : bta_gattc_cmpl_cback: conn_id = 6 op = 6 status = 141
05-18 18:23:05.206  2355  2694 I bt_att  : GATT_GetConnectionInfor conn_id=6
05-18 18:23:05.206  2210  2312 D KeyLayoutMap: gc: scanCode=106, usageCode=0x0007004f 
05-18 18:23:05.206  2210  2312 D KeyLayoutMap: gc: usageCode index =-2
05-18 18:23:05.206  2210  2312 E KeyLayoutMap: gc: index = 103
05-18 18:23:05.206  2210  2312 D KeyLayoutMap: gc: scanCode index =103
05-18 18:23:05.206  2210  2312 D KeyLayoutMap: mapKey: scanCode=106, usageCode=0x0007004f ~ Result keyCode=22, outFlags=0x00000000.
05-18 18:23:05.206  2210  2312 D InputDispatcher: notifyKey - eventTime=118765750000, deviceId=4, source=0x301, policyFlags=0x1, action=0x0, flags=0x8, keyCode=0x16, scanCode=0x6a, metaState=0x0, downTime=118765750000
05-18 18:23:05.206  2210  2312 D WindowManager: interceptKeyTq keycode=22 interactive=true keyguardActive=false policyFlags=22000001
05-18 18:23:05.207  2210  2312 D WindowManager: isSystemFilter, sys.isHandleSystemKey=1isUserSetupComplete->trueisDeviceProvisioned->true
05-18 18:23:05.209  2210  2312 D WindowManager: isSystemFilter, sys.isHandleSystemKey=1isUserSetupComplete->trueisDeviceProvisioned->true
05-18 18:23:05.209  2210  2312 D WindowManager: filterKeyEvent do not filter this key. < 22 >
05-18 18:23:05.209  2210  2312 D WindowManager: filterKeyEvent isNeedFilter = false
05-18 18:23:05.209  2210  2312 D WindowManager: interceptKeyTq result=1
05-18 18:23:05.210  2210  2210 D AccessibilityManagerService: onKeyEvent, service=com.nttdocomo.android.devicehelp.access.AccessibilityServiceEx, mRequestFilterKey=true, mServiceInterface=non-null, mInfo->cap=9
05-18 18:23:05.215  3138  3208 W ContextImpl: Calling a method in the system process without a qualified user: android.app.ContextImpl.sendBroadcast:965 android.content.ContextWrapper.sendBroadcast:436 com.huawei.appmonitor.MonitorService.sendLedException:192 com.huawei.appmonitor.MonitorService.-wrap2:0 com.huawei.appmonitor.MonitorService$BluetoothCheckThread.run:322 
05-18 18:23:05.217  2210  2477 D KeyEventDispatcher: setOnKeyEventResult, call back from client.
05-18 18:23:05.217  3201  3201 D LedService: currentLedState = 11lastLedState = 11
05-18 18:23:05.218  3201  3201 D LedService: exception state = 0
05-18 18:23:05.218  2210  2210 D InputDispatcher: injectInputEvent - eventType=1, injectorPid=0, injectorUid=0, syncMode=0, timeoutMillis=0, policyFlags=0x66000001
05-18 18:23:05.218  3201  3201 D LedService: mStanbyMode is ON
05-18 18:23:05.218  3201  3201 D LedService: mProductInfo:TT01mStanbyMode = ON  mExceptionSet.size() = 0
05-18 18:23:05.218  3201  3201 I LedService: currentLedState = 11lastLedState = 11mExceptionSet = []
05-18 18:23:05.218  3201  3201 D LedService: currentLedState2 = 11  lastLedState = 11
05-18 18:23:05.218  2210  2311 D InputDispatcher: mPendingEvent->type=2 (0:CONFIGURATION_CHANGED, 1:DEVICE_RESET, 2:KEY).
05-18 18:23:05.218  2210  2311 D InputDispatcher: dispatchKeyLocked->keyRepeatTimeout=500000000
05-18 18:23:05.219  2210  2311 D WindowManager: interceptKeyTi keyCode=22 down=true repeatCount=0 keyguardOn=false mHomePressed=false canceled=false
05-18 18:23:05.219  2210  2311 D WindowManager: interceptKeyTp result=0
05-18 18:23:05.219  2210  2311 D InputDispatcher: InterceptKeyBeforeDispatching, delay = 0.
05-18 18:23:05.219  2210  2311 D InputDispatcher: mPendingEvent->type=2 (0:CONFIGURATION_CHANGED, 1:DEVICE_RESET, 2:KEY).
05-18 18:23:05.220  2210  2311 I InputDispatcher: Window 'Window{8f87ac8 u0 com.nttdocomo.android.atvhome/com.nttdocomo.android.atvhome.activity.HomeActivity}' spent 0.9ms processing the last input event: KeyEvent(deviceId=4, source=0x00000301, action=0, flags=0x00000008, keyCode=22, scanCode=106, metaState=0x00000000, repeatCount=0), policyFlags=0x67000001
05-18 18:23:05.226  3201  3201 D LedService: Common.CURRENT_LED_STATE -- red_ledState  0 0   ---  blue_ledState1 1   Common.CURRENT_LED_STATE ==  11
05-18 18:23:05.240  1944  2518 I rtk_parse: : polling timeout
05-18 18:23:05.240  1944  2518 I rtk_parse: : rtk_vendor_cmd_to_fw: Opcode:fc8f
05-18 18:23:05.240  1944  2518 I rtk_parse: : begin transmit_command Opcode:fc8f
05-18 18:23:05.242  1944  2523 I rtk_parse: : receive mailbox cmd from fw, subcmd is 0x23, status is 0x0
05-18 18:23:05.242  1944  2523 I rtk_parse: : bt info, length is 0xc, polling_enable is 0x1, poiiling_interval is 2
05-18 18:23:05.242  1944  2523 I rtk_parse: : bt info, reason is 0x1, info length is 0x8
05-18 18:23:05.242  1944  2523 I rtk_parse: : bt info[0]: 23
05-18 18:23:05.242  1944  2523 I rtk_parse: : bt info[1]: 06
05-18 18:23:05.242  1944  2523 I rtk_parse: : bt info[2]: 29
05-18 18:23:05.242  1944  2523 I rtk_parse: : bt info[3]: 00
05-18 18:23:05.242  1944  2523 I rtk_parse: : bt info[4]: 0f
05-18 18:23:05.242  1944  2523 I rtk_parse: : bt info[5]: 00
05-18 18:23:05.242  1944  2523 I rtk_parse: : bt info[6]: 57
05-18 18:23:05.242  1944  2523 I rtk_parse: : bt info[7]: 00
05-18 18:23:05.242  1944  2523 I rtk_parse: : btcoex_chr_send tx_msg:ý#)
05-18 18:23:05.242  1944  2519 I rtk_parse: : receive invite rsp from wifi msg : ý
05-18 18:23:05.242  1944  2519 I rtk_parse: : receive command complete event from wifi, op code is 0xfd06, status is 0x0
05-18 18:23:05.356  2355  2694 D bt_btm  : btm_bda_to_acl found
05-18 18:23:05.356  2355  2694 D bt_att  : gatt_get_ch_state: ch_state=4
05-18 18:23:05.356  2355  2694 D bt_att  : gatt_process_notification 
05-18 18:23:05.356  2355  2694 D bt_att  : gatt_get_link_encrypt_status status=0x8d
05-18 18:23:05.356  2355  2694 D bt_btif : bta_gattc_cmpl_cback: conn_id = 3 op = 6 status = 141
05-18 18:23:05.356  2355  2694 I bt_att  : GATT_GetConnectionInfor conn_id=3
05-18 18:23:05.356  2355  2694 D bt_btif : bta_gattc_cmpl_cback: conn_id = 4 op = 6 status = 141
05-18 18:23:05.356  2355  2694 I bt_att  : GATT_GetConnectionInfor conn_id=4
05-18 18:23:05.356  2355  2694 D bt_btif : Notification registered!
05-18 18:23:05.356  2355  2694 D bt_btif : bta_gattc_proc_other_indication check                        p_data->att_value.handle=22 p_data->handle=0
05-18 18:23:05.356  2355  2694 D bt_btif : is_notify
05-18 18:23:05.356  2355  2694 D bt_btif : bta_hh_gattc_callback event = 10
05-18 18:23:05.356  2355  2694 D bt_btif : Notification received on report ID: 1
05-18 18:23:05.356  1963  1963 D         : read_message(L587): read buffer res: 0009
05-18 18:23:05.356  2355  2694 E RTKBT_VR_HIDRAW_BEE: RECV HOOK(6) arg={N/A}
05-18 18:23:05.356  2355  2694 D bt_btif : Notification Stolen by RTKBT
05-18 18:23:05.356  2355  2694 D bt_btif : bta_gattc_cmpl_cback: conn_id = 6 op = 6 status = 141
05-18 18:23:05.356  2355  2694 I bt_att  : GATT_GetConnectionInfor conn_id=6
05-18 18:23:05.356  2210  2312 D KeyLayoutMap: gc: scanCode=106, usageCode=0x0007004f 
05-18 18:23:05.356  2210  2312 D KeyLayoutMap: gc: usageCode index =-2
05-18 18:23:05.356  2210  2312 E KeyLayoutMap: gc: index = 103
05-18 18:23:05.356  2210  2312 D KeyLayoutMap: gc: scanCode index =103
05-18 18:23:05.356  2210  2312 D KeyLayoutMap: mapKey: scanCode=106, usageCode=0x0007004f ~ Result keyCode=22, outFlags=0x00000000.
05-18 18:23:05.357  2210  2312 D InputDispatcher: notifyKey - eventTime=118916229000, deviceId=4, source=0x301, policyFlags=0x0, action=0x1, flags=0x8, keyCode=0x16, scanCode=0x6a, metaState=0x0, downTime=118765750000
05-18 18:23:05.357  2210  2312 D WindowManager: interceptKeyTq keycode=22 interactive=true keyguardActive=false policyFlags=22000000
05-18 18:23:05.357  2210  2312 D WindowManager: isSystemFilter, sys.isHandleSystemKey=1isUserSetupComplete->trueisDeviceProvisioned->true
05-18 18:23:05.358  2210  2312 D WindowManager: isSystemFilter, sys.isHandleSystemKey=1isUserSetupComplete->trueisDeviceProvisioned->true
05-18 18:23:05.358  2210  2312 D WindowManager: interceptKeyTq result=1
05-18 18:23:05.358  2210  2210 D AccessibilityManagerService: onKeyEvent, service=com.nttdocomo.android.devicehelp.access.AccessibilityServiceEx, mRequestFilterKey=true, mServiceInterface=non-null, mInfo->cap=9
05-18 18:23:05.360  2210  3084 D KeyEventDispatcher: setOnKeyEventResult, call back from client.
05-18 18:23:05.360  2210  2210 D InputDispatcher: injectInputEvent - eventType=1, injectorPid=0, injectorUid=0, syncMode=0, timeoutMillis=0, policyFlags=0x66000000
05-18 18:23:05.361  2210  2311 D InputDispatcher: mPendingEvent->type=2 (0:CONFIGURATION_CHANGED, 1:DEVICE_RESET, 2:KEY).
05-18 18:23:05.361  2210  2311 D WindowManager: interceptKeyTi keyCode=22 down=false repeatCount=0 keyguardOn=false mHomePressed=false canceled=false
05-18 18:23:05.361  2210  2311 D WindowManager: interceptKeyTp result=0
05-18 18:23:05.361  2210  2311 D InputDispatcher: InterceptKeyBeforeDispatching, delay = 0.
05-18 18:23:05.361  2210  2311 D InputDispatcher: mPendingEvent->type=2 (0:CONFIGURATION_CHANGED, 1:DEVICE_RESET, 2:KEY).
05-18 18:23:05.374  2210  2311 I InputDispatcher: Window 'Window{8f87ac8 u0 com.nttdocomo.android.atvhome/com.nttdocomo.android.atvhome.activity.HomeActivity}' spent 12.7ms processing the last input event: KeyEvent(deviceId=4, source=0x00000301, action=1, flags=0x00000008, keyCode=22, scanCode=106, metaState=0x00000000, repeatCount=0), policyFlags=0x67000000
05-18 18:23:05.550  2355  2694 D bt_btm  : btm_bda_to_acl found
05-18 18:23:05.551  2355  2694 D bt_att  : gatt_get_ch_state: ch_state=4
05-18 18:23:05.551  2355  2694 D bt_att  : gatt_process_notification 
05-18 18:23:05.551  2355  2694 D bt_att  : gatt_get_link_encrypt_status status=0x8d
05-18 18:23:05.551  2355  2694 D bt_btif : bta_gattc_cmpl_cback: conn_id = 3 op = 6 status = 141
05-18 18:23:05.551  2355  2694 I bt_att  : GATT_GetConnectionInfor conn_id=3
05-18 18:23:05.551  2355  2694 D bt_btif : bta_gattc_cmpl_cback: conn_id = 4 op = 6 status = 141
05-18 18:23:05.551  2355  2694 I bt_att  : GATT_GetConnectionInfor conn_id=4
05-18 18:23:05.551  2355  2694 D bt_btif : Notification registered!
05-18 18:23:05.551  2355  2694 D bt_btif : bta_gattc_proc_other_indication check                        p_data->att_value.handle=22 p_data->handle=0
05-18 18:23:05.551  2355  2694 D bt_btif : is_notify
05-18 18:23:05.552  2355  2694 D bt_btif : bta_hh_gattc_callback event = 10
05-18 18:23:05.552  2355  2694 D bt_btif : Notification received on report ID: 1
05-18 18:23:05.552  1963  1963 D         : read_message(L587): read buffer res: 0009
05-18 18:23:05.552  2355  2694 E RTKBT_VR_HIDRAW_BEE: RECV HOOK(6) arg={N/A}
05-18 18:23:05.552  2355  2694 D bt_btif : Notification Stolen by RTKBT
05-18 18:23:05.552  2355  2694 D bt_btif : bta_gattc_cmpl_cback: conn_id = 6 op = 6 status = 141
05-18 18:23:05.552  2355  2694 I bt_att  : GATT_GetConnectionInfor conn_id=6
05-18 18:23:05.552  2210  2312 D KeyLayoutMap: gc: scanCode=28, usageCode=0x00070028 
05-18 18:23:05.552  2210  2312 D KeyLayoutMap: gc: usageCode index =-2
05-18 18:23:05.552  2210  2312 E KeyLayoutMap: gc: index = 27
05-18 18:23:05.552  2210  2312 D KeyLayoutMap: gc: scanCode index =27
05-18 18:23:05.552  2210  2312 D KeyLayoutMap: mapKey: scanCode=28, usageCode=0x00070028 ~ Result keyCode=23, outFlags=0x00000000.
05-18 18:23:05.553  2210  2312 D InputDispatcher: notifyKey - eventTime=119111801000, deviceId=4, source=0x301, policyFlags=0x1, action=0x0, flags=0x8, keyCode=0x17, scanCode=0x1c, metaState=0x0, downTime=119111801000
05-18 18:23:05.553  2210  2312 D WindowManager: interceptKeyTq keycode=23 interactive=true keyguardActive=false policyFlags=22000001
05-18 18:23:05.555  2210  2312 D WindowManager: isSystemFilter, sys.isHandleSystemKey=1isUserSetupComplete->trueisDeviceProvisioned->true
05-18 18:23:05.557  2210  2312 D WindowManager: isSystemFilter, sys.isHandleSystemKey=1isUserSetupComplete->trueisDeviceProvisioned->true
05-18 18:23:05.557  2210  2312 D WindowManager: filterKeyEvent keycode not exist: 23
05-18 18:23:05.557  2210  2312 D WindowManager: filterKeyEvent isNeedFilter = false
05-18 18:23:05.557  2210  2312 D WindowManager: interceptKeyTq result=1
05-18 18:23:05.557  2210  2210 D AccessibilityManagerService: onKeyEvent, service=com.nttdocomo.android.devicehelp.access.AccessibilityServiceEx, mRequestFilterKey=true, mServiceInterface=non-null, mInfo->cap=9
05-18 18:23:05.572  2210  2477 D KeyEventDispatcher: setOnKeyEventResult, call back from client.
05-18 18:23:05.573  2210  2210 D InputDispatcher: injectInputEvent - eventType=1, injectorPid=0, injectorUid=0, syncMode=0, timeoutMillis=0, policyFlags=0x66000001
05-18 18:23:05.573  2210  2311 D InputDispatcher: mPendingEvent->type=2 (0:CONFIGURATION_CHANGED, 1:DEVICE_RESET, 2:KEY).
05-18 18:23:05.573  2210  2311 D InputDispatcher: dispatchKeyLocked->keyRepeatTimeout=500000000
05-18 18:23:05.573  2210  2311 D WindowManager: interceptKeyTi keyCode=23 down=true repeatCount=0 keyguardOn=false mHomePressed=false canceled=false
05-18 18:23:05.573  2210  2311 D WindowManager: interceptKeyTp result=0
05-18 18:23:05.573  2210  2311 D InputDispatcher: InterceptKeyBeforeDispatching, delay = 0.
05-18 18:23:05.573  2210  2311 D InputDispatcher: mPendingEvent->type=2 (0:CONFIGURATION_CHANGED, 1:DEVICE_RESET, 2:KEY).
05-18 18:23:05.574  2210  2311 I InputDispatcher: Window 'Window{8f87ac8 u0 com.nttdocomo.android.atvhome/com.nttdocomo.android.atvhome.activity.HomeActivity}' spent 1.0ms processing the last input event: KeyEvent(deviceId=4, source=0x00000301, action=0, flags=0x00000008, keyCode=23, scanCode=28, metaState=0x00000000, repeatCount=0), policyFlags=0x67000001
05-18 18:23:05.640  1944  2519 I rtk_parse: : receive invite rsp from wifi msg : þ
05-18 18:23:05.640  1944  2519 I rtk_parse: : rtk_prof.polling_enable is 1
05-18 18:23:05.640  1944  2519 I rtk_parse: : receive bt info control event from wifi, polling enable is 0x1, polling time is 0x2, auto report is 0x1
05-18 18:23:05.640  1944  2519 I rtk_parse: : rtk_vendor_cmd_to_fw: Opcode:fc8f
05-18 18:23:05.640  1944  2519 I rtk_parse: : begin transmit_command Opcode:fc8f
05-18 18:23:05.640  1944  2519 I rtk_parse: : bt info, length is 0x4, polling_enable is 0x1, poiiling_interval is 2
05-18 18:23:05.640  1944  2519 I rtk_parse: : bt info, reason is 0x0, info length is 0x0
05-18 18:23:05.640  1944  2519 I rtk_parse: : btcoex_chr_send tx_msg:ý
05-18 18:23:05.640  1944  2519 I rtk_parse: : receive invite rsp from wifi msg : ý
05-18 18:23:05.640  1944  2519 I rtk_parse: : receive command complete event from wifi, op code is 0xfd06, status is 0x12
05-18 18:23:05.644  1944  2523 I rtk_parse: : receive mailbox cmd from fw, subcmd is 0x28, status is 0x0
05-18 18:23:05.669  3726  4097 I chromium: [3726:4097:INFO:ssdp_device.c(101)] SSDP packets sent for 39 seconds = 4
05-18 18:23:05.700  2355  2694 D bt_btm  : btm_bda_to_acl found
05-18 18:23:05.700  2355  2694 D bt_att  : gatt_get_ch_state: ch_state=4
05-18 18:23:05.700  2355  2694 D bt_att  : gatt_process_notification 
05-18 18:23:05.700  2355  2694 D bt_att  : gatt_get_link_encrypt_status status=0x8d
05-18 18:23:05.700  2355  2694 D bt_btif : bta_gattc_cmpl_cback: conn_id = 3 op = 6 status = 141
05-18 18:23:05.701  2355  2694 I bt_att  : GATT_GetConnectionInfor conn_id=3
05-18 18:23:05.701  2355  2694 D bt_btif : bta_gattc_cmpl_cback: conn_id = 4 op = 6 status = 141
05-18 18:23:05.701  2355  2694 I bt_att  : GATT_GetConnectionInfor conn_id=4
05-18 18:23:05.701  2355  2694 D bt_btif : Notification registered!
05-18 18:23:05.701  2355  2694 D bt_btif : bta_gattc_proc_other_indication check                        p_data->att_value.handle=22 p_data->handle=0
05-18 18:23:05.701  2355  2694 D bt_btif : is_notify
05-18 18:23:05.701  2355  2694 D bt_btif : bta_hh_gattc_callback event = 10
05-18 18:23:05.701  2355  2694 D bt_btif : Notification received on report ID: 1
05-18 18:23:05.701  1963  1963 D         : read_message(L587): read buffer res: 0009
05-18 18:23:05.701  2355  2694 E RTKBT_VR_HIDRAW_BEE: RECV HOOK(6) arg={N/A}
05-18 18:23:05.701  2210  2312 D KeyLayoutMap: gc: scanCode=28, usageCode=0x00070028 
05-18 18:23:05.701  2355  2694 D bt_btif : Notification Stolen by RTKBT
05-18 18:23:05.701  2210  2312 D KeyLayoutMap: gc: usageCode index =-2
05-18 18:23:05.701  2355  2694 D bt_btif : bta_gattc_cmpl_cback: conn_id = 6 op = 6 status = 141
05-18 18:23:05.701  2210  2312 E KeyLayoutMap: gc: index = 27
05-18 18:23:05.701  2355  2694 I bt_att  : GATT_GetConnectionInfor conn_id=6
05-18 18:23:05.701  2210  2312 D KeyLayoutMap: gc: scanCode index =27
05-18 18:23:05.701  2210  2312 D KeyLayoutMap: mapKey: scanCode=28, usageCode=0x00070028 ~ Result keyCode=23, outFlags=0x00000000.
05-18 18:23:05.702  2210  2312 D InputDispatcher: notifyKey - eventTime=119261028000, deviceId=4, source=0x301, policyFlags=0x0, action=0x1, flags=0x8, keyCode=0x17, scanCode=0x1c, metaState=0x0, downTime=119111801000
05-18 18:23:05.702  2210  2312 D WindowManager: interceptKeyTq keycode=23 interactive=true keyguardActive=false policyFlags=22000000
05-18 18:23:05.703  2210  2312 D WindowManager: isSystemFilter, sys.isHandleSystemKey=1isUserSetupComplete->trueisDeviceProvisioned->true
05-18 18:23:05.704  2210  2312 D WindowManager: isSystemFilter, sys.isHandleSystemKey=1isUserSetupComplete->trueisDeviceProvisioned->true
05-18 18:23:05.704  2210  2312 D WindowManager: interceptKeyTq result=1
05-18 18:23:05.705  2210  2210 D AccessibilityManagerService: onKeyEvent, service=com.nttdocomo.android.devicehelp.access.AccessibilityServiceEx, mRequestFilterKey=true, mServiceInterface=non-null, mInfo->cap=9
05-18 18:23:05.708  2210  2477 D KeyEventDispatcher: setOnKeyEventResult, call back from client.
05-18 18:23:05.710  2210  2210 D InputDispatcher: injectInputEvent - eventType=1, injectorPid=0, injectorUid=0, syncMode=0, timeoutMillis=0, policyFlags=0x66000000
05-18 18:23:05.711  2210  2311 D InputDispatcher: mPendingEvent->type=2 (0:CONFIGURATION_CHANGED, 1:DEVICE_RESET, 2:KEY).
05-18 18:23:05.712  2210  2311 D WindowManager: interceptKeyTi keyCode=23 down=false repeatCount=0 keyguardOn=false mHomePressed=false canceled=false
05-18 18:23:05.712  2210  2311 D WindowManager: interceptKeyTp result=0
05-18 18:23:05.712  2210  2311 D InputDispatcher: InterceptKeyBeforeDispatching, delay = 0.
05-18 18:23:05.712  2210  2311 D InputDispatcher: mPendingEvent->type=2 (0:CONFIGURATION_CHANGED, 1:DEVICE_RESET, 2:KEY).
05-18 18:23:05.714  1975  1975 E APM_AudioPolicyManager: getOutput() strategy:0,device 1024, stream 1, samplingRate 0, format 0, channelMask 3, flags 0
05-18 18:23:05.715  2210  2477 I ActivityManager: START u0 {act=android.settings.SETTINGS cmp=com.android.tv.settings/.MainSettings} from uid 10009
05-18 18:23:05.716  1975  1975 E APM_AudioPolicyManager: getOutput() strategy:0,device 1024, stream 1, samplingRate 0, format 0, channelMask 3, flags 0
05-18 18:23:05.717  1975  1975 D APM_AudioPolicyManager: checkAndSetVolume stream 1,device 400,volumeDb -10.000000,force 0
05-18 18:23:05.720  1951  1951 E IPower  : Unknown power hint 8
05-18 18:23:05.725  2210  2311 I InputDispatcher: Window 'Window{8f87ac8 u0 com.nttdocomo.android.atvhome/com.nttdocomo.android.atvhome.activity.HomeActivity}' spent 11.8ms processing the last input event: KeyEvent(deviceId=4, source=0x00000301, action=1, flags=0x00000008, keyCode=23, scanCode=28, metaState=0x00000000, repeatCount=0), policyFlags=0x67000000
05-18 18:23:05.726  2210  2259 W BroadcastQueue: Background execution not allowed: receiving Intent { act=android.ActivityState.CHANGE flg=0x30 (has extras) } to com.hisilicon.android.hiRMService/.ActivityStateReceiver
05-18 18:23:05.729  2781  2781 I HiRMService: ActivityStateReceiver android.ActivityState.CHANGE:
05-18 18:23:05.734  2210  3084 V WindowManager: Changing focus from Window{8f87ac8 u0 com.nttdocomo.android.atvhome/com.nttdocomo.android.atvhome.activity.HomeActivity} to null
05-18 18:23:05.757  2450  2450 W ContextImpl: Calling a method in the system process without a qualified user: android.app.ContextImpl.sendBroadcast:950 android.content.ContextWrapper.sendBroadcast:431 android.app.ActivityThread.performResumeActivity:3659 android.app.ActivityThread.handleResumeActivity:3695 android.app.ActivityThread.handleLaunchActivity:2898 
05-18 18:23:05.759  2210  2259 W BroadcastQueue: Background execution not allowed: receiving Intent { act=android.ActivityState.CHANGE flg=0x30 (has extras) } to com.hisilicon.android.hiRMService/.ActivityStateReceiver
05-18 18:23:05.786  2210  3056 V WindowManager: Changing focus from null to Window{b7ab212 u0 com.android.tv.settings/com.android.tv.settings.MainSettings}
05-18 18:23:05.792  1949  1949 E Gralloc1Allocator: Hisilicon: Allocator1 alloc 2274017536
05-18 18:23:05.796  1962  2035 I vndksupport: sphal namespace is not configured for this process. Loading /vendor/lib/hw/gralloc.bigfish.so from the current namespace instead.
05-18 18:23:05.800  1949  1949 E Gralloc1Allocator: Hisilicon: Allocator1 alloc 2274017536
05-18 18:23:05.802  1962  2035 I vndksupport: sphal namespace is not configured for this process. Loading /vendor/lib/hw/gralloc.bigfish.so from the current namespace instead.
05-18 18:23:05.804  1949  1949 E Gralloc1Allocator: Hisilicon: Allocator1 alloc 2274017536
05-18 18:23:05.805  1962  2035 I vndksupport: sphal namespace is not configured for this process. Loading /vendor/lib/hw/gralloc.bigfish.so from the current namespace instead.
05-18 18:23:05.807  2450  2510 D mali_winsys: EGLint new_window_surface(egl_winsys_display *, void *, EGLSurface, EGLConfig, egl_winsys_surface **, egl_color_buffer_format *, EGLBoolean) returns 0x3000
05-18 18:23:05.821  2210  3084 D PackageManager: [3c3e387a-8547-4aa3-8e89-9f7b6bd18a95] Phase1; resolving
05-18 18:23:05.822  2210  3084 V PackageManager: [3c3e387a-8547-4aa3-8e89-9f7b6bd18a95] Binding to instant app resolver
05-18 18:23:05.831  2210  2210 D PackageManager: Connected to instant app resolver
05-18 18:23:05.834  2966  3448 V PackageManager: [3c3e387a-8547-4aa3-8e89-9f7b6bd18a95] Phase1 called; posting
05-18 18:23:05.835  2966  2966 D PackageManager: [3c3e387a-8547-4aa3-8e89-9f7b6bd18a95] Phase1 request; prefix: [-474955776]
05-18 18:23:05.840  2966  2966 W InstantAppResolver: Instant App routing requested but is disabled by flag.
05-18 18:23:05.841  2210  3084 D PackageManager: [3c3e387a-8547-4aa3-8e89-9f7b6bd18a95] Phase1; No results matched
05-18 18:23:05.850  1943  1943 D audio_hal: out_get_latency: out(0x88f830e0) latency=20
05-18 18:23:05.870  1943  1943 D audio_hal: out_get_latency: out(0x88f830e0) latency=20
05-18 18:23:05.938  2450  2450 I AccessoryUtils: devClass ::: 1280
05-18 18:23:05.957  2210  3084 V InputMethodManagerService: hideCurrentInputLocked: shouldHideSoftInput->false
05-18 18:23:06.105  1949  1949 E Gralloc1Allocator: Hisilicon: Allocator1 alloc 2274017536
05-18 18:23:06.106  1962  2035 I vndksupport: sphal namespace is not configured for this process. Loading /vendor/lib/hw/gralloc.bigfish.so from the current namespace instead.
05-18 18:23:06.109  2450  2510 I vndksupport: sphal namespace is not configured for this process. Loading /vendor/lib/hw/gralloc.bigfish.so from the current namespace instead.
05-18 18:23:06.133  2210  2266 I ActivityManager: Displayed com.android.tv.settings/.MainSettings: +398ms
05-18 18:23:06.160  1950  1950 I vndksupport: sphal namespace is not configured for this process. Loading /vendor/lib/hw/gralloc.bigfish.so from the current namespace instead.
05-18 18:23:06.172  1949  1949 E Gralloc1Allocator: Hisilicon: Allocator1 alloc 2274017536
05-18 18:23:06.175  1962  2035 I vndksupport: sphal namespace is not configured for this process. Loading /vendor/lib/hw/gralloc.bigfish.so from the current namespace instead.
05-18 18:23:06.177  2450  2510 I vndksupport: sphal namespace is not configured for this process. Loading /vendor/lib/hw/gralloc.bigfish.so from the current namespace instead.
05-18 18:23:06.183  1949  1949 E Gralloc1Allocator: Hisilicon: Allocator1 alloc 2274017536
05-18 18:23:06.184  1951  1951 E IPower  : Unknown power hint 8
