05-18 18:23:03.458  2355  2458 D BtGatt.GattService: got characteristic with UUID=0000ffd1-0000-1000-8000-00805f9b34fb
05-18 18:23:03.458  2355  2458 D BtGatt.GattService: got characteristic with UUID=0000ffd2-0000-1000-8000-00805f9b34fb
05-18 18:23:03.458  2355  2458 D BtGatt.GattService: got characteristic with UUID=0000ffd3-0000-1000-8000-00805f9b34fb
05-18 18:23:03.458  2355  2458 D BtGatt.GattService: got characteristic with UUID=0000ffd4-0000-1000-8000-00805f9b34fb
05-18 18:23:03.458  2355  2458 D BtGatt.GattService: got characteristic with UUID=0000ffd5-0000-1000-8000-00805f9b34fb
05-18 18:23:03.458  2355  2458 D BtGatt.GattService: got characteristic with UUID=0000ffd8-0000-1000-8000-00805f9b34fb
05-18 18:23:03.458  2355  2458 D BtGatt.GattService: got characteristic with UUID=0000fff1-0000-1000-8000-00805f9b34fb
05-18 18:23:03.458  2355  2458 D BtGatt.GattService: got characteristic with UUID=0000fff2-0000-1000-8000-00805f9b34fb
05-18 18:23:03.460  2355  2458 D BtGatt.GattService: got service with UUID=00006287-3c17-d293-8e48-14fe2e4da212
05-18 18:23:03.460  2355  2458 D BtGatt.GattService: got characteristic with UUID=00006387-3c17-d293-8e48-14fe2e4da212
05-18 18:23:03.460  2355  2458 D BtGatt.GattService: got characteristic with UUID=00006487-3c17-d293-8e48-14fe2e4da212
05-18 18:23:03.460  2355  2458 D BtGatt.GattService: got descriptor with UUID=00002902-0000-1000-8000-00805f9b34fb
05-18 18:23:03.460  2355  2458 D BtGatt.GattService: got service with UUID=00001802-0000-1000-8000-00805f9b34fb
05-18 18:23:03.460  2355  2458 D BtGatt.GattService: got characteristic with UUID=00002a06-0000-1000-8000-00805f9b34fb
05-18 18:23:03.463  2811  4752 D BluetoothGatt: onSearchComplete() = Device=30:74:96:EA:D3:C3 Status=0
05-18 18:23:03.464  2811  4752 D ReadVersionService: Services discovered
05-18 18:23:03.465  2355  2694 D bt_btm  : btm_bda_to_acl found
05-18 18:23:03.465  2355  2694 D bt_att  : gatt_get_ch_state: ch_state=4
05-18 18:23:03.465  2355  2694 D bt_att  : gatt_process_notification 
05-18 18:23:03.465  2355  2694 D bt_att  : gatt_get_link_encrypt_status status=0x8d
05-18 18:23:03.465  2355  2694 D bt_btif : bta_gattc_cmpl_cback: conn_id = 3 op = 6 status = 141
05-18 18:23:03.465  2355  2694 I bt_att  : GATT_GetConnectionInfor conn_id=3
05-18 18:23:03.465  2355  2694 D bt_btif : bta_gattc_cmpl_cback: conn_id = 4 op = 6 status = 141
05-18 18:23:03.465  2355  2694 I bt_att  : GATT_GetConnectionInfor conn_id=4
05-18 18:23:03.465  2355  2694 D bt_btif : bta_gattc_cmpl_cback: conn_id = 6 op = 6 status = 141
05-18 18:23:03.465  2355  2694 I bt_att  : GATT_GetConnectionInfor conn_id=6
05-18 18:23:03.465  2355  2694 D bt_btif : Notification registered!
05-18 18:23:03.465  2355  2694 D bt_btif : bta_gattc_proc_other_indication check                        p_data->att_value.handle=42 p_data->handle=0
05-18 18:23:03.465  2355  2694 D bt_btif : is_notify
05-18 18:23:03.465  2355  2694 D bt_btif : btif_transfer_context event 10, len 616
05-18 18:23:03.465  2355  2694 D bt_btif : bta_gattc_cmpl_cback: conn_id = 7 op = 6 status = 141
05-18 18:23:03.465  2355  2694 I bt_att  : GATT_GetConnectionInfor conn_id=7
05-18 18:23:03.466  2355  2694 D bt_btm  : btm_bda_to_acl found
05-18 18:23:03.466  2355  2694 D bt_att  : gatt_get_ch_state: ch_state=4
05-18 18:23:03.466  2355  2694 D bt_att  : gatt_end_operation status=0 op=3 subtype=2
05-18 18:23:03.466  2355  2694 D bt_btif : bta_gattc_cmpl_cback: conn_id = 6 op = 3 status = 0
05-18 18:23:03.466  2355  2694 I bt_btif : bta_sys_event: Event 0x1f10
05-18 18:23:03.466  2355  2694 D bt_btif : bta_gattc_hdl_event: Event [BTA_GATTC_OP_CMPL_EVT]
05-18 18:23:03.466  2355  2694 D bt_btif : bta_gattc_sm_execute: State 0x02 [GATTC_CONN_ST], Event 0x1f10[BTA_GATTC_OP_CMPL_EVT]
05-18 18:23:03.466  2355  2694 D bt_btif : bta_gattc_op_cmpl op = 3
05-18 18:23:03.466  2355  2694 I bt_btif : HAL bt_gatt_callbacks->client->write_characteristic_cb
05-18 18:23:03.466  2355  2367 D BtGatt.GattService: readCharacteristic() - address=30:74:96:EA:D3:C3
05-18 18:23:03.471  2355  2458 D bt_btif : btif task fetched event a001
05-18 18:23:03.471  2355  2458 D bt_btif : btif_context_switched
05-18 18:23:03.471  2355  2458 I bt_btif : HAL bt_gatt_callbacks->client->notify_cb
05-18 18:23:03.471  2355  2458 D BtGatt.GattService: onNotify() - address=30:74:96:EA:D3:C3, handle=42, length=3
05-18 18:23:03.473  2355  2458 D BtGatt.GattService: onWriteCharacteristic() - address=30:74:96:EA:D3:C3, status=0
05-18 18:23:03.473  2831  3353 D BluetoothLeService: onCharacteristicChanged()
05-18 18:23:03.473  2355  2694 I bt_btif : bta_sys_event: Event 0x1f04
05-18 18:23:03.473  2355  2694 D bt_btif : bta_gattc_hdl_event: Event [BTA_GATTC_API_READ_EVT]
05-18 18:23:03.473  2355  2694 D bt_btif : bta_gattc_sm_execute: State 0x02 [GATTC_CONN_ST], Event 0x1f04[BTA_GATTC_API_READ_EVT]
05-18 18:23:03.473  2355  2694 I bt_att  : GATTC_Read conn_id=7 type=2
05-18 18:23:03.473  2355  2694 I bt_l2cap: L2CA_SendFixedChnlData()  CID: 0x0004  BDA: 307496ead3c3
05-18 18:23:03.473  2355  2694 D bt_l2cap: TotalWin=15,Hndl=0x10,Quota=16,Unack=1,RRQuota=0,RRUnack=0
05-18 18:23:03.473  2355  2694 D bt_l2cap: l2cu_no_dynamic_ccbs starting IDLE timeout: 65535000 ms
05-18 18:23:03.474  2831  3353 D BluetoothLeService: onCharacteristicWrite(): status = 0
05-18 18:23:03.474  2831  3353 D BluetoothLeService:  onCharacteristicWrite bytes sent = : 3
05-18 18:23:03.475  2831  3370 D BluetoothLeService: readNotificationResponseSync(), time: 1000
05-18 18:23:03.475  2831  3370 D BluetoothLeService: CMD_ENABLE_IR OK
05-18 18:23:03.475  2831  3370 D BluetoothLeService: ===requestSetIrEnable run end===
05-18 18:23:03.475  2831  3370 D BluetoothLeService: ===requestReadIrCodeSetID run begin===
05-18 18:23:03.475  2831  3370 D BluetoothLeService: readCharac()
05-18 18:23:03.477  2355  2367 D BtGatt.GattService: readCharacteristic() - address=30:74:96:EA:D3:C3
05-18 18:23:03.478  2355  2694 I bt_btif : bta_sys_event: Event 0x1f04
05-18 18:23:03.478  2355  2694 D bt_btif : bta_gattc_hdl_event: Event [BTA_GATTC_API_READ_EVT]
05-18 18:23:03.478  2355  2694 D bt_btif : bta_gattc_sm_execute: State 0x02 [GATTC_CONN_ST], Event 0x1f04[BTA_GATTC_API_READ_EVT]
05-18 18:23:03.478  2355  2694 I bt_att  : GATTC_Read conn_id=6 type=2
05-18 18:23:03.480  2355  2694 D bt_l2cap: TotalWin=16,LinkUnack(0x10)=0,RRCheck=0,RRUnack=0
05-18 18:23:03.481  2450  4772 I RemoteAIDL: handle: { when=-41ms what=10 target=android.os.Handler }
05-18 18:23:03.495  2355  2694 D bt_btm  : btm_bda_to_acl found
05-18 18:23:03.495  2355  2694 D bt_att  : gatt_get_ch_state: ch_state=4
05-18 18:23:03.495  2355  2694 D bt_att  : gatt_end_operation status=0 op=2 subtype=2
05-18 18:23:03.495  2355  2694 D bt_btif : bta_gattc_cmpl_cback: conn_id = 7 op = 2 status = 0
05-18 18:23:03.495  2355  2694 I bt_l2cap: L2CA_SendFixedChnlData()  CID: 0x0004  BDA: 307496ead3c3
05-18 18:23:03.496  2355  2694 D bt_l2cap: TotalWin=15,Hndl=0x10,Quota=16,Unack=1,RRQuota=0,RRUnack=0
05-18 18:23:03.496  2355  2694 D bt_l2cap: l2cu_no_dynamic_ccbs starting IDLE timeout: 65535000 ms
05-18 18:23:03.496  2355  2694 I bt_btif : bta_sys_event: Event 0x1f10
05-18 18:23:03.496  2355  2694 D bt_btif : bta_gattc_hdl_event: Event [BTA_GATTC_OP_CMPL_EVT]
05-18 18:23:03.496  2355  2694 D bt_btif : bta_gattc_sm_execute: State 0x02 [GATTC_CONN_ST], Event 0x1f10[BTA_GATTC_OP_CMPL_EVT]
05-18 18:23:03.496  2355  2694 D bt_btif : bta_gattc_op_cmpl op = 2
05-18 18:23:03.496  2355  2694 I bt_btif : HAL bt_gatt_callbacks->client->read_characteristic_cb
05-18 18:23:03.496  2355  2694 D bt_btm  : btm_bda_to_acl found
05-18 18:23:03.496  2355  2694 D bt_att  : gatt_get_ch_state: ch_state=4
05-18 18:23:03.496  2355  2694 D bt_att  : gatt_process_notification 
05-18 18:23:03.496  2355  2694 D bt_att  : gatt_get_link_encrypt_status status=0x8d
05-18 18:23:03.496  2355  2694 D bt_btif : bta_gattc_cmpl_cback: conn_id = 3 op = 6 status = 141
05-18 18:23:03.496  2355  2694 I bt_att  : GATT_GetConnectionInfor conn_id=3
05-18 18:23:03.496  2355  2694 D bt_btif : bta_gattc_cmpl_cback: conn_id = 4 op = 6 status = 141
05-18 18:23:03.496  2355  2694 I bt_att  : GATT_GetConnectionInfor conn_id=4
05-18 18:23:03.496  2355  2694 D bt_btif : Notification registered!
05-18 18:23:03.496  2355  2694 D bt_btif : bta_gattc_proc_other_indication check                        p_data->att_value.handle=22 p_data->handle=0
05-18 18:23:03.496  2355  2694 D bt_btif : is_notify
05-18 18:23:03.496  2355  2694 D bt_btif : bta_hh_gattc_callback event = 10
05-18 18:23:03.496  2355  2694 D bt_btif : Notification received on report ID: 1
05-18 18:23:03.496  1963  1963 D         : read_message(L587): read buffer res: 0009
05-18 18:23:03.496  2355  2694 E RTKBT_VR_HIDRAW_BEE: RECV HOOK(6) arg={N/A}
05-18 18:23:03.496  2355  2694 D bt_btif : Notification Stolen by RTKBT
05-18 18:23:03.497  2355  2694 D bt_btif : bta_gattc_cmpl_cback: conn_id = 6 op = 6 status = 141
05-18 18:23:03.497  2355  2694 I bt_att  : GATT_GetConnectionInfor conn_id=6
05-18 18:23:03.497  2355  2694 D bt_btif : bta_gattc_cmpl_cback: conn_id = 7 op = 6 status = 141
05-18 18:23:03.497  2355  2694 I bt_att  : GATT_GetConnectionInfor conn_id=7
05-18 18:23:03.497  2355  2458 D BtGatt.GattService: onReadCharacteristic() - address=30:74:96:EA:D3:C3, status=0, length=7
05-18 18:23:03.498  2811  4752 E ReadVersionService: onCharacteristicRead persist.sys.rcuversion
05-18 18:23:03.499  2811  4752 D ReadVersionService: old firmware version: 48 .getValue=[1, 93, 0, 2, 0, 48, 0]
05-18 18:23:03.499  2811  4752 E ReadVersionService: persist.sys.rcuversion set to :48
05-18 18:23:03.499  2210  2312 D KeyLayoutMap: gc: scanCode=103, usageCode=0x00070052 
05-18 18:23:03.499  2210  2312 D KeyLayoutMap: gc: usageCode index =-2
05-18 18:23:03.499  2210  2312 E KeyLayoutMap: gc: index = 100
05-18 18:23:03.499  2210  2312 D KeyLayoutMap: gc: scanCode index =100
05-18 18:23:03.499  2210  2312 D KeyLayoutMap: mapKey: scanCode=103, usageCode=0x00070052 ~ Result keyCode=19, outFlags=0x00000000.
05-18 18:23:03.499  2210  2312 D InputDispatcher: notifyKey - eventTime=117056374000, deviceId=4, source=0x301, policyFlags=0x0, action=0x1, flags=0x8, keyCode=0x13, scanCode=0x67, metaState=0x0, downTime=116965217000
05-18 18:23:03.500  2210  2312 D WindowManager: interceptKeyTq keycode=19 interactive=true keyguardActive=false policyFlags=22000000
05-18 18:23:03.500  2210  2312 D WindowManager: isSystemFilter, sys.isHandleSystemKey=1isUserSetupComplete->trueisDeviceProvisioned->true
05-18 18:23:03.501  2210  2312 D WindowManager: isSystemFilter, sys.isHandleSystemKey=1isUserSetupComplete->trueisDeviceProvisioned->true
05-18 18:23:03.501  2210  2312 D WindowManager: interceptKeyTq result=1
05-18 18:23:03.501  2210  2210 D AccessibilityManagerService: onKeyEvent, service=com.nttdocomo.android.devicehelp.access.AccessibilityServiceEx, mRequestFilterKey=true, mServiceInterface=non-null, mInfo->cap=9
05-18 18:23:03.505  2210  3056 D KeyEventDispatcher: setOnKeyEventResult, call back from client.
05-18 18:23:03.506  2210  2210 D InputDispatcher: injectInputEvent - eventType=1, injectorPid=0, injectorUid=0, syncMode=0, timeoutMillis=0, policyFlags=0x66000000
05-18 18:23:03.506  2210  2311 D InputDispatcher: mPendingEvent->type=2 (0:CONFIGURATION_CHANGED, 1:DEVICE_RESET, 2:KEY).
05-18 18:23:03.506  2210  2311 D WindowManager: interceptKeyTi keyCode=19 down=false repeatCount=0 keyguardOn=false mHomePressed=false canceled=false
05-18 18:23:03.506  2210  2311 D WindowManager: interceptKeyTp result=0
05-18 18:23:03.506  2210  2311 D InputDispatcher: InterceptKeyBeforeDispatching, delay = 0.
05-18 18:23:03.506  2210  2311 D InputDispatcher: mPendingEvent->type=2 (0:CONFIGURATION_CHANGED, 1:DEVICE_RESET, 2:KEY).
05-18 18:23:03.506  2811  4752 D ReadVersionService: Enable wifi_cts function
05-18 18:23:03.506  2210  2311 D InputDispatcher: mPendingEvent->type=2 (0:CONFIGURATION_CHANGED, 1:DEVICE_RESET, 2:KEY).
05-18 18:23:03.506  2210  2311 D WindowManager: interceptKeyTi keyCode=19 down=false repeatCount=0 keyguardOn=false mHomePressed=false canceled=false
05-18 18:23:03.506  2210  2311 D WindowManager: interceptKeyTp result=0
05-18 18:23:03.506  2210  2311 D InputDispatcher: InterceptKeyBeforeDispatching, delay = 0.
05-18 18:23:03.506  2210  2311 D InputDispatcher: mPendingEvent->type=2 (0:CONFIGURATION_CHANGED, 1:DEVICE_RESET, 2:KEY).
05-18 18:23:03.508  2811  4752 D ReadVersionService: Disconnecting from the device...
05-18 18:23:03.508  2811  4752 D BluetoothGatt: cancelOpen() - device: 30:74:96:EA:D3:C3
05-18 18:23:03.508  2210  2311 I InputDispatcher: Window 'Window{8f87ac8 u0 com.nttdocomo.android.atvhome/com.nttdocomo.android.atvhome.activity.HomeActivity}' spent 1.5ms processing the last input event: KeyEvent(deviceId=4, source=0x00000301, action=1, flags=0x00000008, keyCode=19, scanCode=103, metaState=0x00000000, repeatCount=0), policyFlags=0x67000000
05-18 18:23:03.511  2355  2367 D BtGatt.GattService: clientDisconnect() - address=30:74:96:EA:D3:C3, connId=7
05-18 18:23:03.511  2355  2694 D bt_l2cap: TotalWin=16,LinkUnack(0x10)=0,RRCheck=0,RRUnack=0
05-18 18:23:03.511  2355  2694 I bt_btif : bta_sys_event: Event 0x1f08
05-18 18:23:03.511  2355  2694 D bt_btif : bta_gattc_hdl_event: Event [BTA_GATTC_API_CLOSE_EVT]
05-18 18:23:03.511  2355  2694 D bt_btif : bta_gattc_sm_execute: State 0x02 [GATTC_CONN_ST], Event 0x1f08[BTA_GATTC_API_CLOSE_EVT]
05-18 18:23:03.511  2355  2694 D bt_btif : bta_gattc_close conn_id=7
05-18 18:23:03.511  2355  2694 I bt_att  : GATT_Disconnect conn_id=7 
05-18 18:23:03.511  2355  2694 D bt_att  : gatt_update_app_use_link_flag: is_add=0 chk_link=1
05-18 18:23:03.511  2355  2694 D bt_att  : gatt_update_app_hold_link_status: removed gatt_if=7 idx=3
05-18 18:23:03.511  2355  2694 D bt_btm  : BTM_GetHCIConnHandle
05-18 18:23:03.511  2355  2694 D bt_btm  : btm_bda_to_acl found
05-18 18:23:03.511  2355  2694 D bt_att  : gatt_num_apps_hold_link   num=3
05-18 18:23:03.512  2355  2694 D bt_btif : btif_transfer_context event 5, len 616
05-18 18:23:03.512  2355  2694 D bt_btif : GATTC State Change: [GATTC_CONN_ST] -> [GATTC_IDLE_ST] after Event [BTA_GATTC_API_CLOSE_EVT]
05-18 18:23:03.512  2355  2458 D bt_btif : btif task fetched event a001
05-18 18:23:03.512  2355  2694 I bt_btif : bta_sys_event: Event 0x1f02
05-18 18:23:03.512  2355  2458 D bt_btif : btif_context_switched
05-18 18:23:03.512  2355  2694 D bt_btif : bta_gattc_hdl_event: Event [BTA_GATTC_API_CANCEL_OPEN_EVT]
05-18 18:23:03.512  2355  2458 I bt_btif : HAL bt_gatt_callbacks->client->close_cb
05-18 18:23:03.512  2355  2694 I bt_att  : GATT_CancelConnect gatt_if=7
05-18 18:23:03.512  2355  2694 D bt_att  : gatt_update_app_use_link_flag: is_add=0 chk_link=0
05-18 18:23:03.512  2355  2694 D bt_att  : gatt_update_app_hold_link_status: gatt_if=7 not found; is_add=0
05-18 18:23:03.512  2355  2694 I bt_att  : gatt_update_auto_connect_dev 
05-18 18:23:03.512  2355  2694 E bt_btif : bta_gattc_cancel_bk_conn failed
05-18 18:23:03.512  2355  2694 D bt_btif : btif_transfer_context event 14, len 616
05-18 18:23:03.512  2355  2458 D BtGatt.GattService: onDisconnected() - clientIf=7, connId=7, address=30:74:96:EA:D3:C3
05-18 18:23:03.512  2355  2458 D bt_btif : btif task fetched event a001
05-18 18:23:03.512  2355  2458 D bt_btif : btif_context_switched
05-18 18:23:03.512  2811  4752 D BluetoothGatt: onClientConnectionState() - status=0 clientIf=7 device=30:74:96:EA:D3:C3
05-18 18:23:03.513  2811  4752 I ReadVersionService: Disconnected from GATT server
05-18 18:23:03.513  2811  4752 D ReadVersionService: Cleaning up...
05-18 18:23:03.513  2811  4752 D BluetoothGatt: close()
05-18 18:23:03.513  2811  4752 D BluetoothGatt: unregisterApp() - mClientIf=7
05-18 18:23:03.514  2355  2367 D BtGatt.GattService: unregisterClient() - clientIf=7
05-18 18:23:03.515  2355  2694 I bt_btif : bta_sys_event: Event 0x1f13
05-18 18:23:03.515  2355  2694 D bt_btif : bta_gattc_hdl_event: Event [BTA_GATTC_API_DEREG_EVT]
05-18 18:23:03.515  2355  2694 I bt_att  : GATT_Deregister gatt_if=7
05-18 18:23:03.515  2355  2694 D bt_att  : gatt_get_ch_state: ch_state=4
05-18 18:23:03.515  2355  2694 D bt_att  : gatt_update_app_use_link_flag: is_add=0 chk_link=1
05-18 18:23:03.515  2355  2694 D bt_att  : gatt_update_app_hold_link_status: gatt_if=7 not found; is_add=0
05-18 18:23:03.515  2355  2694 D bt_btif : btif_transfer_context event 1, len 616
05-18 18:23:03.515  2355  2458 D bt_btif : btif task fetched event a001
05-18 18:23:03.515  2355  2458 D bt_btif : btif_context_switched
05-18 18:23:03.527  2355  2694 D bt_btm  : btm_bda_to_acl found
05-18 18:23:03.527  2355  2694 D bt_att  : gatt_get_ch_state: ch_state=4
05-18 18:23:03.528  2355  2694 D bt_att  : gatt_end_operation status=0 op=2 subtype=2
05-18 18:23:03.528  2355  2694 D bt_btif : bta_gattc_cmpl_cback: conn_id = 6 op = 2 status = 0
05-18 18:23:03.528  2355  2694 I bt_btif : bta_sys_event: Event 0x1f10
05-18 18:23:03.528  2355  2694 D bt_btif : bta_gattc_hdl_event: Event [BTA_GATTC_OP_CMPL_EVT]
05-18 18:23:03.528  2355  2694 D bt_btif : bta_gattc_sm_execute: State 0x02 [GATTC_CONN_ST], Event 0x1f10[BTA_GATTC_OP_CMPL_EVT]
05-18 18:23:03.528  2355  2694 D bt_btif : bta_gattc_op_cmpl op = 2
05-18 18:23:03.528  2355  2694 I bt_btif : HAL bt_gatt_callbacks->client->read_characteristic_cb
05-18 18:23:03.528  2355  2458 D BtGatt.GattService: onReadCharacteristic() - address=30:74:96:EA:D3:C3, status=0, length=2
05-18 18:23:03.529  2831  3353 D BluetoothLeService: onCharacteristicRead(): status = 0
05-18 18:23:03.530  2831  3353 I BluetoothLeService: onCharacteristicRead(): mReceivedReadData = [0, 18]
05-18 18:23:03.530  2831  3370 D BluetoothLeService: codesetid =18
05-18 18:23:03.530  2831  3370 D BluetoothLeService: ===requestReadIrCodeSetID run end===
05-18 18:23:03.530  2831  2831 D RcuModeService: Recv ACTION_GET_IR_CODESET_ID 
05-18 18:23:03.531  2831  2831 D RcuModeService: onReadCodeSetId
05-18 18:23:03.531  2450  2450 I RemoteAIDL: handle: { when=0 what=11 arg1=18 target=android.os.Handler }
05-18 18:23:03.532  2450  4772 I RemoteAIDL: handle: { when=0 what=11 arg1=18 target=android.os.Handler }
05-18 18:23:03.532  2450  4772 D RemoteAIDL: codeKeyName = Code_0018.bin ; msg.arg1 = 18
05-18 18:23:03.533  2450  2450 D RemoteAIDL: codeKeyName = Code_0018.bin ; msg.arg1 = 18
05-18 18:23:03.546  2450  4772 I AutoIRSetter: serviceModel get Code success
05-18 18:23:03.547  2450  4772 I com.android.tv.settings: Looking for service vendor.hisilicon.hardware.hwdisplay@1.0::IHwdisplay/default
05-18 18:23:03.550  2450  4772 I com.android.tv.settings: Starting thread pool.
05-18 18:23:03.552  1954  1954 I HiDisplaySetting: <<<<<<Manufacture Infomation>>>>>>
05-18 18:23:03.552  1954  1954 I HiDisplaySetting: 
05-18 18:23:03.552  1954  1954 I HiDisplaySetting: Manufacture Name:SNY,
05-18 18:23:03.552  1954  1954 I HiDisplaySetting:  Sink Name:SONY TV
05-18 18:23:03.552  1954  1954 I HiDisplaySetting:      
05-18 18:23:03.552  1954  1954 I HiDisplaySetting: Product Code:12290,
05-18 18:23:03.552  1954  1954 I HiDisplaySetting:  Serial Number:16843009,
05-18 18:23:03.552  1954  1954 I HiDisplaySetting: Manufacture Week:1,        
05-18 18:23:03.552  1954  1954 I HiDisplaySetting: Manufacture Year:2011,
05-18 18:23:03.552  1954  1954 I HiDisplaySetting: TV Size:W 0,H 0 
05-18 18:23:03.553  2450  4772 I AutoIRSetter: GetManufactureInfo success
05-18 18:23:03.558  2450  4772 I RemoteControlDatabase: language en
05-18 18:23:03.567  2450  4772 I AutoIRSetter: not get Auto code name
05-18 18:23:03.569  2831  3353 D RcuModeService: unregisterCallback
05-18 18:23:03.592  1944  2519 I rtk_parse: : receive invite rsp from wifi msg : þ
05-18 18:23:03.592  1944  2519 I rtk_parse: : rtk_prof.polling_enable is 1
05-18 18:23:03.592  1944  2519 I rtk_parse: : receive bt info control event from wifi, polling enable is 0x1, polling time is 0x2, auto report is 0x1
05-18 18:23:03.592  1944  2519 I rtk_parse: : rtk_vendor_cmd_to_fw: Opcode:fc8f
05-18 18:23:03.592  1944  2519 I rtk_parse: : begin transmit_command Opcode:fc8f
05-18 18:23:03.592  1944  2519 I rtk_parse: : bt info, length is 0x4, polling_enable is 0x1, poiiling_interval is 2
05-18 18:23:03.592  1944  2519 I rtk_parse: : bt info, reason is 0x0, info length is 0x0
05-18 18:23:03.592  1944  2519 I rtk_parse: : btcoex_chr_send tx_msg:ý
05-18 18:23:03.593  1944  2519 I rtk_parse: : receive invite rsp from wifi msg : ý
05-18 18:23:03.593  1944  2519 I rtk_parse: : receive command complete event from wifi, op code is 0xfd06, status is 0x12
05-18 18:23:03.595  1944  2523 I rtk_parse: : receive mailbox cmd from fw, subcmd is 0x28, status is 0x0
05-18 18:23:03.643  1943  1943 D audio_hal: out_get_latency: out(0x88f830e0) latency=20
05-18 18:23:03.688  1943  1943 D audio_hal: out_get_latency: out(0x88f830e0) latency=20
05-18 18:23:03.815  2831  3341 D RcuModeService: mIsDisplaySupportCec = 1
05-18 18:23:03.815  2831  3341 D RcuModeService: current TvInputSource = 1
05-18 18:23:03.815  2831  3341 D RcuModeService: doModeSync
05-18 18:23:03.815  2831  3341 D RcuModeService: requestSync started mode = 3
05-18 18:23:03.816  2831  3370 D BluetoothLeService: ===requestModelSync run begin===
05-18 18:23:03.816  2831  3370 D BluetoothLeService: Mode 3 write charac
05-18 18:23:03.816  2831  3370 D BluetoothLeService: writePacket()
05-18 18:23:03.816  2355  2367 D BtGatt.GattService: writeCharacteristic() - address=30:74:96:EA:D3:C3
05-18 18:23:03.817  2355  2694 I bt_btif : bta_sys_event: Event 0x1f05
05-18 18:23:03.817  2355  2694 D bt_btif : bta_gattc_hdl_event: Event [BTA_GATTC_API_WRITE_EVT]
05-18 18:23:03.817  2355  2694 D bt_btif : bta_gattc_sm_execute: State 0x02 [GATTC_CONN_ST], Event 0x1f05[BTA_GATTC_API_WRITE_EVT]
05-18 18:23:03.817  2355  2694 I bt_l2cap: L2CA_SendFixedChnlData()  CID: 0x0004  BDA: 307496ead3c3
05-18 18:23:03.817  2355  2694 D bt_l2cap: TotalWin=15,Hndl=0x10,Quota=16,Unack=1,RRQuota=0,RRUnack=0
05-18 18:23:03.817  2355  2694 D bt_l2cap: l2cu_no_dynamic_ccbs starting IDLE timeout: 65535000 ms
05-18 18:23:03.822  2831  3341 D RcuModeService: batteryLevel < MIN_POWER_LEVER or boot completed, so need read battery level 
05-18 18:23:03.823  2831  3341 D RcuModeService: doReadBatteryLevel
05-18 18:23:03.823  2831  3341 D RcuModeService: MSG No 3
05-18 18:23:03.823  2831  3341 D RcuModeService: doChangeRemoteMode
05-18 18:23:03.823  2831  3341 D RcuModeService: isHdmiControlOk
05-18 18:23:03.823  2831  3341 D RcuModeService: SEND GET_CEC_STATUS
05-18 18:23:03.826  2355  2694 D bt_l2cap: TotalWin=16,LinkUnack(0x10)=0,RRCheck=0,RRUnack=0
05-18 18:23:03.826  2355  2694 D bt_btm  : btm_bda_to_acl found
05-18 18:23:03.826  2355  2694 D bt_att  : gatt_get_ch_state: ch_state=4
05-18 18:23:03.826  2355  2694 D bt_att  : gatt_process_notification 
05-18 18:23:03.826  2355  2694 D bt_att  : gatt_get_link_encrypt_status status=0x8d
05-18 18:23:03.826  2355  2694 D bt_btif : bta_gattc_cmpl_cback: conn_id = 3 op = 6 status = 141
05-18 18:23:03.826  2355  2694 I bt_att  : GATT_GetConnectionInfor conn_id=3
05-18 18:23:03.827  2355  2694 D bt_btif : bta_gattc_cmpl_cback: conn_id = 4 op = 6 status = 141
05-18 18:23:03.827  2355  2694 I bt_att  : GATT_GetConnectionInfor conn_id=4
05-18 18:23:03.827  2355  2694 D bt_btif : Notification registered!
05-18 18:23:03.827  2355  2694 D bt_btif : bta_gattc_proc_other_indication check                        p_data->att_value.handle=22 p_data->handle=0
05-18 18:23:03.827  2355  2694 D bt_btif : is_notify
05-18 18:23:03.827  2355  2694 D bt_btif : bta_hh_gattc_callback event = 10
05-18 18:23:03.827  2355  2694 D bt_btif : Notification received on report ID: 1
05-18 18:23:03.827  2355  2694 E RTKBT_VR_HIDRAW_BEE: RECV HOOK(6) arg={N/A}
05-18 18:23:03.827  1963  1963 D         : read_message(L587): read buffer res: 0009
05-18 18:23:03.827  2355  2694 D bt_btif : Notification Stolen by RTKBT
05-18 18:23:03.827  2355  2694 D bt_btif : bta_gattc_cmpl_cback: conn_id = 6 op = 6 status = 141
05-18 18:23:03.827  2355  2694 I bt_att  : GATT_GetConnectionInfor conn_id=6
05-18 18:23:03.827  2210  2312 D KeyLayoutMap: gc: scanCode=106, usageCode=0x0007004f 
05-18 18:23:03.827  2210  2312 D KeyLayoutMap: gc: usageCode index =-2
05-18 18:23:03.827  2210  2312 E KeyLayoutMap: gc: index = 103
05-18 18:23:03.827  2210  2312 D KeyLayoutMap: gc: scanCode index =103
05-18 18:23:03.827  2210  2312 D KeyLayoutMap: mapKey: scanCode=106, usageCode=0x0007004f ~ Result keyCode=22, outFlags=0x00000000.
05-18 18:23:03.827  2210  2312 D InputDispatcher: notifyKey - eventTime=117386791000, deviceId=4, source=0x301, policyFlags=0x1, action=0x0, flags=0x8, keyCode=0x16, scanCode=0x6a, metaState=0x0, downTime=117386791000
05-18 18:23:03.827  2210  2312 D WindowManager: interceptKeyTq keycode=22 interactive=true keyguardActive=false policyFlags=22000001
05-18 18:23:03.828  2210  2312 D WindowManager: isSystemFilter, sys.isHandleSystemKey=1isUserSetupComplete->trueisDeviceProvisioned->true
05-18 18:23:03.828  2210  2312 D WindowManager: isSystemFilter, sys.isHandleSystemKey=1isUserSetupComplete->trueisDeviceProvisioned->true
05-18 18:23:03.829  2210  2312 D WindowManager: filterKeyEvent keycode not exist: 22
05-18 18:23:03.829  2210  2312 D WindowManager: filterKeyEvent isNeedFilter = false
05-18 18:23:03.829  2210  2312 D WindowManager: interceptKeyTq result=1
05-18 18:23:03.829  2210  2210 D AccessibilityManagerService: onKeyEvent, service=com.nttdocomo.android.devicehelp.access.AccessibilityServiceEx, mRequestFilterKey=true, mServiceInterface=non-null, mInfo->cap=9
05-18 18:23:03.834  2210  3056 D KeyEventDispatcher: setOnKeyEventResult, call back from client.
05-18 18:23:03.835  2210  2210 D InputDispatcher: injectInputEvent - eventType=1, injectorPid=0, injectorUid=0, syncMode=0, timeoutMillis=0, policyFlags=0x66000001
05-18 18:23:03.835  2210  2311 D InputDispatcher: mPendingEvent->type=2 (0:CONFIGURATION_CHANGED, 1:DEVICE_RESET, 2:KEY).
05-18 18:23:03.835  2210  2311 D InputDispatcher: dispatchKeyLocked->keyRepeatTimeout=500000000
05-18 18:23:03.835  2210  2311 D WindowManager: interceptKeyTi keyCode=22 down=true repeatCount=0 keyguardOn=false mHomePressed=false canceled=false
05-18 18:23:03.835  2210  2311 D WindowManager: interceptKeyTp result=0
05-18 18:23:03.835  2210  2311 D InputDispatcher: InterceptKeyBeforeDispatching, delay = 0.
05-18 18:23:03.835  2210  2311 D InputDispatcher: mPendingEvent->type=2 (0:CONFIGURATION_CHANGED, 1:DEVICE_RESET, 2:KEY).
05-18 18:23:03.836  2210  2311 I InputDispatcher: Window 'Window{8f87ac8 u0 com.nttdocomo.android.atvhome/com.nttdocomo.android.atvhome.activity.HomeActivity}' spent 0.8ms processing the last input event: KeyEvent(deviceId=4, source=0x00000301, action=0, flags=0x00000008, keyCode=22, scanCode=106, metaState=0x00000000, repeatCount=0), policyFlags=0x67000001
05-18 18:23:03.840  2355  2694 D bt_btm  : btm_bda_to_acl found
05-18 18:23:03.840  2355  2694 D bt_att  : gatt_get_ch_state: ch_state=4
05-18 18:23:03.840  2355  2694 D bt_att  : gatt_process_notification 
05-18 18:23:03.840  2355  2694 D bt_att  : gatt_get_link_encrypt_status status=0x8d
05-18 18:23:03.840  2355  2694 D bt_btif : bta_gattc_cmpl_cback: conn_id = 3 op = 6 status = 141
05-18 18:23:03.840  2355  2694 I bt_att  : GATT_GetConnectionInfor conn_id=3
05-18 18:23:03.840  2355  2694 D bt_btif : bta_gattc_cmpl_cback: conn_id = 4 op = 6 status = 141
05-18 18:23:03.840  2355  2694 I bt_att  : GATT_GetConnectionInfor conn_id=4
05-18 18:23:03.840  2355  2694 D bt_btif : bta_gattc_cmpl_cback: conn_id = 6 op = 6 status = 141
05-18 18:23:03.840  2355  2694 I bt_att  : GATT_GetConnectionInfor conn_id=6
05-18 18:23:03.840  2355  2694 D bt_btif : Notification registered!
05-18 18:23:03.840  2355  2694 D bt_btif : bta_gattc_proc_other_indication check                        p_data->att_value.handle=42 p_data->handle=0
05-18 18:23:03.840  2355  2694 D bt_btif : is_notify
05-18 18:23:03.840  2355  2694 D bt_btif : btif_transfer_context event 10, len 616
05-18 18:23:03.840  2355  2458 D bt_btif : btif task fetched event a001
05-18 18:23:03.840  2355  2458 D bt_btif : btif_context_switched
05-18 18:23:03.840  2355  2458 I bt_btif : HAL bt_gatt_callbacks->client->notify_cb
05-18 18:23:03.840  2355  2458 D BtGatt.GattService: onNotify() - address=30:74:96:EA:D3:C3, handle=42, length=3
05-18 18:23:03.841  2355  2694 D bt_btm  : btm_bda_to_acl found
05-18 18:23:03.841  2355  2694 D bt_att  : gatt_get_ch_state: ch_state=4
05-18 18:23:03.841  2355  2694 D bt_att  : gatt_end_operation status=0 op=3 subtype=2
05-18 18:23:03.841  2355  2694 D bt_btif : bta_gattc_cmpl_cback: conn_id = 6 op = 3 status = 0
05-18 18:23:03.841  2355  2694 I bt_btif : bta_sys_event: Event 0x1f10
05-18 18:23:03.841  2355  2694 D bt_btif : bta_gattc_hdl_event: Event [BTA_GATTC_OP_CMPL_EVT]
05-18 18:23:03.841  2355  2694 D bt_btif : bta_gattc_sm_execute: State 0x02 [GATTC_CONN_ST], Event 0x1f10[BTA_GATTC_OP_CMPL_EVT]
05-18 18:23:03.841  2355  2694 D bt_btif : bta_gattc_op_cmpl op = 3
05-18 18:23:03.841  2355  2694 I bt_btif : HAL bt_gatt_callbacks->client->write_characteristic_cb
05-18 18:23:03.842  2355  2458 D BtGatt.GattService: onWriteCharacteristic() - address=30:74:96:EA:D3:C3, status=0
05-18 18:23:03.842  2831  3353 D BluetoothLeService: onCharacteristicChanged()
05-18 18:23:03.842  2831  3353 D BluetoothLeService: onCharacteristicWrite(): status = 0
05-18 18:23:03.842  2831  3353 D BluetoothLeService:  onCharacteristicWrite bytes sent = : 3
05-18 18:23:03.843  2831  3370 D BluetoothLeService: readNotificationResponseSync(), time: 1000
05-18 18:23:03.844  2831  3370 D BluetoothLeService: Mode Sync Successfully
05-18 18:23:03.844  2831  3370 D BluetoothLeService: ===requestModelSync run end===
05-18 18:23:03.844  2831  3370 D BluetoothLeService: ===requestReadBatteryLevel run begin===
05-18 18:23:03.844  2831  3370 D BluetoothLeService: readCharac()
05-18 18:23:03.845  2355  2367 D BtGatt.GattService: readCharacteristic() - address=30:74:96:EA:D3:C3
05-18 18:23:03.845  2355  2694 I bt_btif : bta_sys_event: Event 0x1f04
05-18 18:23:03.846  2355  2694 D bt_btif : bta_gattc_hdl_event: Event [BTA_GATTC_API_READ_EVT]
05-18 18:23:03.846  2355  2694 D bt_btif : bta_gattc_sm_execute: State 0x02 [GATTC_CONN_ST], Event 0x1f04[BTA_GATTC_API_READ_EVT]
05-18 18:23:03.846  2355  2694 I bt_att  : GATTC_Read conn_id=6 type=2
05-18 18:23:03.846  2355  2694 I bt_l2cap: L2CA_SendFixedChnlData()  CID: 0x0004  BDA: 307496ead3c3
05-18 18:23:03.846  2355  2694 D bt_l2cap: TotalWin=15,Hndl=0x10,Quota=16,Unack=1,RRQuota=0,RRUnack=0
05-18 18:23:03.846  2355  2694 D bt_l2cap: l2cu_no_dynamic_ccbs starting IDLE timeout: 65535000 ms
05-18 18:23:03.855  2355  2694 D bt_l2cap: TotalWin=16,LinkUnack(0x10)=0,RRCheck=0,RRUnack=0
05-18 18:23:03.870  2355  2694 D bt_btm  : btm_bda_to_acl found
05-18 18:23:03.870  2355  2694 D bt_att  : gatt_get_ch_state: ch_state=4
05-18 18:23:03.870  2355  2694 D bt_att  : gatt_end_operation status=0 op=2 subtype=2
05-18 18:23:03.870  2355  2694 D bt_btif : bta_gattc_cmpl_cback: conn_id = 6 op = 2 status = 0
05-18 18:23:03.870  2355  2694 I bt_btif : bta_sys_event: Event 0x1f10
05-18 18:23:03.870  2355  2694 D bt_btif : bta_gattc_hdl_event: Event [BTA_GATTC_OP_CMPL_EVT]
05-18 18:23:03.870  2355  2694 D bt_btif : bta_gattc_sm_execute: State 0x02 [GATTC_CONN_ST], Event 0x1f10[BTA_GATTC_OP_CMPL_EVT]
05-18 18:23:03.870  2355  2694 D bt_btif : bta_gattc_op_cmpl op = 2
05-18 18:23:03.870  2355  2694 I bt_btif : HAL bt_gatt_callbacks->client->read_characteristic_cb
05-18 18:23:03.870  2355  2458 D BtGatt.GattService: onReadCharacteristic() - address=30:74:96:EA:D3:C3, status=0, length=1
05-18 18:23:03.871  2831  2858 D BluetoothLeService: onCharacteristicRead(): status = 0
05-18 18:23:03.871  2831  2858 I BluetoothLeService: onCharacteristicRead(): mReceivedReadData = [-124]
05-18 18:23:03.871  2831  3370 D BluetoothLeService: battery vol =264
05-18 18:23:03.872  2831  3370 W ContextImpl: Calling a method in the system process without a qualified user: android.app.ContextImpl.sendBroadcast:950 android.content.ContextWrapper.sendBroadcast:431 com.huawei.multiremote.BluetoothLeService$4.run:956 android.os.Handler.handleCallback:789 android.os.Handler.dispatchMessage:98 
05-18 18:23:03.875  2831  3370 D BluetoothLeService:  SharedPreferences battery = 264
05-18 18:23:03.875  2831  3370 D BluetoothLeService: ===requestReadBatteryLevel run end===
05-18 18:23:03.975  2355  2694 D bt_btm  : btm_bda_to_acl found
05-18 18:23:03.975  2355  2694 D bt_att  : gatt_get_ch_state: ch_state=4
05-18 18:23:03.975  2355  2694 D bt_att  : gatt_process_notification 
05-18 18:23:03.975  2355  2694 D bt_att  : gatt_get_link_encrypt_status status=0x8d
05-18 18:23:03.975  2355  2694 D bt_btif : bta_gattc_cmpl_cback: conn_id = 3 op = 6 status = 141
05-18 18:23:03.975  2355  2694 I bt_att  : GATT_GetConnectionInfor conn_id=3
05-18 18:23:03.975  2355  2694 D bt_btif : bta_gattc_cmpl_cback: conn_id = 4 op = 6 status = 141
05-18 18:23:03.975  2355  2694 I bt_att  : GATT_GetConnectionInfor conn_id=4
05-18 18:23:03.975  2355  2694 D bt_btif : Notification registered!
05-18 18:23:03.975  2355  2694 D bt_btif : bta_gattc_proc_other_indication check                        p_data->att_value.handle=22 p_data->handle=0
05-18 18:23:03.975  2355  2694 D bt_btif : is_notify
05-18 18:23:03.975  2355  2694 D bt_btif : bta_hh_gattc_callback event = 10
05-18 18:23:03.975  2355  2694 D bt_btif : Notification received on report ID: 1
05-18 18:23:03.975  2355  2694 E RTKBT_VR_HIDRAW_BEE: RECV HOOK(6) arg={N/A}
05-18 18:23:03.975  1963  1963 D         : read_message(L587): read buffer res: 0009
05-18 18:23:03.975  2355  2694 D bt_btif : Notification Stolen by RTKBT
05-18 18:23:03.975  2355  2694 D bt_btif : bta_gattc_cmpl_cback: conn_id = 6 op = 6 status = 141
05-18 18:23:03.975  2355  2694 I bt_att  : GATT_GetConnectionInfor conn_id=6
05-18 18:23:03.975  2210  2312 D KeyLayoutMap: gc: scanCode=106, usageCode=0x0007004f 
05-18 18:23:03.975  2210  2312 D KeyLayoutMap: gc: usageCode index =-2
05-18 18:23:03.975  2210  2312 E KeyLayoutMap: gc: index = 103
05-18 18:23:03.975  2210  2312 D KeyLayoutMap: gc: scanCode index =103
05-18 18:23:03.975  2210  2312 D KeyLayoutMap: mapKey: scanCode=106, usageCode=0x0007004f ~ Result keyCode=22, outFlags=0x00000000.
05-18 18:23:03.976  2210  2312 D InputDispatcher: notifyKey - eventTime=117535230000, deviceId=4, source=0x301, policyFlags=0x0, action=0x1, flags=0x8, keyCode=0x16, scanCode=0x6a, metaState=0x0, downTime=117386791000
05-18 18:23:03.976  2210  2312 D WindowManager: interceptKeyTq keycode=22 interactive=true keyguardActive=false policyFlags=22000000
05-18 18:23:03.976  2210  2312 D WindowManager: isSystemFilter, sys.isHandleSystemKey=1isUserSetupComplete->trueisDeviceProvisioned->true
05-18 18:23:03.977  2210  2312 D WindowManager: isSystemFilter, sys.isHandleSystemKey=1isUserSetupComplete->trueisDeviceProvisioned->true
05-18 18:23:03.977  2210  2312 D WindowManager: interceptKeyTq result=1
05-18 18:23:03.977  2210  2210 D AccessibilityManagerService: onKeyEvent, service=com.nttdocomo.android.devicehelp.access.AccessibilityServiceEx, mRequestFilterKey=true, mServiceInterface=non-null, mInfo->cap=9
05-18 18:23:03.979  2210  2477 D KeyEventDispatcher: setOnKeyEventResult, call back from client.
05-18 18:23:03.979  2210  2210 D InputDispatcher: injectInputEvent - eventType=1, injectorPid=0, injectorUid=0, syncMode=0, timeoutMillis=0, policyFlags=0x66000000
05-18 18:23:03.979  2210  2311 D InputDispatcher: mPendingEvent->type=2 (0:CONFIGURATION_CHANGED, 1:DEVICE_RESET, 2:KEY).
05-18 18:23:03.980  2210  2311 D WindowManager: interceptKeyTi keyCode=22 down=false repeatCount=0 keyguardOn=false mHomePressed=false canceled=false
05-18 18:23:03.980  2210  2311 D WindowManager: interceptKeyTp result=0
05-18 18:23:03.980  2210  2311 D InputDispatcher: InterceptKeyBeforeDispatching, delay = 0.
05-18 18:23:03.980  2210  2311 D InputDispatcher: mPendingEvent->type=2 (0:CONFIGURATION_CHANGED, 1:DEVICE_RESET, 2:KEY).
05-18 18:23:03.991  2210  2311 I InputDispatcher: Window 'Window{8f87ac8 u0 com.nttdocomo.android.atvhome/com.nttdocomo.android.atvhome.activity.HomeActivity}' spent 10.7ms processing the last input event: KeyEvent(deviceId=4, source=0x00000301, action=1, flags=0x00000008, keyCode=22, scanCode=106, metaState=0x00000000, repeatCount=0), policyFlags=0x67000000
05-18 18:23:04.020  2355  2694 D bt_btm  : btm_bda_to_acl found
05-18 18:23:04.020  2355  2694 D bt_att  : gatt_get_ch_state: ch_state=4
05-18 18:23:04.020  2355  2694 D bt_att  : gatt_process_notification 
05-18 18:23:04.020  2355  2694 D bt_att  : gatt_get_link_encrypt_status status=0x8d
05-18 18:23:04.020  2355  2694 D bt_btif : bta_gattc_cmpl_cback: conn_id = 3 op = 6 status = 141
05-18 18:23:04.020  2355  2694 I bt_att  : GATT_GetConnectionInfor conn_id=3
05-18 18:23:04.020  2355  2694 D bt_btif : bta_gattc_cmpl_cback: conn_id = 4 op = 6 status = 141
05-18 18:23:04.020  2355  2694 I bt_att  : GATT_GetConnectionInfor conn_id=4
05-18 18:23:04.020  2355  2694 D bt_btif : Notification registered!
05-18 18:23:04.020  2355  2694 D bt_btif : bta_gattc_proc_other_indication check                        p_data->att_value.handle=22 p_data->handle=0
05-18 18:23:04.020  2355  2694 D bt_btif : is_notify
05-18 18:23:04.020  2355  2694 D bt_btif : bta_hh_gattc_callback event = 10
05-18 18:23:04.020  2355  2694 D bt_btif : Notification received on report ID: 1
05-18 18:23:04.020  1963  1963 D         : read_message(L587): read buffer res: 0009
05-18 18:23:04.020  2355  2694 E RTKBT_VR_HIDRAW_BEE: RECV HOOK(6) arg={N/A}
05-18 18:23:04.020  2355  2694 D bt_btif : Notification Stolen by RTKBT
05-18 18:23:04.020  2355  2694 D bt_btif : bta_gattc_cmpl_cback: conn_id = 6 op = 6 status = 141
05-18 18:23:04.020  2355  2694 I bt_att  : GATT_GetConnectionInfor conn_id=6
05-18 18:23:04.020  2210  2312 D KeyLayoutMap: gc: scanCode=106, usageCode=0x0007004f 
05-18 18:23:04.020  2210  2312 D KeyLayoutMap: gc: usageCode index =-2
05-18 18:23:04.020  2210  2312 E KeyLayoutMap: gc: index = 103
05-18 18:23:04.020  2210  2312 D KeyLayoutMap: gc: scanCode index =103
05-18 18:23:04.020  2210  2312 D KeyLayoutMap: mapKey: scanCode=106, usageCode=0x0007004f ~ Result keyCode=22, outFlags=0x00000000.
05-18 18:23:04.021  2210  2312 D InputDispatcher: notifyKey - eventTime=117580249000, deviceId=4, source=0x301, policyFlags=0x1, action=0x0, flags=0x8, keyCode=0x16, scanCode=0x6a, metaState=0x0, downTime=117580249000
05-18 18:23:04.021  2210  2312 D WindowManager: interceptKeyTq keycode=22 interactive=true keyguardActive=false policyFlags=22000001
05-18 18:23:04.021  2210  2312 D WindowManager: isSystemFilter, sys.isHandleSystemKey=1isUserSetupComplete->trueisDeviceProvisioned->true
05-18 18:23:04.022  2210  2312 D WindowManager: isSystemFilter, sys.isHandleSystemKey=1isUserSetupComplete->trueisDeviceProvisioned->true
05-18 18:23:04.022  2210  2312 D WindowManager: filterKeyEvent do not filter this key. < 22 >
05-18 18:23:04.022  2210  2312 D WindowManager: filterKeyEvent isNeedFilter = false
05-18 18:23:04.022  2210  2312 D WindowManager: interceptKeyTq result=1
05-18 18:23:04.022  2210  2210 D AccessibilityManagerService: onKeyEvent, service=com.nttdocomo.android.devicehelp.access.AccessibilityServiceEx, mRequestFilterKey=true, mServiceInterface=non-null, mInfo->cap=9
05-18 18:23:04.031  2210  2477 D KeyEventDispatcher: setOnKeyEventResult, call back from client.
05-18 18:23:04.032  2210  2210 D InputDispatcher: injectInputEvent - eventType=1, injectorPid=0, injectorUid=0, syncMode=0, timeoutMillis=0, policyFlags=0x66000001
05-18 18:23:04.032  2210  2311 D InputDispatcher: mPendingEvent->type=2 (0:CONFIGURATION_CHANGED, 1:DEVICE_RESET, 2:KEY).
05-18 18:23:04.032  2210  2311 D InputDispatcher: dispatchKeyLocked->keyRepeatTimeout=500000000
05-18 18:23:04.032  2210  2311 D WindowManager: interceptKeyTi keyCode=22 down=true repeatCount=0 keyguardOn=false mHomePressed=false canceled=false
05-18 18:23:04.033  2210  2311 D WindowManager: interceptKeyTp result=0
05-18 18:23:04.033  2210  2311 D InputDispatcher: InterceptKeyBeforeDispatching, delay = 0.
05-18 18:23:04.033  2210  2311 D InputDispatcher: mPendingEvent->type=2 (0:CONFIGURATION_CHANGED, 1:DEVICE_RESET, 2:KEY).
05-18 18:23:04.034  2210  2311 I InputDispatcher: Window 'Window{8f87ac8 u0 com.nttdocomo.android.atvhome/com.nttdocomo.android.atvhome.activity.HomeActivity}' spent 1.1ms processing the last input event: KeyEvent(deviceId=4, source=0x00000301, action=0, flags=0x00000008, keyCode=22, scanCode=106, metaState=0x00000000, repeatCount=0), policyFlags=0x67000001
05-18 18:23:04.125  2355  2694 D bt_btm  : btm_bda_to_acl found
05-18 18:23:04.125  2355  2694 D bt_att  : gatt_get_ch_state: ch_state=4
05-18 18:23:04.125  2355  2694 D bt_att  : gatt_process_notification 
05-18 18:23:04.125  2355  2694 D bt_att  : gatt_get_link_encrypt_status status=0x8d
05-18 18:23:04.125  2355  2694 D bt_btif : bta_gattc_cmpl_cback: conn_id = 3 op = 6 status = 141
05-18 18:23:04.125  2355  2694 I bt_att  : GATT_GetConnectionInfor conn_id=3
05-18 18:23:04.125  2355  2694 D bt_btif : bta_gattc_cmpl_cback: conn_id = 4 op = 6 status = 141
05-18 18:23:04.125  2355  2694 I bt_att  : GATT_GetConnectionInfor conn_id=4
05-18 18:23:04.125  2355  2694 D bt_btif : Notification registered!
05-18 18:23:04.125  2355  2694 D bt_btif : bta_gattc_proc_other_indication check                        p_data->att_value.handle=22 p_data->handle=0
05-18 18:23:04.125  2355  2694 D bt_btif : is_notify
05-18 18:23:04.125  2355  2694 D bt_btif : bta_hh_gattc_callback event = 10
05-18 18:23:04.125  2355  2694 D bt_btif : Notification received on report ID: 1
05-18 18:23:04.125  2355  2694 E RTKBT_VR_HIDRAW_BEE: RECV HOOK(6) arg={N/A}
05-18 18:23:04.125  1963  1963 D         : read_message(L587): read buffer res: 0009
05-18 18:23:04.125  2355  2694 D bt_btif : Notification Stolen by RTKBT
05-18 18:23:04.125  2355  2694 D bt_btif : bta_gattc_cmpl_cback: conn_id = 6 op = 6 status = 141
05-18 18:23:04.125  2355  2694 I bt_att  : GATT_GetConnectionInfor conn_id=6
05-18 18:23:04.125  2210  2312 D KeyLayoutMap: gc: scanCode=106, usageCode=0x0007004f 
05-18 18:23:04.126  2210  2312 D KeyLayoutMap: gc: usageCode index =-2
05-18 18:23:04.126  2210  2312 E KeyLayoutMap: gc: index = 103
05-18 18:23:04.126  2210  2312 D KeyLayoutMap: gc: scanCode index =103
05-18 18:23:04.126  2210  2312 D KeyLayoutMap: mapKey: scanCode=106, usageCode=0x0007004f ~ Result keyCode=22, outFlags=0x00000000.
05-18 18:23:04.126  2210  2312 D InputDispatcher: notifyKey - eventTime=117685204000, deviceId=4, source=0x301, policyFlags=0x0, action=0x1, flags=0x8, keyCode=0x16, scanCode=0x6a, metaState=0x0, downTime=117580249000
05-18 18:23:04.126  2210  2312 D WindowManager: interceptKeyTq keycode=22 interactive=true keyguardActive=false policyFlags=22000000
05-18 18:23:04.126  2210  2312 D WindowManager: isSystemFilter, sys.isHandleSystemKey=1isUserSetupComplete->trueisDeviceProvisioned->true
05-18 18:23:04.128  2210  2312 D WindowManager: isSystemFilter, sys.isHandleSystemKey=1isUserSetupComplete->trueisDeviceProvisioned->true
05-18 18:23:04.128  2210  2312 D WindowManager: interceptKeyTq result=1
05-18 18:23:04.128  2210  2210 D AccessibilityManagerService: onKeyEvent, service=com.nttdocomo.android.devicehelp.access.AccessibilityServiceEx, mRequestFilterKey=true, mServiceInterface=non-null, mInfo->cap=9
05-18 18:23:04.131  2210  2477 D KeyEventDispatcher: setOnKeyEventResult, call back from client.
05-18 18:23:04.131  2210  2210 D InputDispatcher: injectInputEvent - eventType=1, injectorPid=0, injectorUid=0, syncMode=0, timeoutMillis=0, policyFlags=0x66000000
05-18 18:23:04.131  2210  2311 D InputDispatcher: mPendingEvent->type=2 (0:CONFIGURATION_CHANGED, 1:DEVICE_RESET, 2:KEY).
05-18 18:23:04.132  2210  2311 D WindowManager: interceptKeyTi keyCode=22 down=false repeatCount=0 keyguardOn=false mHomePressed=false canceled=false
05-18 18:23:04.132  2210  2311 D WindowManager: interceptKeyTp result=0
05-18 18:23:04.132  2210  2311 D InputDispatcher: InterceptKeyBeforeDispatching, delay = 0.
05-18 18:23:04.132  2210  2311 D InputDispatcher: mPendingEvent->type=2 (0:CONFIGURATION_CHANGED, 1:DEVICE_RESET, 2:KEY).
05-18 18:23:04.141  2210  2311 I InputDispatcher: Window 'Window{8f87ac8 u0 com.nttdocomo.android.atvhome/com.nttdocomo.android.atvhome.activity.HomeActivity}' spent 9.3ms processing the last input event: KeyEvent(deviceId=4, source=0x00000301, action=1, flags=0x00000008, keyCode=22, scanCode=106, metaState=0x00000000, repeatCount=0), policyFlags=0x67000000
05-18 18:23:04.200  2355  2694 D bt_btm  : btm_bda_to_acl found
05-18 18:23:04.200  2355  2694 D bt_att  : gatt_get_ch_state: ch_state=4
05-18 18:23:04.200  2355  2694 D bt_att  : gatt_process_notification 
05-18 18:23:04.200  2355  2694 D bt_att  : gatt_get_link_encrypt_status status=0x8d
05-18 18:23:04.200  2355  2694 D bt_btif : bta_gattc_cmpl_cback: conn_id = 3 op = 6 status = 141
05-18 18:23:04.200  2355  2694 I bt_att  : GATT_GetConnectionInfor conn_id=3
05-18 18:23:04.200  2355  2694 D bt_btif : bta_gattc_cmpl_cback: conn_id = 4 op = 6 status = 141
05-18 18:23:04.200  2355  2694 I bt_att  : GATT_GetConnectionInfor conn_id=4
05-18 18:23:04.200  2355  2694 D bt_btif : Notification registered!
05-18 18:23:04.200  2355  2694 D bt_btif : bta_gattc_proc_other_indication check                        p_data->att_value.handle=22 p_data->handle=0
05-18 18:23:04.200  2355  2694 D bt_btif : is_notify
05-18 18:23:04.200  2355  2694 D bt_btif : bta_hh_gattc_callback event = 10
05-18 18:23:04.200  2355  2694 D bt_btif : Notification received on report ID: 1
05-18 18:23:04.201  2355  2694 E RTKBT_VR_HIDRAW_BEE: RECV HOOK(6) arg={N/A}
05-18 18:23:04.201  2355  2694 D bt_btif : Notification Stolen by RTKBT
05-18 18:23:04.201  2355  2694 D bt_btif : bta_gattc_cmpl_cback: conn_id = 6 op = 6 status = 141
05-18 18:23:04.201  2355  2694 I bt_att  : GATT_GetConnectionInfor conn_id=6
05-18 18:23:04.201  2210  2312 D KeyLayoutMap: gc: scanCode=106, usageCode=0x0007004f 
05-18 18:23:04.201  2210  2312 D KeyLayoutMap: gc: usageCode index =-2
05-18 18:23:04.201  2210  2312 E KeyLayoutMap: gc: index = 103
05-18 18:23:04.201  2210  2312 D KeyLayoutMap: gc: scanCode index =103
05-18 18:23:04.201  2210  2312 D KeyLayoutMap: mapKey: scanCode=106, usageCode=0x0007004f ~ Result keyCode=22, outFlags=0x00000000.
05-18 18:23:04.201  1963  1963 D         : read_message(L587): read buffer res: 0009
05-18 18:23:04.201  2210  2312 D InputDispatcher: notifyKey - eventTime=117760642000, deviceId=4, source=0x301, policyFlags=0x1, action=0x0, flags=0x8, keyCode=0x16, scanCode=0x6a, metaState=0x0, downTime=117760642000
05-18 18:23:04.202  2210  2312 D WindowManager: interceptKeyTq keycode=22 interactive=true keyguardActive=false policyFlags=22000001
05-18 18:23:04.202  2210  2312 D WindowManager: isSystemFilter, sys.isHandleSystemKey=1isUserSetupComplete->trueisDeviceProvisioned->true
05-18 18:23:04.203  2210  2312 D WindowManager: isSystemFilter, sys.isHandleSystemKey=1isUserSetupComplete->trueisDeviceProvisioned->true
05-18 18:23:04.203  2210  2312 D WindowManager: filterKeyEvent do not filter this key. < 22 >
05-18 18:23:04.203  2210  2312 D WindowManager: filterKeyEvent isNeedFilter = false
05-18 18:23:04.203  2210  2312 D WindowManager: interceptKeyTq result=1
05-18 18:23:04.203  2210  2210 D AccessibilityManagerService: onKeyEvent, service=com.nttdocomo.android.devicehelp.access.AccessibilityServiceEx, mRequestFilterKey=true, mServiceInterface=non-null, mInfo->cap=9
05-18 18:23:04.212  2210  3056 D KeyEventDispatcher: setOnKeyEventResult, call back from client.
05-18 18:23:04.212  2210  2210 D InputDispatcher: injectInputEvent - eventType=1, injectorPid=0, injectorUid=0, syncMode=0, timeoutMillis=0, policyFlags=0x66000001
05-18 18:23:04.212  2210  2311 D InputDispatcher: mPendingEvent->type=2 (0:CONFIGURATION_CHANGED, 1:DEVICE_RESET, 2:KEY).
05-18 18:23:04.212  2210  2311 D InputDispatcher: dispatchKeyLocked->keyRepeatTimeout=500000000
05-18 18:23:04.213  2210  2311 D WindowManager: interceptKeyTi keyCode=22 down=true repeatCount=0 keyguardOn=false mHomePressed=false canceled=false
05-18 18:23:04.213  2210  2311 D WindowManager: interceptKeyTp result=0
05-18 18:23:04.213  2210  2311 D InputDispatcher: InterceptKeyBeforeDispatching, delay = 0.
05-18 18:23:04.213  2210  2311 D InputDispatcher: mPendingEvent->type=2 (0:CONFIGURATION_CHANGED, 1:DEVICE_RESET, 2:KEY).
05-18 18:23:04.216  2210  2311 I InputDispatcher: Window 'Window{8f87ac8 u0 com.nttdocomo.android.atvhome/com.nttdocomo.android.atvhome.activity.HomeActivity}' spent 2.7ms processing the last input event: KeyEvent(deviceId=4, source=0x00000301, action=0, flags=0x00000008, keyCode=22, scanCode=106, metaState=0x00000000, repeatCount=0), policyFlags=0x67000001
05-18 18:23:04.305  2355  2694 D bt_btm  : btm_bda_to_acl found
05-18 18:23:04.305  2355  2694 D bt_att  : gatt_get_ch_state: ch_state=4
05-18 18:23:04.305  2355  2694 D bt_att  : gatt_process_notification 
05-18 18:23:04.305  2355  2694 D bt_att  : gatt_get_link_encrypt_status status=0x8d
05-18 18:23:04.305  2355  2694 D bt_btif : bta_gattc_cmpl_cback: conn_id = 3 op = 6 status = 141
05-18 18:23:04.305  2355  2694 I bt_att  : GATT_GetConnectionInfor conn_id=3
05-18 18:23:04.305  2355  2694 D bt_btif : bta_gattc_cmpl_cback: conn_id = 4 op = 6 status = 141
05-18 18:23:04.305  2355  2694 I bt_att  : GATT_GetConnectionInfor conn_id=4
05-18 18:23:04.305  2355  2694 D bt_btif : Notification registered!
05-18 18:23:04.305  2355  2694 D bt_btif : bta_gattc_proc_other_indication check                        p_data->att_value.handle=22 p_data->handle=0
05-18 18:23:04.305  2355  2694 D bt_btif : is_notify
